<?xml version="1.0"?>
<link_info>
   <banner>TI ARM Linker PC v5.2.5</banner>
   <copyright>Copyright (c) 1996-2015 Texas Instruments Incorporated</copyright>
   <link_time>0x572a885f</link_time>
   <link_errors>0x0</link_errors>
   <output_file>Part3_Working.out</output_file>
   <entry_point>
      <name>_c_int00</name>
      <address>0x20009575</address>
   </entry_point>
   <input_file_list>
      <input_file id="fl-2">
         <path>.\</path>
         <kind>object</kind>
         <file>Adafruit_GFX.obj</file>
         <name>Adafruit_GFX.obj</name>
      </input_file>
      <input_file id="fl-3">
         <path>.\</path>
         <kind>object</kind>
         <file>Adafruit_OLED.obj</file>
         <name>Adafruit_OLED.obj</name>
      </input_file>
      <input_file id="fl-4">
         <path>.\</path>
         <kind>object</kind>
         <file>main.obj</file>
         <name>main.obj</name>
      </input_file>
      <input_file id="fl-5">
         <path>.\</path>
         <kind>object</kind>
         <file>pinmux.obj</file>
         <name>pinmux.obj</name>
      </input_file>
      <input_file id="fl-6">
         <path>.\</path>
         <kind>object</kind>
         <file>startup_ccs.obj</file>
         <name>startup_ccs.obj</name>
      </input_file>
      <input_file id="fl-7">
         <path>.\</path>
         <kind>object</kind>
         <file>test.obj</file>
         <name>test.obj</name>
      </input_file>
      <input_file id="fl-8">
         <path>.\</path>
         <kind>object</kind>
         <file>uart_if.obj</file>
         <name>uart_if.obj</name>
      </input_file>
      <input_file id="fl-12f">
         <path>C:\ti\ccsv6\tools\compiler\ti-cgt-arm_5.2.5\lib\</path>
         <kind>archive</kind>
         <file>rtsv7M4_T_le_eabi.lib</file>
         <name>boot.obj</name>
      </input_file>
      <input_file id="fl-130">
         <path>C:\ti\ccsv6\tools\compiler\ti-cgt-arm_5.2.5\lib\</path>
         <kind>archive</kind>
         <file>rtsv7M4_T_le_eabi.lib</file>
         <name>copy_decompress_none.obj</name>
      </input_file>
      <input_file id="fl-131">
         <path>C:\ti\ccsv6\tools\compiler\ti-cgt-arm_5.2.5\lib\</path>
         <kind>archive</kind>
         <file>rtsv7M4_T_le_eabi.lib</file>
         <name>copy_decompress_rle.obj</name>
      </input_file>
      <input_file id="fl-132">
         <path>C:\ti\ccsv6\tools\compiler\ti-cgt-arm_5.2.5\lib\</path>
         <kind>archive</kind>
         <file>rtsv7M4_T_le_eabi.lib</file>
         <name>copy_zero_init.obj</name>
      </input_file>
      <input_file id="fl-133">
         <path>C:\ti\ccsv6\tools\compiler\ti-cgt-arm_5.2.5\lib\</path>
         <kind>archive</kind>
         <file>rtsv7M4_T_le_eabi.lib</file>
         <name>exit.obj</name>
      </input_file>
      <input_file id="fl-134">
         <path>C:\ti\ccsv6\tools\compiler\ti-cgt-arm_5.2.5\lib\</path>
         <kind>archive</kind>
         <file>rtsv7M4_T_le_eabi.lib</file>
         <name>ll_lsl_t2.obj</name>
      </input_file>
      <input_file id="fl-135">
         <path>C:\ti\ccsv6\tools\compiler\ti-cgt-arm_5.2.5\lib\</path>
         <kind>archive</kind>
         <file>rtsv7M4_T_le_eabi.lib</file>
         <name>memcpy_t2.obj</name>
      </input_file>
      <input_file id="fl-136">
         <path>C:\ti\ccsv6\tools\compiler\ti-cgt-arm_5.2.5\lib\</path>
         <kind>archive</kind>
         <file>rtsv7M4_T_le_eabi.lib</file>
         <name>memmov.obj</name>
      </input_file>
      <input_file id="fl-137">
         <path>C:\ti\ccsv6\tools\compiler\ti-cgt-arm_5.2.5\lib\</path>
         <kind>archive</kind>
         <file>rtsv7M4_T_le_eabi.lib</file>
         <name>memory.obj</name>
      </input_file>
      <input_file id="fl-138">
         <path>C:\ti\ccsv6\tools\compiler\ti-cgt-arm_5.2.5\lib\</path>
         <kind>archive</kind>
         <file>rtsv7M4_T_le_eabi.lib</file>
         <name>memset_t2.obj</name>
      </input_file>
      <input_file id="fl-139">
         <path>C:\ti\ccsv6\tools\compiler\ti-cgt-arm_5.2.5\lib\</path>
         <kind>archive</kind>
         <file>rtsv7M4_T_le_eabi.lib</file>
         <name>pre_init.obj</name>
      </input_file>
      <input_file id="fl-13a">
         <path>C:\ti\ccsv6\tools\compiler\ti-cgt-arm_5.2.5\lib\</path>
         <kind>archive</kind>
         <file>rtsv7M4_T_le_eabi.lib</file>
         <name>printf.obj</name>
      </input_file>
      <input_file id="fl-13b">
         <path>C:\ti\ccsv6\tools\compiler\ti-cgt-arm_5.2.5\lib\</path>
         <kind>archive</kind>
         <file>rtsv7M4_T_le_eabi.lib</file>
         <name>stkdepth_vars.obj</name>
      </input_file>
      <input_file id="fl-13c">
         <path>C:\ti\ccsv6\tools\compiler\ti-cgt-arm_5.2.5\lib\</path>
         <kind>archive</kind>
         <file>rtsv7M4_T_le_eabi.lib</file>
         <name>strlen.obj</name>
      </input_file>
      <input_file id="fl-13d">
         <path>C:\ti\ccsv6\tools\compiler\ti-cgt-arm_5.2.5\lib\</path>
         <kind>archive</kind>
         <file>rtsv7M4_T_le_eabi.lib</file>
         <name>vsnprintf.obj</name>
      </input_file>
      <input_file id="fl-13e">
         <path>C:\ti\ccsv6\tools\compiler\ti-cgt-arm_5.2.5\lib\</path>
         <kind>archive</kind>
         <file>rtsv7M4_T_le_eabi.lib</file>
         <name>_lock.obj</name>
      </input_file>
      <input_file id="fl-13f">
         <path>C:\ti\ccsv6\tools\compiler\ti-cgt-arm_5.2.5\lib\</path>
         <kind>archive</kind>
         <file>rtsv7M4_T_le_eabi.lib</file>
         <name>_printfi.obj</name>
      </input_file>
      <input_file id="fl-140">
         <path>C:\ti\ccsv6\tools\compiler\ti-cgt-arm_5.2.5\lib\</path>
         <kind>archive</kind>
         <file>rtsv7M4_T_le_eabi.lib</file>
         <name>args_main.obj</name>
      </input_file>
      <input_file id="fl-141">
         <path>C:\ti\ccsv6\tools\compiler\ti-cgt-arm_5.2.5\lib\</path>
         <kind>archive</kind>
         <file>rtsv7M4_T_le_eabi.lib</file>
         <name>atoi.obj</name>
      </input_file>
      <input_file id="fl-142">
         <path>C:\ti\ccsv6\tools\compiler\ti-cgt-arm_5.2.5\lib\</path>
         <kind>archive</kind>
         <file>rtsv7M4_T_le_eabi.lib</file>
         <name>autoinit.obj</name>
      </input_file>
      <input_file id="fl-143">
         <path>C:\ti\ccsv6\tools\compiler\ti-cgt-arm_5.2.5\lib\</path>
         <kind>archive</kind>
         <file>rtsv7M4_T_le_eabi.lib</file>
         <name>cpy_tbl.obj</name>
      </input_file>
      <input_file id="fl-144">
         <path>C:\ti\ccsv6\tools\compiler\ti-cgt-arm_5.2.5\lib\</path>
         <kind>archive</kind>
         <file>rtsv7M4_T_le_eabi.lib</file>
         <name>ctype.obj</name>
      </input_file>
      <input_file id="fl-145">
         <path>C:\ti\ccsv6\tools\compiler\ti-cgt-arm_5.2.5\lib\</path>
         <kind>archive</kind>
         <file>rtsv7M4_T_le_eabi.lib</file>
         <name>defs.obj</name>
      </input_file>
      <input_file id="fl-146">
         <path>C:\ti\ccsv6\tools\compiler\ti-cgt-arm_5.2.5\lib\</path>
         <kind>archive</kind>
         <file>rtsv7M4_T_le_eabi.lib</file>
         <name>fd_add_t2.obj</name>
      </input_file>
      <input_file id="fl-147">
         <path>C:\ti\ccsv6\tools\compiler\ti-cgt-arm_5.2.5\lib\</path>
         <kind>archive</kind>
         <file>rtsv7M4_T_le_eabi.lib</file>
         <name>fd_cmp_t2.obj</name>
      </input_file>
      <input_file id="fl-148">
         <path>C:\ti\ccsv6\tools\compiler\ti-cgt-arm_5.2.5\lib\</path>
         <kind>archive</kind>
         <file>rtsv7M4_T_le_eabi.lib</file>
         <name>fd_div_t2.obj</name>
      </input_file>
      <input_file id="fl-149">
         <path>C:\ti\ccsv6\tools\compiler\ti-cgt-arm_5.2.5\lib\</path>
         <kind>archive</kind>
         <file>rtsv7M4_T_le_eabi.lib</file>
         <name>fd_mul_t2.obj</name>
      </input_file>
      <input_file id="fl-14a">
         <path>C:\ti\ccsv6\tools\compiler\ti-cgt-arm_5.2.5\lib\</path>
         <kind>archive</kind>
         <file>rtsv7M4_T_le_eabi.lib</file>
         <name>fd_toi_t2.obj</name>
      </input_file>
      <input_file id="fl-14b">
         <path>C:\ti\ccsv6\tools\compiler\ti-cgt-arm_5.2.5\lib\</path>
         <kind>archive</kind>
         <file>rtsv7M4_T_le_eabi.lib</file>
         <name>fputc.obj</name>
      </input_file>
      <input_file id="fl-14c">
         <path>C:\ti\ccsv6\tools\compiler\ti-cgt-arm_5.2.5\lib\</path>
         <kind>archive</kind>
         <file>rtsv7M4_T_le_eabi.lib</file>
         <name>fputs.obj</name>
      </input_file>
      <input_file id="fl-14d">
         <path>C:\ti\ccsv6\tools\compiler\ti-cgt-arm_5.2.5\lib\</path>
         <kind>archive</kind>
         <file>rtsv7M4_T_le_eabi.lib</file>
         <name>frexp.obj</name>
      </input_file>
      <input_file id="fl-14e">
         <path>C:\ti\ccsv6\tools\compiler\ti-cgt-arm_5.2.5\lib\</path>
         <kind>archive</kind>
         <file>rtsv7M4_T_le_eabi.lib</file>
         <name>i_tofd_t2.obj</name>
      </input_file>
      <input_file id="fl-14f">
         <path>C:\ti\ccsv6\tools\compiler\ti-cgt-arm_5.2.5\lib\</path>
         <kind>archive</kind>
         <file>rtsv7M4_T_le_eabi.lib</file>
         <name>ldexp.obj</name>
      </input_file>
      <input_file id="fl-150">
         <path>C:\ti\ccsv6\tools\compiler\ti-cgt-arm_5.2.5\lib\</path>
         <kind>archive</kind>
         <file>rtsv7M4_T_le_eabi.lib</file>
         <name>lowlev.obj</name>
      </input_file>
      <input_file id="fl-151">
         <path>C:\ti\ccsv6\tools\compiler\ti-cgt-arm_5.2.5\lib\</path>
         <kind>archive</kind>
         <file>rtsv7M4_T_le_eabi.lib</file>
         <name>ltoa.obj</name>
      </input_file>
      <input_file id="fl-152">
         <path>C:\ti\ccsv6\tools\compiler\ti-cgt-arm_5.2.5\lib\</path>
         <kind>archive</kind>
         <file>rtsv7M4_T_le_eabi.lib</file>
         <name>memccpy.obj</name>
      </input_file>
      <input_file id="fl-153">
         <path>C:\ti\ccsv6\tools\compiler\ti-cgt-arm_5.2.5\lib\</path>
         <kind>archive</kind>
         <file>rtsv7M4_T_le_eabi.lib</file>
         <name>memchr.obj</name>
      </input_file>
      <input_file id="fl-154">
         <path>C:\ti\ccsv6\tools\compiler\ti-cgt-arm_5.2.5\lib\</path>
         <kind>archive</kind>
         <file>rtsv7M4_T_le_eabi.lib</file>
         <name>strchr.obj</name>
      </input_file>
      <input_file id="fl-155">
         <path>C:\ti\ccsv6\tools\compiler\ti-cgt-arm_5.2.5\lib\</path>
         <kind>archive</kind>
         <file>rtsv7M4_T_le_eabi.lib</file>
         <name>strcmp.obj</name>
      </input_file>
      <input_file id="fl-156">
         <path>C:\ti\ccsv6\tools\compiler\ti-cgt-arm_5.2.5\lib\</path>
         <kind>archive</kind>
         <file>rtsv7M4_T_le_eabi.lib</file>
         <name>strncpy.obj</name>
      </input_file>
      <input_file id="fl-157">
         <path>C:\ti\ccsv6\tools\compiler\ti-cgt-arm_5.2.5\lib\</path>
         <kind>archive</kind>
         <file>rtsv7M4_T_le_eabi.lib</file>
         <name>trgdrv.obj</name>
      </input_file>
      <input_file id="fl-158">
         <path>C:\ti\ccsv6\tools\compiler\ti-cgt-arm_5.2.5\lib\</path>
         <kind>archive</kind>
         <file>rtsv7M4_T_le_eabi.lib</file>
         <name>trgmsg.obj</name>
      </input_file>
      <input_file id="fl-159">
         <path>C:\ti\ccsv6\tools\compiler\ti-cgt-arm_5.2.5\lib\</path>
         <kind>archive</kind>
         <file>rtsv7M4_T_le_eabi.lib</file>
         <name>ull_div_t2.obj</name>
      </input_file>
      <input_file id="fl-15a">
         <path>C:\ti\ccsv6\tools\compiler\ti-cgt-arm_5.2.5\lib\</path>
         <kind>archive</kind>
         <file>rtsv7M4_T_le_eabi.lib</file>
         <name>xdclass.obj</name>
      </input_file>
      <input_file id="fl-15b">
         <path>C:\ti\ccsv6\tools\compiler\ti-cgt-arm_5.2.5\lib\</path>
         <kind>archive</kind>
         <file>rtsv7M4_T_le_eabi.lib</file>
         <name>xdscale.obj</name>
      </input_file>
      <input_file id="fl-15c">
         <path>C:\ti\ccsv6\tools\compiler\ti-cgt-arm_5.2.5\lib\</path>
         <kind>archive</kind>
         <file>rtsv7M4_T_le_eabi.lib</file>
         <name>xdunscal.obj</name>
      </input_file>
      <input_file id="fl-15d">
         <path>C:\ti\ccsv6\tools\compiler\ti-cgt-arm_5.2.5\lib\</path>
         <kind>archive</kind>
         <file>rtsv7M4_T_le_eabi.lib</file>
         <name>xferaise.obj</name>
      </input_file>
      <input_file id="fl-15e">
         <path>C:\ti\ccsv6\tools\compiler\ti-cgt-arm_5.2.5\lib\</path>
         <kind>archive</kind>
         <file>rtsv7M4_T_le_eabi.lib</file>
         <name>xvalues.obj</name>
      </input_file>
      <input_file id="fl-15f">
         <path>C:\ti\ccsv6\tools\compiler\ti-cgt-arm_5.2.5\lib\</path>
         <kind>archive</kind>
         <file>rtsv7M4_T_le_eabi.lib</file>
         <name>_io_perm.obj</name>
      </input_file>
      <input_file id="fl-160">
         <path>C:\ti\ccsv6\tools\compiler\ti-cgt-arm_5.2.5\lib\</path>
         <kind>archive</kind>
         <file>rtsv7M4_T_le_eabi.lib</file>
         <name>errno.obj</name>
      </input_file>
      <input_file id="fl-161">
         <path>C:\ti\ccsv6\tools\compiler\ti-cgt-arm_5.2.5\lib\</path>
         <kind>archive</kind>
         <file>rtsv7M4_T_le_eabi.lib</file>
         <name>feraiseexcept.obj</name>
      </input_file>
      <input_file id="fl-162">
         <path>C:\ti\ccsv6\tools\compiler\ti-cgt-arm_5.2.5\lib\</path>
         <kind>archive</kind>
         <file>rtsv7M4_T_le_eabi.lib</file>
         <name>fflush.obj</name>
      </input_file>
      <input_file id="fl-163">
         <path>C:\ti\ccsv6\tools\compiler\ti-cgt-arm_5.2.5\lib\</path>
         <kind>archive</kind>
         <file>rtsv7M4_T_le_eabi.lib</file>
         <name>fseek.obj</name>
      </input_file>
      <input_file id="fl-164">
         <path>C:\ti\ccsv6\tools\compiler\ti-cgt-arm_5.2.5\lib\</path>
         <kind>archive</kind>
         <file>rtsv7M4_T_le_eabi.lib</file>
         <name>raise.obj</name>
      </input_file>
      <input_file id="fl-165">
         <path>C:\ti\ccsv6\tools\compiler\ti-cgt-arm_5.2.5\lib\</path>
         <kind>archive</kind>
         <file>rtsv7M4_T_le_eabi.lib</file>
         <name>setvbuf.obj</name>
      </input_file>
      <input_file id="fl-166">
         <path>C:\ti\ccsv6\tools\compiler\ti-cgt-arm_5.2.5\lib\</path>
         <kind>archive</kind>
         <file>rtsv7M4_T_le_eabi.lib</file>
         <name>signal.obj</name>
      </input_file>
      <input_file id="fl-167">
         <path>C:\ti\ccsv6\tools\compiler\ti-cgt-arm_5.2.5\lib\</path>
         <kind>archive</kind>
         <file>rtsv7M4_T_le_eabi.lib</file>
         <name>strcpy.obj</name>
      </input_file>
      <input_file id="fl-168">
         <path>C:\ti\ccsv6\tools\compiler\ti-cgt-arm_5.2.5\lib\</path>
         <kind>archive</kind>
         <file>rtsv7M4_T_le_eabi.lib</file>
         <name>xdnorm.obj</name>
      </input_file>
      <input_file id="fl-169">
         <path>C:\ti\ccsv6\tools\compiler\ti-cgt-arm_5.2.5\lib\</path>
         <kind>archive</kind>
         <file>rtsv7M4_T_le_eabi.lib</file>
         <name>fopen.obj</name>
      </input_file>
      <input_file id="fl-16a">
         <path>C:\ti\ccsv6\tools\compiler\ti-cgt-arm_5.2.5\lib\</path>
         <kind>archive</kind>
         <file>rtsv7M4_T_le_eabi.lib</file>
         <name>fclose.obj</name>
      </input_file>
      <input_file id="fl-16b">
         <path>C:\ti\ccsv6\tools\compiler\ti-cgt-arm_5.2.5\lib\</path>
         <kind>archive</kind>
         <file>rtsv7M4_T_le_eabi.lib</file>
         <name>remove.obj</name>
      </input_file>
      <input_file id="fl-16c">
         <path>C:\ti\CC3200SDK_1.2.0\cc3200-sdk\example\uart_demo\ccs\..\..\..\driverlib\ccs\Release\</path>
         <kind>archive</kind>
         <file>driverlib.a</file>
         <name>gpio.obj</name>
      </input_file>
      <input_file id="fl-16d">
         <path>C:\ti\CC3200SDK_1.2.0\cc3200-sdk\example\uart_demo\ccs\..\..\..\driverlib\ccs\Release\</path>
         <kind>archive</kind>
         <file>driverlib.a</file>
         <name>interrupt.obj</name>
      </input_file>
      <input_file id="fl-16e">
         <path>C:\ti\CC3200SDK_1.2.0\cc3200-sdk\example\uart_demo\ccs\..\..\..\driverlib\ccs\Release\</path>
         <kind>archive</kind>
         <file>driverlib.a</file>
         <name>pin.obj</name>
      </input_file>
      <input_file id="fl-16f">
         <path>C:\ti\CC3200SDK_1.2.0\cc3200-sdk\example\uart_demo\ccs\..\..\..\driverlib\ccs\Release\</path>
         <kind>archive</kind>
         <file>driverlib.a</file>
         <name>prcm.obj</name>
      </input_file>
      <input_file id="fl-170">
         <path>C:\ti\CC3200SDK_1.2.0\cc3200-sdk\example\uart_demo\ccs\..\..\..\driverlib\ccs\Release\</path>
         <kind>archive</kind>
         <file>driverlib.a</file>
         <name>spi.obj</name>
      </input_file>
      <input_file id="fl-171">
         <path>C:\ti\CC3200SDK_1.2.0\cc3200-sdk\example\uart_demo\ccs\..\..\..\driverlib\ccs\Release\</path>
         <kind>archive</kind>
         <file>driverlib.a</file>
         <name>systick.obj</name>
      </input_file>
      <input_file id="fl-172">
         <path>C:\ti\CC3200SDK_1.2.0\cc3200-sdk\example\uart_demo\ccs\..\..\..\driverlib\ccs\Release\</path>
         <kind>archive</kind>
         <file>driverlib.a</file>
         <name>uart.obj</name>
      </input_file>
      <input_file id="fl-173">
         <path>C:\ti\CC3200SDK_1.2.0\cc3200-sdk\example\uart_demo\ccs\..\..\..\driverlib\ccs\Release\</path>
         <kind>archive</kind>
         <file>driverlib.a</file>
         <name>utils.obj</name>
      </input_file>
      <input_file id="fl-174">
         <path>C:\ti\CC3200SDK_1.2.0\cc3200-sdk\example\uart_demo\ccs\..\..\..\driverlib\ccs\Release\</path>
         <kind>archive</kind>
         <file>driverlib.a</file>
         <name>cpu.obj</name>
      </input_file>
      <input_file id="fl-175">
         <path>C:\ti\CC3200SDK_1.2.0\cc3200-sdk\example\uart_demo\ccs\..\..\..\driverlib\ccs\Release\</path>
         <kind>archive</kind>
         <file>driverlib.a</file>
         <name>flash.obj</name>
      </input_file>
   </input_file_list>
   <object_component_list>
      <object_component id="oc-f">
         <name>.intvecs</name>
         <load_address>0x20004000</load_address>
         <run_address>0x20004000</run_address>
         <size>0x400</size>
         <input_file_ref idref="fl-6"/>
      </object_component>
      <object_component id="oc-2c0">
         <name>.text</name>
         <load_address>0x20004400</load_address>
         <run_address>0x20004400</run_address>
         <size>0x10a6</size>
         <input_file_ref idref="fl-13f"/>
      </object_component>
      <object_component id="oc-12d">
         <name>.text</name>
         <load_address>0x200054a8</load_address>
         <run_address>0x200054a8</run_address>
         <size>0xa80</size>
         <input_file_ref idref="fl-2"/>
      </object_component>
      <object_component id="oc-9f">
         <name>.text</name>
         <load_address>0x20005f28</load_address>
         <run_address>0x20005f28</run_address>
         <size>0x968</size>
         <input_file_ref idref="fl-4"/>
      </object_component>
      <object_component id="oc-19e">
         <name>.text</name>
         <load_address>0x20006890</load_address>
         <run_address>0x20006890</run_address>
         <size>0x476</size>
         <input_file_ref idref="fl-3"/>
      </object_component>
      <object_component id="oc-1f0">
         <name>.text</name>
         <load_address>0x20006d08</load_address>
         <run_address>0x20006d08</run_address>
         <size>0x3dc</size>
         <input_file_ref idref="fl-137"/>
      </object_component>
      <object_component id="oc-32b">
         <name>.text</name>
         <load_address>0x200070e4</load_address>
         <run_address>0x200070e4</run_address>
         <size>0x30c</size>
         <input_file_ref idref="fl-150"/>
      </object_component>
      <object_component id="oc-43f">
         <name>.text</name>
         <load_address>0x200073f0</load_address>
         <run_address>0x200073f0</run_address>
         <size>0x2d4</size>
         <input_file_ref idref="fl-157"/>
      </object_component>
      <object_component id="oc-cc">
         <name>.text</name>
         <load_address>0x200076c4</load_address>
         <run_address>0x200076c4</run_address>
         <size>0x280</size>
         <input_file_ref idref="fl-8"/>
      </object_component>
      <object_component id="oc-33b">
         <name>.text</name>
         <load_address>0x20007944</load_address>
         <run_address>0x20007944</run_address>
         <size>0x1f4</size>
         <input_file_ref idref="fl-159"/>
      </object_component>
      <object_component id="oc-428">
         <name>.text</name>
         <load_address>0x20007b38</load_address>
         <run_address>0x20007b38</run_address>
         <size>0x1c4</size>
         <input_file_ref idref="fl-169"/>
      </object_component>
      <object_component id="oc-364">
         <name>.text</name>
         <load_address>0x20007cfc</load_address>
         <run_address>0x20007cfc</run_address>
         <size>0x1b6</size>
         <input_file_ref idref="fl-146"/>
      </object_component>
      <object_component id="oc-e4">
         <name>.text:PRCMCC3200MCUInit</name>
         <load_address>0x20007eb4</load_address>
         <run_address>0x20007eb4</run_address>
         <size>0x178</size>
         <input_file_ref idref="fl-16f"/>
      </object_component>
      <object_component id="oc-34a">
         <name>.text</name>
         <load_address>0x2000802c</load_address>
         <run_address>0x2000802c</run_address>
         <size>0x136</size>
         <input_file_ref idref="fl-148"/>
      </object_component>
      <object_component id="oc-2ba">
         <name>.text</name>
         <load_address>0x20008164</load_address>
         <run_address>0x20008164</run_address>
         <size>0x134</size>
         <input_file_ref idref="fl-14c"/>
      </object_component>
      <object_component id="oc-401">
         <name>.text</name>
         <load_address>0x20008298</load_address>
         <run_address>0x20008298</run_address>
         <size>0x110</size>
         <input_file_ref idref="fl-15b"/>
      </object_component>
      <object_component id="oc-345">
         <name>.text</name>
         <load_address>0x200083a8</load_address>
         <run_address>0x200083a8</run_address>
         <size>0xfc</size>
         <input_file_ref idref="fl-149"/>
      </object_component>
      <object_component id="oc-3c5">
         <name>.text</name>
         <load_address>0x200084a4</load_address>
         <run_address>0x200084a4</run_address>
         <size>0xdc</size>
         <input_file_ref idref="fl-165"/>
      </object_component>
      <object_component id="oc-325">
         <name>.text</name>
         <load_address>0x20008580</load_address>
         <run_address>0x20008580</run_address>
         <size>0xc8</size>
         <input_file_ref idref="fl-162"/>
      </object_component>
      <object_component id="oc-452">
         <name>.text</name>
         <load_address>0x20008648</load_address>
         <run_address>0x20008648</run_address>
         <size>0xbe</size>
         <input_file_ref idref="fl-168"/>
      </object_component>
      <object_component id="oc-31f">
         <name>.text</name>
         <load_address>0x20008706</load_address>
         <run_address>0x20008706</run_address>
         <size>0xac</size>
         <input_file_ref idref="fl-15f"/>
      </object_component>
      <object_component id="oc-de">
         <name>.text:IntEnable</name>
         <load_address>0x200087b4</load_address>
         <run_address>0x200087b4</run_address>
         <size>0xa8</size>
         <input_file_ref idref="fl-16d"/>
      </object_component>
      <object_component id="oc-198">
         <name>.text</name>
         <load_address>0x2000885c</load_address>
         <run_address>0x2000885c</run_address>
         <size>0xa8</size>
         <input_file_ref idref="fl-5"/>
      </object_component>
      <object_component id="oc-fc">
         <name>.text:SPIConfigSetExpClk</name>
         <load_address>0x20008904</load_address>
         <run_address>0x20008904</run_address>
         <size>0xa0</size>
         <input_file_ref idref="fl-170"/>
      </object_component>
      <object_component id="oc-36">
         <name>.text</name>
         <load_address>0x200089a4</load_address>
         <run_address>0x200089a4</run_address>
         <size>0x9c</size>
         <input_file_ref idref="fl-135"/>
      </object_component>
      <object_component id="oc-47c">
         <name>.text</name>
         <load_address>0x20008a40</load_address>
         <run_address>0x20008a40</run_address>
         <size>0x98</size>
         <input_file_ref idref="fl-16a"/>
      </object_component>
      <object_component id="oc-2b4">
         <name>.text</name>
         <load_address>0x20008ad8</load_address>
         <run_address>0x20008ad8</run_address>
         <size>0x98</size>
         <input_file_ref idref="fl-14b"/>
      </object_component>
      <object_component id="oc-f6">
         <name>.text:PRCMPeripheralClockGet</name>
         <load_address>0x20008b70</load_address>
         <run_address>0x20008b70</run_address>
         <size>0x94</size>
         <input_file_ref idref="fl-16f"/>
      </object_component>
      <object_component id="oc-307">
         <name>.text:PinConfigSet</name>
         <load_address>0x20008c04</load_address>
         <run_address>0x20008c04</run_address>
         <size>0x88</size>
         <input_file_ref idref="fl-16e"/>
      </object_component>
      <object_component id="oc-1d2">
         <name>.text</name>
         <load_address>0x20008c8c</load_address>
         <run_address>0x20008c8c</run_address>
         <size>0x88</size>
         <input_file_ref idref="fl-13d"/>
      </object_component>
      <object_component id="oc-340">
         <name>.text:__aeabi_cdcmple</name>
         <load_address>0x20008d14</load_address>
         <run_address>0x20008d14</run_address>
         <size>0x86</size>
         <input_file_ref idref="fl-147"/>
      </object_component>
      <object_component id="oc-34f">
         <name>.text:__aeabi_cdrcmple</name>
         <load_address>0x20008d9a</load_address>
         <run_address>0x20008d9a</run_address>
         <size>0x86</size>
         <input_file_ref idref="fl-147"/>
      </object_component>
      <object_component id="oc-169">
         <name>.text:GPIOIntTypeSet</name>
         <load_address>0x20008e20</load_address>
         <run_address>0x20008e20</run_address>
         <size>0x82</size>
         <input_file_ref idref="fl-16c"/>
      </object_component>
      <object_component id="oc-4f">
         <name>.text</name>
         <load_address>0x20008ea2</load_address>
         <run_address>0x20008ea2</run_address>
         <size>0x7a</size>
         <input_file_ref idref="fl-138"/>
      </object_component>
      <object_component id="oc-133">
         <name>.text:UARTConfigSetExpClk</name>
         <load_address>0x20008f1c</load_address>
         <run_address>0x20008f1c</run_address>
         <size>0x76</size>
         <input_file_ref idref="fl-172"/>
      </object_component>
      <object_component id="oc-1aa">
         <name>.text</name>
         <load_address>0x20008f94</load_address>
         <run_address>0x20008f94</run_address>
         <size>0x70</size>
         <input_file_ref idref="fl-13a"/>
      </object_component>
      <object_component id="oc-61">
         <name>.text</name>
         <load_address>0x20009004</load_address>
         <run_address>0x20009004</run_address>
         <size>0x6c</size>
         <input_file_ref idref="fl-142"/>
      </object_component>
      <object_component id="oc-42">
         <name>.text</name>
         <load_address>0x20009070</load_address>
         <run_address>0x20009070</run_address>
         <size>0x6a</size>
         <input_file_ref idref="fl-131"/>
      </object_component>
      <object_component id="oc-48b">
         <name>.text</name>
         <load_address>0x200090dc</load_address>
         <run_address>0x200090dc</run_address>
         <size>0x68</size>
         <input_file_ref idref="fl-158"/>
      </object_component>
      <object_component id="oc-3f9">
         <name>.text</name>
         <load_address>0x20009144</load_address>
         <run_address>0x20009144</run_address>
         <size>0x66</size>
         <input_file_ref idref="fl-15c"/>
      </object_component>
      <object_component id="oc-3bf">
         <name>.text</name>
         <load_address>0x200091ac</load_address>
         <run_address>0x200091ac</run_address>
         <size>0x64</size>
         <input_file_ref idref="fl-163"/>
      </object_component>
      <object_component id="oc-22d">
         <name>.text:PRCMPeripheralReset</name>
         <load_address>0x20009210</load_address>
         <run_address>0x20009210</run_address>
         <size>0x58</size>
         <input_file_ref idref="fl-16f"/>
      </object_component>
      <object_component id="oc-359">
         <name>.text</name>
         <load_address>0x20009268</load_address>
         <run_address>0x20009268</run_address>
         <size>0x56</size>
         <input_file_ref idref="fl-151"/>
      </object_component>
      <object_component id="oc-387">
         <name>.text</name>
         <load_address>0x200092c0</load_address>
         <run_address>0x200092c0</run_address>
         <size>0x4c</size>
         <input_file_ref idref="fl-141"/>
      </object_component>
      <object_component id="oc-97">
         <name>.text</name>
         <load_address>0x2000930c</load_address>
         <run_address>0x2000930c</run_address>
         <size>0x4c</size>
         <input_file_ref idref="fl-143"/>
      </object_component>
      <object_component id="oc-267">
         <name>.text:GPIOGetIntNumber</name>
         <load_address>0x20009358</load_address>
         <run_address>0x20009358</run_address>
         <size>0x48</size>
         <input_file_ref idref="fl-16c"/>
      </object_component>
      <object_component id="oc-354">
         <name>.text</name>
         <load_address>0x200093a0</load_address>
         <run_address>0x200093a0</run_address>
         <size>0x48</size>
         <input_file_ref idref="fl-14a"/>
      </object_component>
      <object_component id="oc-36f">
         <name>.text</name>
         <load_address>0x200093e8</load_address>
         <run_address>0x200093e8</run_address>
         <size>0x46</size>
         <input_file_ref idref="fl-14f"/>
      </object_component>
      <object_component id="oc-256">
         <name>.text:UARTIntNumberGet</name>
         <load_address>0x20009430</load_address>
         <run_address>0x20009430</run_address>
         <size>0x44</size>
         <input_file_ref idref="fl-172"/>
      </object_component>
      <object_component id="oc-6d">
         <name>.text</name>
         <load_address>0x20009474</load_address>
         <run_address>0x20009474</run_address>
         <size>0x44</size>
         <input_file_ref idref="fl-133"/>
      </object_component>
      <object_component id="oc-30d">
         <name>.text:PinModeSet</name>
         <load_address>0x200094b8</load_address>
         <run_address>0x200094b8</run_address>
         <size>0x40</size>
         <input_file_ref idref="fl-16e"/>
      </object_component>
      <object_component id="oc-4cd">
         <name>.text</name>
         <load_address>0x200094f8</load_address>
         <run_address>0x200094f8</run_address>
         <size>0x40</size>
         <input_file_ref idref="fl-166"/>
      </object_component>
      <object_component id="oc-227">
         <name>.text:PRCMPeripheralClkEnable</name>
         <load_address>0x20009538</load_address>
         <run_address>0x20009538</run_address>
         <size>0x3c</size>
         <input_file_ref idref="fl-16f"/>
      </object_component>
      <object_component id="oc-24">
         <name>.text</name>
         <load_address>0x20009574</load_address>
         <run_address>0x20009574</run_address>
         <size>0x3c</size>
         <input_file_ref idref="fl-12f"/>
      </object_component>
      <object_component id="oc-27f">
         <name>.text:GPIODirModeSet</name>
         <load_address>0x200095b0</load_address>
         <run_address>0x200095b0</run_address>
         <size>0x36</size>
         <input_file_ref idref="fl-16c"/>
      </object_component>
      <object_component id="oc-461">
         <name>.text</name>
         <load_address>0x200095e8</load_address>
         <run_address>0x200095e8</run_address>
         <size>0x34</size>
         <input_file_ref idref="fl-161"/>
      </object_component>
      <object_component id="oc-279">
         <name>.text:PinTypeGPIO</name>
         <load_address>0x2000961c</load_address>
         <run_address>0x2000961c</run_address>
         <size>0x30</size>
         <input_file_ref idref="fl-16e"/>
      </object_component>
      <object_component id="oc-24d">
         <name>.text:UARTDisable</name>
         <load_address>0x2000964c</load_address>
         <run_address>0x2000964c</run_address>
         <size>0x30</size>
         <input_file_ref idref="fl-172"/>
      </object_component>
      <object_component id="oc-3d8">
         <name>.text</name>
         <load_address>0x2000967c</load_address>
         <run_address>0x2000967c</run_address>
         <size>0x30</size>
         <input_file_ref idref="fl-156"/>
      </object_component>
      <object_component id="oc-407">
         <name>.text</name>
         <load_address>0x200096ac</load_address>
         <run_address>0x200096ac</run_address>
         <size>0x30</size>
         <input_file_ref idref="fl-15d"/>
      </object_component>
      <object_component id="oc-35f">
         <name>.text</name>
         <load_address>0x200096dc</load_address>
         <run_address>0x200096dc</run_address>
         <size>0x2e</size>
         <input_file_ref idref="fl-14e"/>
      </object_component>
      <object_component id="oc-4ad">
         <name>.text</name>
         <load_address>0x2000970a</load_address>
         <run_address>0x2000970a</run_address>
         <size>0x2e</size>
         <input_file_ref idref="fl-164"/>
      </object_component>
      <object_component id="oc-215">
         <name>.text:PRCMSysResetCauseGet</name>
         <load_address>0x20009738</load_address>
         <run_address>0x20009738</run_address>
         <size>0x2c</size>
         <input_file_ref idref="fl-16f"/>
      </object_component>
      <object_component id="oc-37b">
         <name>.text</name>
         <load_address>0x20009764</load_address>
         <run_address>0x20009764</run_address>
         <size>0x2a</size>
         <input_file_ref idref="fl-15a"/>
      </object_component>
      <object_component id="oc-233">
         <name>.text:PRCMPeripheralClkDisable</name>
         <load_address>0x20009790</load_address>
         <run_address>0x20009790</run_address>
         <size>0x28</size>
         <input_file_ref idref="fl-16f"/>
      </object_component>
      <object_component id="oc-139">
         <name>.text:UARTEnable</name>
         <load_address>0x200097b8</load_address>
         <run_address>0x200097b8</run_address>
         <size>0x24</size>
         <input_file_ref idref="fl-172"/>
      </object_component>
      <object_component id="oc-1ea">
         <name>.text</name>
         <load_address>0x200097dc</load_address>
         <run_address>0x200097dc</run_address>
         <size>0x24</size>
         <input_file_ref idref="fl-136"/>
      </object_component>
      <object_component id="oc-ea">
         <name>.text:SPIReset</name>
         <load_address>0x20009800</load_address>
         <run_address>0x20009800</run_address>
         <size>0x22</size>
         <input_file_ref idref="fl-170"/>
      </object_component>
      <object_component id="oc-369">
         <name>.text</name>
         <load_address>0x20009822</load_address>
         <run_address>0x20009822</run_address>
         <size>0x22</size>
         <input_file_ref idref="fl-14d"/>
      </object_component>
      <object_component id="oc-292">
         <name>.text:GPIOPinWrite</name>
         <load_address>0x20009844</load_address>
         <run_address>0x20009844</run_address>
         <size>0x20</size>
         <input_file_ref idref="fl-16c"/>
      </object_component>
      <object_component id="oc-25c">
         <name>.text:IntRegister</name>
         <load_address>0x20009864</load_address>
         <run_address>0x20009864</run_address>
         <size>0x20</size>
         <input_file_ref idref="fl-16d"/>
      </object_component>
      <object_component id="oc-2a4">
         <name>.text:SPIDataGet</name>
         <load_address>0x20009884</load_address>
         <run_address>0x20009884</run_address>
         <size>0x20</size>
         <input_file_ref idref="fl-170"/>
      </object_component>
      <object_component id="oc-333">
         <name>.text</name>
         <load_address>0x200098a4</load_address>
         <run_address>0x200098a4</run_address>
         <size>0x20</size>
         <input_file_ref idref="fl-153"/>
      </object_component>
      <object_component id="oc-15d">
         <name>.text:GPIOIntRegister</name>
         <load_address>0x200098c4</load_address>
         <run_address>0x200098c4</run_address>
         <size>0x1e</size>
         <input_file_ref idref="fl-16c"/>
      </object_component>
      <object_component id="oc-29e">
         <name>.text:SPIDataPut</name>
         <load_address>0x200098e2</load_address>
         <run_address>0x200098e2</run_address>
         <size>0x1e</size>
         <input_file_ref idref="fl-170"/>
      </object_component>
      <object_component id="oc-10e">
         <name>.text:UARTCharPut</name>
         <load_address>0x20009900</load_address>
         <run_address>0x20009900</run_address>
         <size>0x1e</size>
         <input_file_ref idref="fl-172"/>
      </object_component>
      <object_component id="oc-145">
         <name>.text:UARTIntRegister</name>
         <load_address>0x2000991e</load_address>
         <run_address>0x2000991e</run_address>
         <size>0x1e</size>
         <input_file_ref idref="fl-172"/>
      </object_component>
      <object_component id="oc-11b">
         <name>.text:UARTIntStatus</name>
         <load_address>0x2000993c</load_address>
         <run_address>0x2000993c</run_address>
         <size>0x1e</size>
         <input_file_ref idref="fl-172"/>
      </object_component>
      <object_component id="oc-175">
         <name>.text</name>
         <load_address>0x2000995a</load_address>
         <run_address>0x2000995a</run_address>
         <size>0x1e</size>
         <input_file_ref idref="fl-134"/>
      </object_component>
      <object_component id="oc-18c">
         <name>.text:SysTickIntRegister</name>
         <load_address>0x20009978</load_address>
         <run_address>0x20009978</run_address>
         <size>0x1c</size>
         <input_file_ref idref="fl-171"/>
      </object_component>
      <object_component id="oc-1de">
         <name>.text:UARTCharGetNonBlocking</name>
         <load_address>0x20009994</load_address>
         <run_address>0x20009994</run_address>
         <size>0x1c</size>
         <input_file_ref idref="fl-172"/>
      </object_component>
      <object_component id="oc-381">
         <name>.text</name>
         <load_address>0x200099b0</load_address>
         <run_address>0x200099b0</run_address>
         <size>0x1c</size>
         <input_file_ref idref="fl-152"/>
      </object_component>
      <object_component id="oc-151">
         <name>.text:GPIOIntDisable</name>
         <load_address>0x200099cc</load_address>
         <run_address>0x200099cc</run_address>
         <size>0x1a</size>
         <input_file_ref idref="fl-16c"/>
      </object_component>
      <object_component id="oc-163">
         <name>.text:GPIOIntEnable</name>
         <load_address>0x200099e6</load_address>
         <run_address>0x200099e6</run_address>
         <size>0x1a</size>
         <input_file_ref idref="fl-16c"/>
      </object_component>
      <object_component id="oc-285">
         <name>.text:PinTypeSPI</name>
         <load_address>0x20009a00</load_address>
         <run_address>0x20009a00</run_address>
         <size>0x1a</size>
         <input_file_ref idref="fl-16e"/>
      </object_component>
      <object_component id="oc-28b">
         <name>.text:PinTypeUART</name>
         <load_address>0x20009a1a</load_address>
         <run_address>0x20009a1a</run_address>
         <size>0x1a</size>
         <input_file_ref idref="fl-16e"/>
      </object_component>
      <object_component id="oc-f0">
         <name>.text:SPIFIFOEnable</name>
         <load_address>0x20009a34</load_address>
         <run_address>0x20009a34</run_address>
         <size>0x1a</size>
         <input_file_ref idref="fl-170"/>
      </object_component>
      <object_component id="oc-16f">
         <name>.text:GPIOPinRead</name>
         <load_address>0x20009a4e</load_address>
         <run_address>0x20009a4e</run_address>
         <size>0x18</size>
         <input_file_ref idref="fl-16c"/>
      </object_component>
      <object_component id="oc-2aa">
         <name>.text:SPICSDisable</name>
         <load_address>0x20009a66</load_address>
         <run_address>0x20009a66</run_address>
         <size>0x18</size>
         <input_file_ref idref="fl-170"/>
      </object_component>
      <object_component id="oc-298">
         <name>.text:SPICSEnable</name>
         <load_address>0x20009a7e</load_address>
         <run_address>0x20009a7e</run_address>
         <size>0x18</size>
         <input_file_ref idref="fl-170"/>
      </object_component>
      <object_component id="oc-102">
         <name>.text:SPIEnable</name>
         <load_address>0x20009a96</load_address>
         <run_address>0x20009a96</run_address>
         <size>0x18</size>
         <input_file_ref idref="fl-170"/>
      </object_component>
      <object_component id="oc-192">
         <name>.text:SysTickPeriodSet</name>
         <load_address>0x20009ab0</load_address>
         <run_address>0x20009ab0</run_address>
         <size>0x18</size>
         <input_file_ref idref="fl-171"/>
      </object_component>
      <object_component id="oc-1d8">
         <name>.text:UARTCharsAvail</name>
         <load_address>0x20009ac8</load_address>
         <run_address>0x20009ac8</run_address>
         <size>0x18</size>
         <input_file_ref idref="fl-172"/>
      </object_component>
      <object_component id="oc-108">
         <name>.text:UARTIntDisable</name>
         <load_address>0x20009ae0</load_address>
         <run_address>0x20009ae0</run_address>
         <size>0x18</size>
         <input_file_ref idref="fl-172"/>
      </object_component>
      <object_component id="oc-115">
         <name>.text:UARTIntEnable</name>
         <load_address>0x20009af8</load_address>
         <run_address>0x20009af8</run_address>
         <size>0x18</size>
         <input_file_ref idref="fl-172"/>
      </object_component>
      <object_component id="oc-67">
         <name>.text</name>
         <load_address>0x20009b10</load_address>
         <run_address>0x20009b10</run_address>
         <size>0x18</size>
         <input_file_ref idref="fl-140"/>
      </object_component>
      <object_component id="oc-3d2">
         <name>.text</name>
         <load_address>0x20009b28</load_address>
         <run_address>0x20009b28</run_address>
         <size>0x18</size>
         <input_file_ref idref="fl-155"/>
      </object_component>
      <object_component id="oc-21b">
         <name>.text:PRCMHIBRegRead</name>
         <load_address>0x20009b40</load_address>
         <run_address>0x20009b40</run_address>
         <size>0x16</size>
         <input_file_ref idref="fl-16f"/>
      </object_component>
      <object_component id="oc-221">
         <name>.text:PRCMHIBRegWrite</name>
         <load_address>0x20009b56</load_address>
         <run_address>0x20009b56</run_address>
         <size>0x16</size>
         <input_file_ref idref="fl-16f"/>
      </object_component>
      <object_component id="oc-127">
         <name>.text:UARTCharGet</name>
         <load_address>0x20009b6c</load_address>
         <run_address>0x20009b6c</run_address>
         <size>0x16</size>
         <input_file_ref idref="fl-172"/>
      </object_component>
      <object_component id="oc-13f">
         <name>.text:UARTFIFODisable</name>
         <load_address>0x20009b82</load_address>
         <run_address>0x20009b82</run_address>
         <size>0x16</size>
         <input_file_ref idref="fl-172"/>
      </object_component>
      <object_component id="oc-14b">
         <name>.text:UARTFIFOEnable</name>
         <load_address>0x20009b98</load_address>
         <run_address>0x20009b98</run_address>
         <size>0x16</size>
         <input_file_ref idref="fl-172"/>
      </object_component>
      <object_component id="oc-375">
         <name>.text</name>
         <load_address>0x20009bae</load_address>
         <run_address>0x20009bae</run_address>
         <size>0x16</size>
         <input_file_ref idref="fl-154"/>
      </object_component>
      <object_component id="oc-205">
         <name>.text:CPUcpsie</name>
         <load_address>0x20009bc4</load_address>
         <run_address>0x20009bc4</run_address>
         <size>0x14</size>
         <input_file_ref idref="fl-174"/>
      </object_component>
      <object_component id="oc-17a">
         <name>.text:GPIOIntClear</name>
         <load_address>0x20009bd8</load_address>
         <run_address>0x20009bd8</run_address>
         <size>0x14</size>
         <input_file_ref idref="fl-16c"/>
      </object_component>
      <object_component id="oc-d2">
         <name>.text:IntVTableBaseSet</name>
         <load_address>0x20009bec</load_address>
         <run_address>0x20009bec</run_address>
         <size>0x14</size>
         <input_file_ref idref="fl-16d"/>
      </object_component>
      <object_component id="oc-1bd">
         <name>.text</name>
         <load_address>0x20009c00</load_address>
         <run_address>0x20009c00</run_address>
         <size>0x14</size>
         <input_file_ref idref="fl-13e"/>
      </object_component>
      <object_component id="oc-491">
         <name>.text</name>
         <load_address>0x20009c14</load_address>
         <run_address>0x20009c14</run_address>
         <size>0x14</size>
         <input_file_ref idref="fl-167"/>
      </object_component>
      <object_component id="oc-1e4">
         <name>.text</name>
         <load_address>0x20009c28</load_address>
         <run_address>0x20009c28</run_address>
         <size>0x14</size>
         <input_file_ref idref="fl-13c"/>
      </object_component>
      <object_component id="oc-121">
         <name>.text:UARTIntClear</name>
         <load_address>0x20009c3c</load_address>
         <run_address>0x20009c3c</run_address>
         <size>0x12</size>
         <input_file_ref idref="fl-172"/>
      </object_component>
      <object_component id="oc-180">
         <name>.text:SysTickDisable</name>
         <load_address>0x20009c50</load_address>
         <run_address>0x20009c50</run_address>
         <size>0x10</size>
         <input_file_ref idref="fl-171"/>
      </object_component>
      <object_component id="oc-157">
         <name>.text:SysTickEnable</name>
         <load_address>0x20009c60</load_address>
         <run_address>0x20009c60</run_address>
         <size>0x10</size>
         <input_file_ref idref="fl-171"/>
      </object_component>
      <object_component id="oc-186">
         <name>.text:SysTickIntEnable</name>
         <load_address>0x20009c70</load_address>
         <run_address>0x20009c70</run_address>
         <size>0x10</size>
         <input_file_ref idref="fl-171"/>
      </object_component>
      <object_component id="oc-12">
         <name>.text:decompress:none</name>
         <load_address>0x20009c80</load_address>
         <run_address>0x20009c80</run_address>
         <size>0xe</size>
         <input_file_ref idref="fl-130"/>
      </object_component>
      <object_component id="oc-2d">
         <name>.text</name>
         <load_address>0x20009c8e</load_address>
         <run_address>0x20009c8e</run_address>
         <size>0xe</size>
         <input_file_ref idref="fl-6"/>
      </object_component>
      <object_component id="oc-1e">
         <name>.text:decompress:ZI</name>
         <load_address>0x20009c9c</load_address>
         <run_address>0x20009c9c</run_address>
         <size>0xc</size>
         <input_file_ref idref="fl-132"/>
      </object_component>
      <object_component id="oc-d8">
         <name>.text:IntMasterEnable</name>
         <load_address>0x20009ca8</load_address>
         <run_address>0x20009ca8</run_address>
         <size>0xa</size>
         <input_file_ref idref="fl-16d"/>
      </object_component>
      <object_component id="oc-114">
         <name>.text:UtilsDelay</name>
         <load_address>0x20009cb2</load_address>
         <run_address>0x20009cb2</run_address>
         <size>0x6</size>
         <input_file_ref idref="fl-173"/>
      </object_component>
      <object_component id="oc-18">
         <name>.text:decompress:rle24</name>
         <load_address>0x20009cb8</load_address>
         <run_address>0x20009cb8</run_address>
         <size>0x6</size>
         <input_file_ref idref="fl-131"/>
      </object_component>
      <object_component id="oc-5b">
         <name>.text</name>
         <load_address>0x20009cbe</load_address>
         <run_address>0x20009cbe</run_address>
         <size>0x4</size>
         <input_file_ref idref="fl-139"/>
      </object_component>
      <object_component id="oc-245">
         <name>.const:.string:font</name>
         <load_address>0x20009cc4</load_address>
         <run_address>0x20009cc4</run_address>
         <size>0x4fb</size>
         <input_file_ref idref="fl-2"/>
      </object_component>
      <object_component id="oc-415">
         <name>.const:.string:_ctypes_</name>
         <load_address>0x2000a1bf</load_address>
         <run_address>0x2000a1bf</run_address>
         <size>0x101</size>
         <input_file_ref idref="fl-144"/>
      </object_component>
      <object_component id="oc-3b8">
         <name>.const:g_ulPinToPadMap</name>
         <load_address>0x2000a2c0</load_address>
         <run_address>0x2000a2c0</run_address>
         <size>0x100</size>
         <input_file_ref idref="fl-16e"/>
      </object_component>
      <object_component id="oc-2ed">
         <name>.const:PRCM_PeriphRegsList</name>
         <load_address>0x2000a3c0</load_address>
         <run_address>0x2000a3c0</run_address>
         <size>0xa8</size>
         <input_file_ref idref="fl-16f"/>
      </object_component>
      <object_component id="oc-211">
         <name>.const</name>
         <load_address>0x2000a468</load_address>
         <run_address>0x2000a468</run_address>
         <size>0x80</size>
         <input_file_ref idref="fl-16d"/>
      </object_component>
      <object_component id="oc-2fb">
         <name>.const</name>
         <load_address>0x2000a4e8</load_address>
         <run_address>0x2000a4e8</run_address>
         <size>0x10</size>
         <input_file_ref idref="fl-172"/>
      </object_component>
      <object_component id="oc-51d">
         <name>.cinit..data.load</name>
         <load_address>0x2000a4f8</load_address>
         <run_address>0x2000a4f8</run_address>
         <size>0xbc</size>
      </object_component>
      <object_component id="oc-51b">
         <name>__TI_handler_table</name>
         <load_address>0x2000a5b4</load_address>
         <run_address>0x2000a5b4</run_address>
         <size>0xc</size>
      </object_component>
      <object_component id="oc-51e">
         <name>.cinit..bss.load</name>
         <load_address>0x2000a5c0</load_address>
         <run_address>0x2000a5c0</run_address>
         <size>0x8</size>
      </object_component>
      <object_component id="oc-51c">
         <name>__TI_cinit_table</name>
         <load_address>0x2000a5c8</load_address>
         <run_address>0x2000a5c8</run_address>
         <size>0x10</size>
      </object_component>
      <object_component id="oc-2a">
         <name>.sysmem</name>
         <uninitialized>true</uninitialized>
         <run_address>0x20017000</run_address>
         <size>0x8</size>
         <input_file_ref idref="fl-137"/>
      </object_component>
      <object_component id="oc-520">
         <name>.sysmem</name>
         <uninitialized>true</uninitialized>
         <run_address>0x20017000</run_address>
         <size>0x0</size>
      </object_component>
      <object_component id="oc-29">
         <name>.stack</name>
         <uninitialized>true</uninitialized>
         <run_address>0x2002ff00</run_address>
         <size>0x0</size>
         <input_file_ref idref="fl-12f"/>
      </object_component>
      <object_component id="oc-51f">
         <name>.stack</name>
         <uninitialized>true</uninitialized>
         <run_address>0x2002ff00</run_address>
         <size>0x0</size>
      </object_component>
      <object_component id="oc-4bb">
         <name>.bss:__TI_tmpnams</name>
         <uninitialized>true</uninitialized>
         <run_address>0x20017c68</run_address>
         <size>0xa0</size>
         <input_file_ref idref="fl-145"/>
      </object_component>
      <object_component id="oc-4c2">
         <name>.bss:__CIOBUF_</name>
         <uninitialized>true</uninitialized>
         <run_address>0x20017b48</run_address>
         <size>0x120</size>
         <input_file_ref idref="fl-158"/>
      </object_component>
      <object_component id="oc-1a8">
         <name>.common:bitsequence</name>
         <uninitialized>true</uninitialized>
         <run_address>0x20017d18</run_address>
         <size>0x8</size>
      </object_component>
      <object_component id="oc-1a7">
         <name>.common:index</name>
         <uninitialized>true</uninitialized>
         <run_address>0x20017d2c</run_address>
         <size>0x4</size>
      </object_component>
      <object_component id="oc-1a9">
         <name>.common:MessageTx</name>
         <uninitialized>true</uninitialized>
         <run_address>0x20017d10</run_address>
         <size>0x8</size>
      </object_component>
      <object_component id="oc-1a4">
         <name>.common:MessageRx</name>
         <uninitialized>true</uninitialized>
         <run_address>0x20017d08</run_address>
         <size>0x8</size>
      </object_component>
      <object_component id="oc-1f6">
         <name>.common:__Errorlog</name>
         <uninitialized>true</uninitialized>
         <run_address>0x20017d28</run_address>
         <size>0x4</size>
      </object_component>
      <object_component id="oc-497">
         <name>.common:parmbuf</name>
         <uninitialized>true</uninitialized>
         <run_address>0x20017d20</run_address>
         <size>0x8</size>
      </object_component>
      <object_component id="oc-248">
         <name>.data</name>
         <load_address>0x20017af0</load_address>
         <run_address>0x20017af0</run_address>
         <size>0x15</size>
         <input_file_ref idref="fl-2"/>
      </object_component>
      <object_component id="oc-aa">
         <name>.data</name>
         <load_address>0x20017b2c</load_address>
         <run_address>0x20017b2c</run_address>
         <size>0x8</size>
         <input_file_ref idref="fl-133"/>
      </object_component>
      <object_component id="oc-2e0">
         <name>.data</name>
         <load_address>0x20017b18</load_address>
         <run_address>0x20017b18</run_address>
         <size>0xc</size>
         <input_file_ref idref="fl-137"/>
      </object_component>
      <object_component id="oc-73">
         <name>.data</name>
         <load_address>0x20017b44</load_address>
         <run_address>0x20017b44</run_address>
         <size>0x4</size>
         <input_file_ref idref="fl-13b"/>
      </object_component>
      <object_component id="oc-a7">
         <name>.data</name>
         <load_address>0x20017b24</load_address>
         <run_address>0x20017b24</run_address>
         <size>0x8</size>
         <input_file_ref idref="fl-13e"/>
      </object_component>
      <object_component id="oc-2c6">
         <name>.data:_ftable</name>
         <load_address>0x20017800</load_address>
         <run_address>0x20017800</run_address>
         <size>0xf0</size>
         <input_file_ref idref="fl-145"/>
      </object_component>
      <object_component id="oc-3cd">
         <name>.data</name>
         <load_address>0x20017b08</load_address>
         <run_address>0x20017b08</run_address>
         <size>0x10</size>
         <input_file_ref idref="fl-145"/>
      </object_component>
      <object_component id="oc-3de">
         <name>.data</name>
         <load_address>0x200178f0</load_address>
         <run_address>0x200178f0</run_address>
         <size>0xd0</size>
         <input_file_ref idref="fl-150"/>
      </object_component>
      <object_component id="oc-45c">
         <name>.data</name>
         <load_address>0x20017a70</load_address>
         <run_address>0x20017a70</run_address>
         <size>0x80</size>
         <input_file_ref idref="fl-15e"/>
      </object_component>
      <object_component id="oc-467">
         <name>.data</name>
         <load_address>0x20017b3c</load_address>
         <run_address>0x20017b3c</run_address>
         <size>0x4</size>
         <input_file_ref idref="fl-160"/>
      </object_component>
      <object_component id="oc-4b3">
         <name>.data</name>
         <load_address>0x20017b34</load_address>
         <run_address>0x20017b34</run_address>
         <size>0x8</size>
         <input_file_ref idref="fl-161"/>
      </object_component>
      <object_component id="oc-4e8">
         <name>.data:sigtable</name>
         <load_address>0x200179c0</load_address>
         <run_address>0x200179c0</run_address>
         <size>0xb0</size>
         <input_file_ref idref="fl-166"/>
      </object_component>
      <object_component id="oc-482">
         <name>.data</name>
         <load_address>0x20017b40</load_address>
         <run_address>0x20017b40</run_address>
         <size>0x4</size>
         <input_file_ref idref="fl-169"/>
      </object_component>
      <object_component id="oc-24c">
         <name>.debug_info</name>
         <load_address>0x0</load_address>
         <run_address>0x0</run_address>
         <size>0x1c9</size>
         <input_file_ref idref="fl-2"/>
      </object_component>
      <object_component id="oc-246">
         <name>.debug_info</name>
         <load_address>0x1c9</load_address>
         <run_address>0x1c9</run_address>
         <size>0xce</size>
         <input_file_ref idref="fl-2"/>
      </object_component>
      <object_component id="oc-249">
         <name>.debug_info</name>
         <load_address>0x297</load_address>
         <run_address>0x297</run_address>
         <size>0x17c</size>
         <input_file_ref idref="fl-2"/>
      </object_component>
      <object_component id="oc-12e">
         <name>.debug_info</name>
         <load_address>0x413</load_address>
         <run_address>0x413</run_address>
         <size>0x14d8</size>
         <input_file_ref idref="fl-2"/>
      </object_component>
      <object_component id="oc-7e">
         <name>.debug_info</name>
         <load_address>0x18eb</load_address>
         <run_address>0x18eb</run_address>
         <size>0x84</size>
         <input_file_ref idref="fl-2"/>
      </object_component>
      <object_component id="oc-2b1">
         <name>.debug_info</name>
         <load_address>0x196f</load_address>
         <run_address>0x196f</run_address>
         <size>0x1b1</size>
         <input_file_ref idref="fl-3"/>
      </object_component>
      <object_component id="oc-19f">
         <name>.debug_info</name>
         <load_address>0x1b20</load_address>
         <run_address>0x1b20</run_address>
         <size>0xe09</size>
         <input_file_ref idref="fl-3"/>
      </object_component>
      <object_component id="oc-3b1">
         <name>.debug_info</name>
         <load_address>0x2929</load_address>
         <run_address>0x2929</run_address>
         <size>0x62</size>
         <input_file_ref idref="fl-3"/>
      </object_component>
      <object_component id="oc-20c">
         <name>.debug_info</name>
         <load_address>0x298b</load_address>
         <run_address>0x298b</run_address>
         <size>0x2c</size>
         <input_file_ref idref="fl-3"/>
      </object_component>
      <object_component id="oc-8e">
         <name>.debug_info</name>
         <load_address>0x29b7</load_address>
         <run_address>0x29b7</run_address>
         <size>0x2c</size>
         <input_file_ref idref="fl-3"/>
      </object_component>
      <object_component id="oc-1a5">
         <name>.debug_info</name>
         <load_address>0x29e3</load_address>
         <run_address>0x29e3</run_address>
         <size>0x911</size>
         <input_file_ref idref="fl-4"/>
      </object_component>
      <object_component id="oc-a1">
         <name>.debug_info</name>
         <load_address>0x32f4</load_address>
         <run_address>0x32f4</run_address>
         <size>0xb23</size>
         <input_file_ref idref="fl-4"/>
      </object_component>
      <object_component id="oc-1b1">
         <name>.debug_info</name>
         <load_address>0x3e17</load_address>
         <run_address>0x3e17</run_address>
         <size>0x18b</size>
         <input_file_ref idref="fl-4"/>
      </object_component>
      <object_component id="oc-199">
         <name>.debug_info</name>
         <load_address>0x3fa2</load_address>
         <run_address>0x3fa2</run_address>
         <size>0x28d</size>
         <input_file_ref idref="fl-5"/>
      </object_component>
      <object_component id="oc-35">
         <name>.debug_info</name>
         <load_address>0x422f</load_address>
         <run_address>0x422f</run_address>
         <size>0x12a</size>
         <input_file_ref idref="fl-6"/>
      </object_component>
      <object_component id="oc-10">
         <name>.debug_info</name>
         <load_address>0x4359</load_address>
         <run_address>0x4359</run_address>
         <size>0x10f</size>
         <input_file_ref idref="fl-6"/>
      </object_component>
      <object_component id="oc-2f">
         <name>.debug_info</name>
         <load_address>0x4468</load_address>
         <run_address>0x4468</run_address>
         <size>0x430</size>
         <input_file_ref idref="fl-6"/>
      </object_component>
      <object_component id="oc-1f7">
         <name>.debug_info</name>
         <load_address>0x4898</load_address>
         <run_address>0x4898</run_address>
         <size>0x3aa</size>
         <input_file_ref idref="fl-8"/>
      </object_component>
      <object_component id="oc-ce">
         <name>.debug_info</name>
         <load_address>0x4c42</load_address>
         <run_address>0x4c42</run_address>
         <size>0x8e3</size>
         <input_file_ref idref="fl-8"/>
      </object_component>
      <object_component id="oc-1ff">
         <name>.debug_info</name>
         <load_address>0x5525</load_address>
         <run_address>0x5525</run_address>
         <size>0x110</size>
         <input_file_ref idref="fl-8"/>
      </object_component>
      <object_component id="oc-1fa">
         <name>.debug_info</name>
         <load_address>0x5635</load_address>
         <run_address>0x5635</run_address>
         <size>0x4e</size>
         <input_file_ref idref="fl-8"/>
      </object_component>
      <object_component id="oc-26">
         <name>.debug_info</name>
         <load_address>0x5683</load_address>
         <run_address>0x5683</run_address>
         <size>0x11c</size>
         <input_file_ref idref="fl-12f"/>
      </object_component>
      <object_component id="oc-41">
         <name>.debug_info</name>
         <load_address>0x579f</load_address>
         <run_address>0x579f</run_address>
         <size>0x109</size>
         <input_file_ref idref="fl-130"/>
      </object_component>
      <object_component id="oc-15">
         <name>.debug_info</name>
         <load_address>0x58a8</load_address>
         <run_address>0x58a8</run_address>
         <size>0x1a8</size>
         <input_file_ref idref="fl-130"/>
      </object_component>
      <object_component id="oc-3c">
         <name>.debug_info</name>
         <load_address>0x5a50</load_address>
         <run_address>0x5a50</run_address>
         <size>0x46</size>
         <input_file_ref idref="fl-130"/>
      </object_component>
      <object_component id="oc-84">
         <name>.debug_info</name>
         <load_address>0x5a96</load_address>
         <run_address>0x5a96</run_address>
         <size>0x2c</size>
         <input_file_ref idref="fl-130"/>
      </object_component>
      <object_component id="oc-49">
         <name>.debug_info</name>
         <load_address>0x5ac2</load_address>
         <run_address>0x5ac2</run_address>
         <size>0xfd</size>
         <input_file_ref idref="fl-131"/>
      </object_component>
      <object_component id="oc-43">
         <name>.debug_info</name>
         <load_address>0x5bbf</load_address>
         <run_address>0x5bbf</run_address>
         <size>0x210</size>
         <input_file_ref idref="fl-131"/>
      </object_component>
      <object_component id="oc-19">
         <name>.debug_info</name>
         <load_address>0x5dcf</load_address>
         <run_address>0x5dcf</run_address>
         <size>0x17a</size>
         <input_file_ref idref="fl-131"/>
      </object_component>
      <object_component id="oc-4a">
         <name>.debug_info</name>
         <load_address>0x5f49</load_address>
         <run_address>0x5f49</run_address>
         <size>0x39</size>
         <input_file_ref idref="fl-131"/>
      </object_component>
      <object_component id="oc-5a">
         <name>.debug_info</name>
         <load_address>0x5f82</load_address>
         <run_address>0x5f82</run_address>
         <size>0xf8</size>
         <input_file_ref idref="fl-132"/>
      </object_component>
      <object_component id="oc-1f">
         <name>.debug_info</name>
         <load_address>0x607a</load_address>
         <run_address>0x607a</run_address>
         <size>0x173</size>
         <input_file_ref idref="fl-132"/>
      </object_component>
      <object_component id="oc-55">
         <name>.debug_info</name>
         <load_address>0x61ed</load_address>
         <run_address>0x61ed</run_address>
         <size>0x46</size>
         <input_file_ref idref="fl-132"/>
      </object_component>
      <object_component id="oc-ae">
         <name>.debug_info</name>
         <load_address>0x6233</load_address>
         <run_address>0x6233</run_address>
         <size>0x15a</size>
         <input_file_ref idref="fl-133"/>
      </object_component>
      <object_component id="oc-ab">
         <name>.debug_info</name>
         <load_address>0x638d</load_address>
         <run_address>0x638d</run_address>
         <size>0xff</size>
         <input_file_ref idref="fl-133"/>
      </object_component>
      <object_component id="oc-6e">
         <name>.debug_info</name>
         <load_address>0x648c</load_address>
         <run_address>0x648c</run_address>
         <size>0x1d6</size>
         <input_file_ref idref="fl-133"/>
      </object_component>
      <object_component id="oc-178">
         <name>.debug_info</name>
         <load_address>0x6662</load_address>
         <run_address>0x6662</run_address>
         <size>0xe7</size>
         <input_file_ref idref="fl-134"/>
      </object_component>
      <object_component id="oc-38">
         <name>.debug_info</name>
         <load_address>0x6749</load_address>
         <run_address>0x6749</run_address>
         <size>0xde</size>
         <input_file_ref idref="fl-135"/>
      </object_component>
      <object_component id="oc-2df">
         <name>.debug_info</name>
         <load_address>0x6827</load_address>
         <run_address>0x6827</run_address>
         <size>0xf5</size>
         <input_file_ref idref="fl-136"/>
      </object_component>
      <object_component id="oc-1ec">
         <name>.debug_info</name>
         <load_address>0x691c</load_address>
         <run_address>0x691c</run_address>
         <size>0x174</size>
         <input_file_ref idref="fl-136"/>
      </object_component>
      <object_component id="oc-79">
         <name>.debug_info</name>
         <load_address>0x6a90</load_address>
         <run_address>0x6a90</run_address>
         <size>0x1eb</size>
         <input_file_ref idref="fl-137"/>
      </object_component>
      <object_component id="oc-2b">
         <name>.debug_info</name>
         <load_address>0x6c7b</load_address>
         <run_address>0x6c7b</run_address>
         <size>0xca</size>
         <input_file_ref idref="fl-137"/>
      </object_component>
      <object_component id="oc-2e1">
         <name>.debug_info</name>
         <load_address>0x6d45</load_address>
         <run_address>0x6d45</run_address>
         <size>0x115</size>
         <input_file_ref idref="fl-137"/>
      </object_component>
      <object_component id="oc-1f1">
         <name>.debug_info</name>
         <load_address>0x6e5a</load_address>
         <run_address>0x6e5a</run_address>
         <size>0x854</size>
         <input_file_ref idref="fl-137"/>
      </object_component>
      <object_component id="oc-b4">
         <name>.debug_info</name>
         <load_address>0x76ae</load_address>
         <run_address>0x76ae</run_address>
         <size>0x2c</size>
         <input_file_ref idref="fl-137"/>
      </object_component>
      <object_component id="oc-b9">
         <name>.debug_info</name>
         <load_address>0x76da</load_address>
         <run_address>0x76da</run_address>
         <size>0x62</size>
         <input_file_ref idref="fl-137"/>
      </object_component>
      <object_component id="oc-50">
         <name>.debug_info</name>
         <load_address>0x773c</load_address>
         <run_address>0x773c</run_address>
         <size>0x10c</size>
         <input_file_ref idref="fl-138"/>
      </object_component>
      <object_component id="oc-5d">
         <name>.debug_info</name>
         <load_address>0x7848</load_address>
         <run_address>0x7848</run_address>
         <size>0x111</size>
         <input_file_ref idref="fl-139"/>
      </object_component>
      <object_component id="oc-2ca">
         <name>.debug_info</name>
         <load_address>0x7959</load_address>
         <run_address>0x7959</run_address>
         <size>0x1f5</size>
         <input_file_ref idref="fl-13a"/>
      </object_component>
      <object_component id="oc-1ac">
         <name>.debug_info</name>
         <load_address>0x7b4e</load_address>
         <run_address>0x7b4e</run_address>
         <size>0x24d</size>
         <input_file_ref idref="fl-13a"/>
      </object_component>
      <object_component id="oc-39e">
         <name>.debug_info</name>
         <load_address>0x7d9b</load_address>
         <run_address>0x7d9b</run_address>
         <size>0xae</size>
         <input_file_ref idref="fl-13a"/>
      </object_component>
      <object_component id="oc-74">
         <name>.debug_info</name>
         <load_address>0x7e49</load_address>
         <run_address>0x7e49</run_address>
         <size>0xd2</size>
         <input_file_ref idref="fl-13b"/>
      </object_component>
      <object_component id="oc-2dd">
         <name>.debug_info</name>
         <load_address>0x7f1b</load_address>
         <run_address>0x7f1b</run_address>
         <size>0xb3</size>
         <input_file_ref idref="fl-13c"/>
      </object_component>
      <object_component id="oc-1e6">
         <name>.debug_info</name>
         <load_address>0x7fce</load_address>
         <run_address>0x7fce</run_address>
         <size>0x193</size>
         <input_file_ref idref="fl-13c"/>
      </object_component>
      <object_component id="oc-2cf">
         <name>.debug_info</name>
         <load_address>0x8161</load_address>
         <run_address>0x8161</run_address>
         <size>0x191</size>
         <input_file_ref idref="fl-13d"/>
      </object_component>
      <object_component id="oc-1d3">
         <name>.debug_info</name>
         <load_address>0x82f2</load_address>
         <run_address>0x82f2</run_address>
         <size>0x325</size>
         <input_file_ref idref="fl-13d"/>
      </object_component>
      <object_component id="oc-2d0">
         <name>.debug_info</name>
         <load_address>0x8617</load_address>
         <run_address>0x8617</run_address>
         <size>0x2c</size>
         <input_file_ref idref="fl-13d"/>
      </object_component>
      <object_component id="oc-2d5">
         <name>.debug_info</name>
         <load_address>0x8643</load_address>
         <run_address>0x8643</run_address>
         <size>0x69</size>
         <input_file_ref idref="fl-13d"/>
      </object_component>
      <object_component id="oc-1c5">
         <name>.debug_info</name>
         <load_address>0x86ac</load_address>
         <run_address>0x86ac</run_address>
         <size>0xed</size>
         <input_file_ref idref="fl-13e"/>
      </object_component>
      <object_component id="oc-a8">
         <name>.debug_info</name>
         <load_address>0x8799</load_address>
         <run_address>0x8799</run_address>
         <size>0xdc</size>
         <input_file_ref idref="fl-13e"/>
      </object_component>
      <object_component id="oc-1c0">
         <name>.debug_info</name>
         <load_address>0x8875</load_address>
         <run_address>0x8875</run_address>
         <size>0x1e8</size>
         <input_file_ref idref="fl-13e"/>
      </object_component>
      <object_component id="oc-38e">
         <name>.debug_info</name>
         <load_address>0x8a5d</load_address>
         <run_address>0x8a5d</run_address>
         <size>0x320</size>
         <input_file_ref idref="fl-13f"/>
      </object_component>
      <object_component id="oc-2c1">
         <name>.debug_info</name>
         <load_address>0x8d7d</load_address>
         <run_address>0x8d7d</run_address>
         <size>0x17d0</size>
         <input_file_ref idref="fl-13f"/>
      </object_component>
      <object_component id="oc-38f">
         <name>.debug_info</name>
         <load_address>0xa54d</load_address>
         <run_address>0xa54d</run_address>
         <size>0x86</size>
         <input_file_ref idref="fl-13f"/>
      </object_component>
      <object_component id="oc-41c">
         <name>.debug_info</name>
         <load_address>0xa5d3</load_address>
         <run_address>0xa5d3</run_address>
         <size>0x46</size>
         <input_file_ref idref="fl-13f"/>
      </object_component>
      <object_component id="oc-394">
         <name>.debug_info</name>
         <load_address>0xa619</load_address>
         <run_address>0xa619</run_address>
         <size>0x39</size>
         <input_file_ref idref="fl-13f"/>
      </object_component>
      <object_component id="oc-a6">
         <name>.debug_info</name>
         <load_address>0xa652</load_address>
         <run_address>0xa652</run_address>
         <size>0x12f</size>
         <input_file_ref idref="fl-140"/>
      </object_component>
      <object_component id="oc-69">
         <name>.debug_info</name>
         <load_address>0xa781</load_address>
         <run_address>0xa781</run_address>
         <size>0x130</size>
         <input_file_ref idref="fl-140"/>
      </object_component>
      <object_component id="oc-1b8">
         <name>.debug_info</name>
         <load_address>0xa8b1</load_address>
         <run_address>0xa8b1</run_address>
         <size>0x5e</size>
         <input_file_ref idref="fl-140"/>
      </object_component>
      <object_component id="oc-419">
         <name>.debug_info</name>
         <load_address>0xa90f</load_address>
         <run_address>0xa90f</run_address>
         <size>0xdd</size>
         <input_file_ref idref="fl-141"/>
      </object_component>
      <object_component id="oc-388">
         <name>.debug_info</name>
         <load_address>0xa9ec</load_address>
         <run_address>0xa9ec</run_address>
         <size>0x13a</size>
         <input_file_ref idref="fl-141"/>
      </object_component>
      <object_component id="oc-9e">
         <name>.debug_info</name>
         <load_address>0xab26</load_address>
         <run_address>0xab26</run_address>
         <size>0x286</size>
         <input_file_ref idref="fl-142"/>
      </object_component>
      <object_component id="oc-63">
         <name>.debug_info</name>
         <load_address>0xadac</load_address>
         <run_address>0xadac</run_address>
         <size>0x140</size>
         <input_file_ref idref="fl-142"/>
      </object_component>
      <object_component id="oc-c2">
         <name>.debug_info</name>
         <load_address>0xaeec</load_address>
         <run_address>0xaeec</run_address>
         <size>0x39</size>
         <input_file_ref idref="fl-142"/>
      </object_component>
      <object_component id="oc-c7">
         <name>.debug_info</name>
         <load_address>0xaf25</load_address>
         <run_address>0xaf25</run_address>
         <size>0xcd</size>
         <input_file_ref idref="fl-142"/>
      </object_component>
      <object_component id="oc-bf">
         <name>.debug_info</name>
         <load_address>0xaff2</load_address>
         <run_address>0xaff2</run_address>
         <size>0x1a9</size>
         <input_file_ref idref="fl-143"/>
      </object_component>
      <object_component id="oc-9b">
         <name>.debug_info</name>
         <load_address>0xb19b</load_address>
         <run_address>0xb19b</run_address>
         <size>0x14c</size>
         <input_file_ref idref="fl-143"/>
      </object_component>
      <object_component id="oc-1cd">
         <name>.debug_info</name>
         <load_address>0xb2e7</load_address>
         <run_address>0xb2e7</run_address>
         <size>0x2c</size>
         <input_file_ref idref="fl-143"/>
      </object_component>
      <object_component id="oc-475">
         <name>.debug_info</name>
         <load_address>0xb313</load_address>
         <run_address>0xb313</run_address>
         <size>0xb7</size>
         <input_file_ref idref="fl-144"/>
      </object_component>
      <object_component id="oc-416">
         <name>.debug_info</name>
         <load_address>0xb3ca</load_address>
         <run_address>0xb3ca</run_address>
         <size>0xc3</size>
         <input_file_ref idref="fl-144"/>
      </object_component>
      <object_component id="oc-39b">
         <name>.debug_info</name>
         <load_address>0xb48d</load_address>
         <run_address>0xb48d</run_address>
         <size>0xd9</size>
         <input_file_ref idref="fl-145"/>
      </object_component>
      <object_component id="oc-2c7">
         <name>.debug_info</name>
         <load_address>0xb566</load_address>
         <run_address>0xb566</run_address>
         <size>0xc0</size>
         <input_file_ref idref="fl-145"/>
      </object_component>
      <object_component id="oc-4bc">
         <name>.debug_info</name>
         <load_address>0xb626</load_address>
         <run_address>0xb626</run_address>
         <size>0xca</size>
         <input_file_ref idref="fl-145"/>
      </object_component>
      <object_component id="oc-3ce">
         <name>.debug_info</name>
         <load_address>0xb6f0</load_address>
         <run_address>0xb6f0</run_address>
         <size>0x14d</size>
         <input_file_ref idref="fl-145"/>
      </object_component>
      <object_component id="oc-365">
         <name>.debug_info</name>
         <load_address>0xb83d</load_address>
         <run_address>0xb83d</run_address>
         <size>0x111</size>
[...]
      </symbol>
      <symbol id="sm-649">
         <name>putchar</name>
         <value>0x20008b5d</value>
         <object_component_ref idref="oc-2b4"/>
      </symbol>
      <symbol id="sm-66b">
         <name>puts</name>
         <value>0x20008271</value>
         <object_component_ref idref="oc-2ba"/>
      </symbol>
      <symbol id="sm-66c">
         <name>fputs</name>
         <value>0x20008165</value>
         <object_component_ref idref="oc-2ba"/>
      </symbol>
      <symbol id="sm-679">
         <name>frexp</name>
         <value>0x20009823</value>
         <object_component_ref idref="oc-369"/>
      </symbol>
      <symbol id="sm-685">
         <name>__aeabi_i2d</name>
         <value>0x200096dd</value>
         <object_component_ref idref="oc-35f"/>
      </symbol>
      <symbol id="sm-696">
         <name>ldexp</name>
         <value>0x200093e9</value>
         <object_component_ref idref="oc-36f"/>
      </symbol>
      <symbol id="sm-6e8">
         <name>open</name>
         <value>0x20007223</value>
         <object_component_ref idref="oc-32b"/>
      </symbol>
      <symbol id="sm-6e9">
         <name>add_device</name>
         <value>0x20007345</value>
         <object_component_ref idref="oc-32b"/>
      </symbol>
      <symbol id="sm-6ea">
         <name>remove_device</name>
         <value>0x200071d7</value>
         <object_component_ref idref="oc-32b"/>
      </symbol>
      <symbol id="sm-6eb">
         <name>lseek</name>
         <value>0x200072d1</value>
         <object_component_ref idref="oc-32b"/>
      </symbol>
      <symbol id="sm-6ec">
         <name>read</name>
         <value>0x200071ff</value>
         <object_component_ref idref="oc-32b"/>
      </symbol>
      <symbol id="sm-6ed">
         <name>rename</name>
         <value>0x20007199</value>
         <object_component_ref idref="oc-32b"/>
      </symbol>
      <symbol id="sm-6ee">
         <name>write</name>
         <value>0x200070e5</value>
         <object_component_ref idref="oc-32b"/>
      </symbol>
      <symbol id="sm-6ef">
         <name>close</name>
         <value>0x200072f5</value>
         <object_component_ref idref="oc-32b"/>
      </symbol>
      <symbol id="sm-6f0">
         <name>unlink</name>
         <value>0x20007175</value>
         <object_component_ref idref="oc-32b"/>
      </symbol>
      <symbol id="sm-6ff">
         <name>ltoa</name>
         <value>0x20009269</value>
         <object_component_ref idref="oc-359"/>
      </symbol>
      <symbol id="sm-70f">
         <name>memccpy</name>
         <value>0x200099b1</value>
         <object_component_ref idref="oc-381"/>
      </symbol>
      <symbol id="sm-71f">
         <name>memchr</name>
         <value>0x200098a5</value>
         <object_component_ref idref="oc-333"/>
      </symbol>
      <symbol id="sm-72f">
         <name>strchr</name>
         <value>0x20009baf</value>
         <object_component_ref idref="oc-375"/>
      </symbol>
      <symbol id="sm-73e">
         <name>strcmp</name>
         <value>0x20009b29</value>
         <object_component_ref idref="oc-3d2"/>
      </symbol>
      <symbol id="sm-74e">
         <name>strncpy</name>
         <value>0x2000967d</value>
         <object_component_ref idref="oc-3d8"/>
      </symbol>
      <symbol id="sm-76f">
         <name>HOSTgetenv</name>
         <value>0x20007607</value>
         <object_component_ref idref="oc-43f"/>
      </symbol>
      <symbol id="sm-770">
         <name>HOSTrename</name>
         <value>0x200074af</value>
         <object_component_ref idref="oc-43f"/>
      </symbol>
      <symbol id="sm-771">
         <name>HOSTclose</name>
         <value>0x20007645</value>
         <object_component_ref idref="oc-43f"/>
      </symbol>
      <symbol id="sm-772">
         <name>HOSTunlink</name>
         <value>0x2000743d</value>
         <object_component_ref idref="oc-43f"/>
      </symbol>
      <symbol id="sm-773">
         <name>HOSTlseek</name>
         <value>0x200075ab</value>
         <object_component_ref idref="oc-43f"/>
      </symbol>
      <symbol id="sm-774">
         <name>HOSTopen</name>
         <value>0x20007559</value>
         <object_component_ref idref="oc-43f"/>
      </symbol>
      <symbol id="sm-775">
         <name>HOSTclock</name>
         <value>0x2000767d</value>
         <object_component_ref idref="oc-43f"/>
      </symbol>
      <symbol id="sm-776">
         <name>HOSTwrite</name>
         <value>0x200073f1</value>
         <object_component_ref idref="oc-43f"/>
      </symbol>
      <symbol id="sm-777">
         <name>HOSTread</name>
         <value>0x2000750d</value>
         <object_component_ref idref="oc-43f"/>
      </symbol>
      <symbol id="sm-778">
         <name>HOSTtime</name>
         <value>0x20007475</value>
         <object_component_ref idref="oc-43f"/>
      </symbol>
      <symbol id="sm-793">
         <name>__TI_readmsg</name>
         <value>0x2000910f</value>
         <object_component_ref idref="oc-48b"/>
      </symbol>
      <symbol id="sm-794">
         <name>C$$IO$$</name>
         <value>0x2000910b</value>
         <object_component_ref idref="oc-48b"/>
      </symbol>
      <symbol id="sm-795">
         <name>__CIOBUF_</name>
         <value>0x20017b48</value>
         <object_component_ref idref="oc-4c2"/>
      </symbol>
      <symbol id="sm-796">
         <name>__TI_writemsg</name>
         <value>0x200090dd</value>
         <object_component_ref idref="oc-48b"/>
      </symbol>
      <symbol id="sm-7c0">
         <name>__aeabi_uldivmod</name>
         <value>0x20007945</value>
         <object_component_ref idref="oc-33b"/>
      </symbol>
      <symbol id="sm-7ce">
         <name>_Dclass</name>
         <value>0x20009765</value>
         <object_component_ref idref="oc-37b"/>
      </symbol>
      <symbol id="sm-7ef">
         <name>_Dscale</name>
         <value>0x20008299</value>
         <object_component_ref idref="oc-401"/>
      </symbol>
      <symbol id="sm-803">
         <name>_Dunscale</name>
         <value>0x20009145</value>
         <object_component_ref idref="oc-3f9"/>
      </symbol>
      <symbol id="sm-812">
         <name>_Feraise</name>
         <value>0x200096ad</value>
         <object_component_ref idref="oc-407"/>
      </symbol>
      <symbol id="sm-822">
         <name>_Rteps</name>
         <value>0x20017ad0</value>
         <object_component_ref idref="oc-45c"/>
      </symbol>
      <symbol id="sm-823">
         <name>_Zero</name>
         <value>0x20017ae8</value>
         <object_component_ref idref="oc-45c"/>
      </symbol>
      <symbol id="sm-824">
         <name>_Hugeval</name>
         <value>0x20017a90</value>
         <object_component_ref idref="oc-45c"/>
      </symbol>
      <symbol id="sm-825">
         <name>_Snan</name>
         <value>0x20017ac0</value>
         <object_component_ref idref="oc-45c"/>
      </symbol>
      <symbol id="sm-826">
         <name>_Nan</name>
         <value>0x20017ab0</value>
         <object_component_ref idref="oc-45c"/>
      </symbol>
      <symbol id="sm-827">
         <name>_Inf</name>
         <value>0x20017aa0</value>
         <object_component_ref idref="oc-45c"/>
      </symbol>
      <symbol id="sm-828">
         <name>_Xbig</name>
         <value>0x20017ae0</value>
         <object_component_ref idref="oc-45c"/>
      </symbol>
      <symbol id="sm-829">
         <name>_Eps</name>
         <value>0x20017a80</value>
         <object_component_ref idref="oc-45c"/>
      </symbol>
      <symbol id="sm-82a">
         <name>_Denorm</name>
         <value>0x20017a70</value>
         <object_component_ref idref="oc-45c"/>
      </symbol>
      <symbol id="sm-848">
         <name>__TI_wrt_ok</name>
         <value>0x20008707</value>
         <object_component_ref idref="oc-31f"/>
      </symbol>
      <symbol id="sm-849">
         <name>__TI_rd_ok</name>
         <value>0x20008769</value>
         <object_component_ref idref="oc-31f"/>
      </symbol>
      <symbol id="sm-851">
         <name>_Errno</name>
         <value>0x20017b3c</value>
         <object_component_ref idref="oc-467"/>
      </symbol>
      <symbol id="sm-86f">
         <name>feraiseexcept</name>
         <value>0x200095e9</value>
         <object_component_ref idref="oc-461"/>
      </symbol>
      <symbol id="sm-870">
         <name>_Tls_setup__Fenv</name>
         <value>0x20017b38</value>
         <object_component_ref idref="oc-4b3"/>
      </symbol>
      <symbol id="sm-871">
         <name>_Fenv</name>
         <value>0x20017b34</value>
         <object_component_ref idref="oc-4b3"/>
      </symbol>
      <symbol id="sm-88b">
         <name>__TI_doflush</name>
         <value>0x20008581</value>
         <object_component_ref idref="oc-325"/>
      </symbol>
      <symbol id="sm-88c">
         <name>fflush</name>
         <value>0x200085cd</value>
         <object_component_ref idref="oc-325"/>
      </symbol>
      <symbol id="sm-89e">
         <name>fseek</name>
         <value>0x200091ad</value>
         <object_component_ref idref="oc-3bf"/>
      </symbol>
      <symbol id="sm-8b2">
         <name>raise</name>
         <value>0x2000970b</value>
         <object_component_ref idref="oc-4ad"/>
      </symbol>
      <symbol id="sm-8ce">
         <name>setvbuf</name>
         <value>0x200084a5</value>
         <object_component_ref idref="oc-3c5"/>
      </symbol>
      <symbol id="sm-8e8">
         <name>signal</name>
         <value>0x200094f9</value>
         <object_component_ref idref="oc-4cd"/>
      </symbol>
      <symbol id="sm-8f6">
         <name>strcpy</name>
         <value>0x20009c15</value>
         <object_component_ref idref="oc-491"/>
      </symbol>
      <symbol id="sm-90b">
         <name>_Dnorm</name>
         <value>0x20008649</value>
         <object_component_ref idref="oc-452"/>
      </symbol>
      <symbol id="sm-93d">
         <name>__TI_cleanup</name>
         <value>0x20007c01</value>
         <object_component_ref idref="oc-428"/>
      </symbol>
      <symbol id="sm-93e">
         <name>freopen</name>
         <value>0x20007c2d</value>
         <object_component_ref idref="oc-428"/>
      </symbol>
      <symbol id="sm-93f">
         <name>fopen</name>
         <value>0x20007c57</value>
         <object_component_ref idref="oc-428"/>
      </symbol>
      <symbol id="sm-955">
         <name>__TI_closefile</name>
         <value>0x20008a41</value>
         <object_component_ref idref="oc-47c"/>
      </symbol>
      <symbol id="sm-956">
         <name>fclose</name>
         <value>0x20008aa7</value>
         <object_component_ref idref="oc-47c"/>
      </symbol>
      <symbol id="sm-9b5">
         <name>GPIOIntRegister</name>
         <value>0x200098c5</value>
         <object_component_ref idref="oc-15d"/>
      </symbol>
      <symbol id="sm-9b6">
         <name>GPIOIntDisable</name>
         <value>0x200099cd</value>
         <object_component_ref idref="oc-151"/>
      </symbol>
      <symbol id="sm-9b7">
         <name>GPIOIntEnable</name>
         <value>0x200099e7</value>
         <object_component_ref idref="oc-163"/>
      </symbol>
      <symbol id="sm-9b8">
         <name>GPIOIntTypeSet</name>
         <value>0x20008e21</value>
         <object_component_ref idref="oc-169"/>
      </symbol>
      <symbol id="sm-9b9">
         <name>GPIOIntClear</name>
         <value>0x20009bd9</value>
         <object_component_ref idref="oc-17a"/>
      </symbol>
      <symbol id="sm-9ba">
         <name>GPIOPinRead</name>
         <value>0x20009a4f</value>
         <object_component_ref idref="oc-16f"/>
      </symbol>
      <symbol id="sm-9bb">
         <name>GPIODirModeSet</name>
         <value>0x200095b1</value>
         <object_component_ref idref="oc-27f"/>
      </symbol>
      <symbol id="sm-9bc">
         <name>GPIOPinWrite</name>
         <value>0x20009845</value>
         <object_component_ref idref="oc-292"/>
      </symbol>
      <symbol id="sm-9fd">
         <name>IntVTableBaseSet</name>
         <value>0x20009bed</value>
         <object_component_ref idref="oc-d2"/>
      </symbol>
      <symbol id="sm-9fe">
         <name>IntEnable</name>
         <value>0x200087b5</value>
         <object_component_ref idref="oc-de"/>
      </symbol>
      <symbol id="sm-9ff">
         <name>IntRegister</name>
         <value>0x20009865</value>
         <object_component_ref idref="oc-25c"/>
      </symbol>
      <symbol id="sm-a00">
         <name>IntMasterEnable</name>
         <value>0x20009ca9</value>
         <object_component_ref idref="oc-d8"/>
      </symbol>
      <symbol id="sm-a3f">
         <name>PinTypeUART</name>
         <value>0x20009a1b</value>
         <object_component_ref idref="oc-28b"/>
      </symbol>
      <symbol id="sm-a40">
         <name>PinTypeGPIO</name>
         <value>0x2000961d</value>
         <object_component_ref idref="oc-279"/>
      </symbol>
      <symbol id="sm-a41">
         <name>PinConfigSet</name>
         <value>0x20008c05</value>
         <object_component_ref idref="oc-307"/>
      </symbol>
      <symbol id="sm-a42">
         <name>PinTypeSPI</name>
         <value>0x20009a01</value>
         <object_component_ref idref="oc-285"/>
      </symbol>
      <symbol id="sm-a43">
         <name>PinModeSet</name>
         <value>0x200094b9</value>
         <object_component_ref idref="oc-30d"/>
      </symbol>
      <symbol id="sm-ac9">
         <name>PRCMPeripheralReset</name>
         <value>0x20009211</value>
         <object_component_ref idref="oc-22d"/>
      </symbol>
      <symbol id="sm-aca">
         <name>PRCMPeripheralClkEnable</name>
         <value>0x20009539</value>
         <object_component_ref idref="oc-227"/>
      </symbol>
      <symbol id="sm-acb">
         <name>PRCMPeripheralClockGet</name>
         <value>0x20008b71</value>
         <object_component_ref idref="oc-f6"/>
      </symbol>
      <symbol id="sm-acc">
         <name>PRCMCC3200MCUInit</name>
         <value>0x20007eb5</value>
         <object_component_ref idref="oc-e4"/>
      </symbol>
      <symbol id="sm-acd">
         <name>PRCMHIBRegWrite</name>
         <value>0x20009b57</value>
         <object_component_ref idref="oc-221"/>
      </symbol>
      <symbol id="sm-ace">
         <name>PRCMSysResetCauseGet</name>
         <value>0x20009739</value>
         <object_component_ref idref="oc-215"/>
      </symbol>
      <symbol id="sm-acf">
         <name>PRCMPeripheralClkDisable</name>
         <value>0x20009791</value>
         <object_component_ref idref="oc-233"/>
      </symbol>
      <symbol id="sm-ad0">
         <name>PRCMHIBRegRead</name>
         <value>0x20009b41</value>
         <object_component_ref idref="oc-21b"/>
      </symbol>
      <symbol id="sm-b1d">
         <name>SPICSEnable</name>
         <value>0x20009a7f</value>
         <object_component_ref idref="oc-298"/>
      </symbol>
      <symbol id="sm-b1e">
         <name>SPIFIFOEnable</name>
         <value>0x20009a35</value>
         <object_component_ref idref="oc-f0"/>
      </symbol>
      <symbol id="sm-b1f">
         <name>SPIDataPut</name>
         <value>0x200098e3</value>
         <object_component_ref idref="oc-29e"/>
      </symbol>
      <symbol id="sm-b20">
         <name>SPIEnable</name>
         <value>0x20009a97</value>
         <object_component_ref idref="oc-102"/>
      </symbol>
      <symbol id="sm-b21">
         <name>SPIDataGet</name>
         <value>0x20009885</value>
         <object_component_ref idref="oc-2a4"/>
      </symbol>
      <symbol id="sm-b22">
         <name>SPIConfigSetExpClk</name>
         <value>0x20008905</value>
         <object_component_ref idref="oc-fc"/>
      </symbol>
      <symbol id="sm-b23">
         <name>SPIReset</name>
         <value>0x20009801</value>
         <object_component_ref idref="oc-ea"/>
      </symbol>
      <symbol id="sm-b24">
         <name>SPICSDisable</name>
         <value>0x20009a67</value>
         <object_component_ref idref="oc-2aa"/>
      </symbol>
      <symbol id="sm-b5b">
         <name>SysTickEnable</name>
         <value>0x20009c61</value>
         <object_component_ref idref="oc-157"/>
      </symbol>
      <symbol id="sm-b5c">
         <name>SysTickIntRegister</name>
         <value>0x20009979</value>
         <object_component_ref idref="oc-18c"/>
      </symbol>
      <symbol id="sm-b5d">
         <name>SysTickIntEnable</name>
         <value>0x20009c71</value>
         <object_component_ref idref="oc-186"/>
      </symbol>
      <symbol id="sm-b5e">
         <name>SysTickPeriodSet</name>
         <value>0x20009ab1</value>
         <object_component_ref idref="oc-192"/>
      </symbol>
      <symbol id="sm-b5f">
         <name>SysTickDisable</name>
         <value>0x20009c51</value>
         <object_component_ref idref="oc-180"/>
      </symbol>
      <symbol id="sm-bf8">
         <name>UARTFIFODisable</name>
         <value>0x20009b83</value>
         <object_component_ref idref="oc-13f"/>
      </symbol>
      <symbol id="sm-bf9">
         <name>UARTConfigSetExpClk</name>
         <value>0x20008f1d</value>
         <object_component_ref idref="oc-133"/>
      </symbol>
      <symbol id="sm-bfa">
         <name>UARTDisable</name>
         <value>0x2000964d</value>
         <object_component_ref idref="oc-24d"/>
      </symbol>
      <symbol id="sm-bfb">
         <name>UARTIntEnable</name>
         <value>0x20009af9</value>
         <object_component_ref idref="oc-115"/>
      </symbol>
      <symbol id="sm-bfc">
         <name>UARTCharsAvail</name>
         <value>0x20009ac9</value>
         <object_component_ref idref="oc-1d8"/>
      </symbol>
      <symbol id="sm-bfd">
         <name>UARTCharGetNonBlocking</name>
         <value>0x20009995</value>
         <object_component_ref idref="oc-1de"/>
      </symbol>
      <symbol id="sm-bfe">
         <name>UARTIntDisable</name>
         <value>0x20009ae1</value>
         <object_component_ref idref="oc-108"/>
      </symbol>
      <symbol id="sm-bff">
         <name>UARTCharPut</name>
         <value>0x20009901</value>
         <object_component_ref idref="oc-10e"/>
      </symbol>
      <symbol id="sm-c00">
         <name>UARTEnable</name>
         <value>0x200097b9</value>
         <object_component_ref idref="oc-139"/>
      </symbol>
      <symbol id="sm-c01">
         <name>UARTFIFOEnable</name>
         <value>0x20009b99</value>
         <object_component_ref idref="oc-14b"/>
      </symbol>
      <symbol id="sm-c02">
         <name>UARTIntClear</name>
         <value>0x20009c3d</value>
         <object_component_ref idref="oc-121"/>
      </symbol>
      <symbol id="sm-c03">
         <name>UARTIntStatus</name>
         <value>0x2000993d</value>
         <object_component_ref idref="oc-11b"/>
      </symbol>
      <symbol id="sm-c04">
         <name>UARTCharGet</name>
         <value>0x20009b6d</value>
         <object_component_ref idref="oc-127"/>
      </symbol>
      <symbol id="sm-c05">
         <name>UARTIntRegister</name>
         <value>0x2000991f</value>
         <object_component_ref idref="oc-145"/>
      </symbol>
      <symbol id="sm-c09">
         <name>UtilsDelay</name>
         <value>0x20009cb3</value>
         <object_component_ref idref="oc-114"/>
      </symbol>
      <symbol id="sm-c13">
         <name>CPUcpsie</name>
         <value>0x20009bc5</value>
         <object_component_ref idref="oc-205"/>
      </symbol>
      <symbol id="sm-c15">
         <name>__TI_static_base__</name>
         <value>0x2000a4f8</value>
      </symbol>
      <symbol id="sm-c18">
         <name>SHT$$INIT_ARRAY$$Limit</name>
         <value>0x0</value>
      </symbol>
      <symbol id="sm-c19">
         <name>SHT$$INIT_ARRAY$$Base</name>
         <value>0x0</value>
      </symbol>
      <symbol id="sm-c1a">
         <name>remove</name>
         <value>0x20007175</value>
      </symbol>
   </symbol_table>
   <title>Link successful</title>
</link_info>
