<?xml version="1.0"?>
<link_info>
   <banner>TI ARM Linker PC v5.2.5</banner>
   <copyright>Copyright (c) 1996-2015 Texas Instruments Incorporated</copyright>
   <link_time>0x572452fe</link_time>
   <link_errors>0x0</link_errors>
   <output_file>uart_demo.out</output_file>
   <entry_point>
      <name>_c_int00</name>
      <address>0x20009571</address>
   </entry_point>
   <input_file_list>
      <input_file id="fl-2">
         <path>.\</path>
         <kind>object</kind>
         <file>Adafruit_GFX.obj</file>
         <name>Adafruit_GFX.obj</name>
      </input_file>
      <input_file id="fl-3">
         <path>.\</path>
         <kind>object</kind>
         <file>Adafruit_OLED.obj</file>
         <name>Adafruit_OLED.obj</name>
      </input_file>
      <input_file id="fl-4">
         <path>.\</path>
         <kind>object</kind>
         <file>main.obj</file>
         <name>main.obj</name>
      </input_file>
      <input_file id="fl-5">
         <path>.\</path>
         <kind>object</kind>
         <file>pinmux.obj</file>
         <name>pinmux.obj</name>
      </input_file>
      <input_file id="fl-6">
         <path>.\</path>
         <kind>object</kind>
         <file>startup_ccs.obj</file>
         <name>startup_ccs.obj</name>
      </input_file>
      <input_file id="fl-7">
         <path>.\</path>
         <kind>object</kind>
         <file>test.obj</file>
         <name>test.obj</name>
      </input_file>
      <input_file id="fl-8">
         <path>.\</path>
         <kind>object</kind>
         <file>uart_if.obj</file>
         <name>uart_if.obj</name>
      </input_file>
      <input_file id="fl-12f">
         <path>C:\ti\ccsv6\tools\compiler\ti-cgt-arm_5.2.5\lib\</path>
         <kind>archive</kind>
         <file>rtsv7M4_T_le_eabi.lib</file>
         <name>boot.obj</name>
      </input_file>
      <input_file id="fl-130">
         <path>C:\ti\ccsv6\tools\compiler\ti-cgt-arm_5.2.5\lib\</path>
         <kind>archive</kind>
         <file>rtsv7M4_T_le_eabi.lib</file>
         <name>copy_decompress_none.obj</name>
      </input_file>
      <input_file id="fl-131">
         <path>C:\ti\ccsv6\tools\compiler\ti-cgt-arm_5.2.5\lib\</path>
         <kind>archive</kind>
         <file>rtsv7M4_T_le_eabi.lib</file>
         <name>copy_decompress_rle.obj</name>
      </input_file>
      <input_file id="fl-132">
         <path>C:\ti\ccsv6\tools\compiler\ti-cgt-arm_5.2.5\lib\</path>
         <kind>archive</kind>
         <file>rtsv7M4_T_le_eabi.lib</file>
         <name>copy_zero_init.obj</name>
      </input_file>
      <input_file id="fl-133">
         <path>C:\ti\ccsv6\tools\compiler\ti-cgt-arm_5.2.5\lib\</path>
         <kind>archive</kind>
         <file>rtsv7M4_T_le_eabi.lib</file>
         <name>exit.obj</name>
      </input_file>
      <input_file id="fl-134">
         <path>C:\ti\ccsv6\tools\compiler\ti-cgt-arm_5.2.5\lib\</path>
         <kind>archive</kind>
         <file>rtsv7M4_T_le_eabi.lib</file>
         <name>ll_lsl_t2.obj</name>
      </input_file>
      <input_file id="fl-135">
         <path>C:\ti\ccsv6\tools\compiler\ti-cgt-arm_5.2.5\lib\</path>
         <kind>archive</kind>
         <file>rtsv7M4_T_le_eabi.lib</file>
         <name>memcpy_t2.obj</name>
      </input_file>
      <input_file id="fl-136">
         <path>C:\ti\ccsv6\tools\compiler\ti-cgt-arm_5.2.5\lib\</path>
         <kind>archive</kind>
         <file>rtsv7M4_T_le_eabi.lib</file>
         <name>memmov.obj</name>
      </input_file>
      <input_file id="fl-137">
         <path>C:\ti\ccsv6\tools\compiler\ti-cgt-arm_5.2.5\lib\</path>
         <kind>archive</kind>
         <file>rtsv7M4_T_le_eabi.lib</file>
         <name>memory.obj</name>
      </input_file>
      <input_file id="fl-138">
         <path>C:\ti\ccsv6\tools\compiler\ti-cgt-arm_5.2.5\lib\</path>
         <kind>archive</kind>
         <file>rtsv7M4_T_le_eabi.lib</file>
         <name>memset_t2.obj</name>
      </input_file>
      <input_file id="fl-139">
         <path>C:\ti\ccsv6\tools\compiler\ti-cgt-arm_5.2.5\lib\</path>
         <kind>archive</kind>
         <file>rtsv7M4_T_le_eabi.lib</file>
         <name>pre_init.obj</name>
      </input_file>
      <input_file id="fl-13a">
         <path>C:\ti\ccsv6\tools\compiler\ti-cgt-arm_5.2.5\lib\</path>
         <kind>archive</kind>
         <file>rtsv7M4_T_le_eabi.lib</file>
         <name>printf.obj</name>
      </input_file>
      <input_file id="fl-13b">
         <path>C:\ti\ccsv6\tools\compiler\ti-cgt-arm_5.2.5\lib\</path>
         <kind>archive</kind>
         <file>rtsv7M4_T_le_eabi.lib</file>
         <name>stkdepth_vars.obj</name>
      </input_file>
      <input_file id="fl-13c">
         <path>C:\ti\ccsv6\tools\compiler\ti-cgt-arm_5.2.5\lib\</path>
         <kind>archive</kind>
         <file>rtsv7M4_T_le_eabi.lib</file>
         <name>strlen.obj</name>
      </input_file>
      <input_file id="fl-13d">
         <path>C:\ti\ccsv6\tools\compiler\ti-cgt-arm_5.2.5\lib\</path>
         <kind>archive</kind>
         <file>rtsv7M4_T_le_eabi.lib</file>
         <name>vsnprintf.obj</name>
      </input_file>
      <input_file id="fl-13e">
         <path>C:\ti\ccsv6\tools\compiler\ti-cgt-arm_5.2.5\lib\</path>
         <kind>archive</kind>
         <file>rtsv7M4_T_le_eabi.lib</file>
         <name>_lock.obj</name>
      </input_file>
      <input_file id="fl-13f">
         <path>C:\ti\ccsv6\tools\compiler\ti-cgt-arm_5.2.5\lib\</path>
         <kind>archive</kind>
         <file>rtsv7M4_T_le_eabi.lib</file>
         <name>_printfi.obj</name>
      </input_file>
      <input_file id="fl-140">
         <path>C:\ti\ccsv6\tools\compiler\ti-cgt-arm_5.2.5\lib\</path>
         <kind>archive</kind>
         <file>rtsv7M4_T_le_eabi.lib</file>
         <name>args_main.obj</name>
      </input_file>
      <input_file id="fl-141">
         <path>C:\ti\ccsv6\tools\compiler\ti-cgt-arm_5.2.5\lib\</path>
         <kind>archive</kind>
         <file>rtsv7M4_T_le_eabi.lib</file>
         <name>atoi.obj</name>
      </input_file>
      <input_file id="fl-142">
         <path>C:\ti\ccsv6\tools\compiler\ti-cgt-arm_5.2.5\lib\</path>
         <kind>archive</kind>
         <file>rtsv7M4_T_le_eabi.lib</file>
         <name>autoinit.obj</name>
      </input_file>
      <input_file id="fl-143">
         <path>C:\ti\ccsv6\tools\compiler\ti-cgt-arm_5.2.5\lib\</path>
         <kind>archive</kind>
         <file>rtsv7M4_T_le_eabi.lib</file>
         <name>cpy_tbl.obj</name>
      </input_file>
      <input_file id="fl-144">
         <path>C:\ti\ccsv6\tools\compiler\ti-cgt-arm_5.2.5\lib\</path>
         <kind>archive</kind>
         <file>rtsv7M4_T_le_eabi.lib</file>
         <name>ctype.obj</name>
      </input_file>
      <input_file id="fl-145">
         <path>C:\ti\ccsv6\tools\compiler\ti-cgt-arm_5.2.5\lib\</path>
         <kind>archive</kind>
         <file>rtsv7M4_T_le_eabi.lib</file>
         <name>defs.obj</name>
      </input_file>
      <input_file id="fl-146">
         <path>C:\ti\ccsv6\tools\compiler\ti-cgt-arm_5.2.5\lib\</path>
         <kind>archive</kind>
         <file>rtsv7M4_T_le_eabi.lib</file>
         <name>fd_add_t2.obj</name>
      </input_file>
      <input_file id="fl-147">
         <path>C:\ti\ccsv6\tools\compiler\ti-cgt-arm_5.2.5\lib\</path>
         <kind>archive</kind>
         <file>rtsv7M4_T_le_eabi.lib</file>
         <name>fd_cmp_t2.obj</name>
      </input_file>
      <input_file id="fl-148">
         <path>C:\ti\ccsv6\tools\compiler\ti-cgt-arm_5.2.5\lib\</path>
         <kind>archive</kind>
         <file>rtsv7M4_T_le_eabi.lib</file>
         <name>fd_div_t2.obj</name>
      </input_file>
      <input_file id="fl-149">
         <path>C:\ti\ccsv6\tools\compiler\ti-cgt-arm_5.2.5\lib\</path>
         <kind>archive</kind>
         <file>rtsv7M4_T_le_eabi.lib</file>
         <name>fd_mul_t2.obj</name>
      </input_file>
      <input_file id="fl-14a">
         <path>C:\ti\ccsv6\tools\compiler\ti-cgt-arm_5.2.5\lib\</path>
         <kind>archive</kind>
         <file>rtsv7M4_T_le_eabi.lib</file>
         <name>fd_toi_t2.obj</name>
      </input_file>
      <input_file id="fl-14b">
         <path>C:\ti\ccsv6\tools\compiler\ti-cgt-arm_5.2.5\lib\</path>
         <kind>archive</kind>
         <file>rtsv7M4_T_le_eabi.lib</file>
         <name>fputc.obj</name>
      </input_file>
      <input_file id="fl-14c">
         <path>C:\ti\ccsv6\tools\compiler\ti-cgt-arm_5.2.5\lib\</path>
         <kind>archive</kind>
         <file>rtsv7M4_T_le_eabi.lib</file>
         <name>fputs.obj</name>
      </input_file>
      <input_file id="fl-14d">
         <path>C:\ti\ccsv6\tools\compiler\ti-cgt-arm_5.2.5\lib\</path>
         <kind>archive</kind>
         <file>rtsv7M4_T_le_eabi.lib</file>
         <name>frexp.obj</name>
      </input_file>
      <input_file id="fl-14e">
         <path>C:\ti\ccsv6\tools\compiler\ti-cgt-arm_5.2.5\lib\</path>
         <kind>archive</kind>
         <file>rtsv7M4_T_le_eabi.lib</file>
         <name>i_tofd_t2.obj</name>
      </input_file>
      <input_file id="fl-14f">
         <path>C:\ti\ccsv6\tools\compiler\ti-cgt-arm_5.2.5\lib\</path>
         <kind>archive</kind>
         <file>rtsv7M4_T_le_eabi.lib</file>
         <name>ldexp.obj</name>
      </input_file>
      <input_file id="fl-150">
         <path>C:\ti\ccsv6\tools\compiler\ti-cgt-arm_5.2.5\lib\</path>
         <kind>archive</kind>
         <file>rtsv7M4_T_le_eabi.lib</file>
         <name>lowlev.obj</name>
      </input_file>
      <input_file id="fl-151">
         <path>C:\ti\ccsv6\tools\compiler\ti-cgt-arm_5.2.5\lib\</path>
         <kind>archive</kind>
         <file>rtsv7M4_T_le_eabi.lib</file>
         <name>ltoa.obj</name>
      </input_file>
      <input_file id="fl-152">
         <path>C:\ti\ccsv6\tools\compiler\ti-cgt-arm_5.2.5\lib\</path>
         <kind>archive</kind>
         <file>rtsv7M4_T_le_eabi.lib</file>
         <name>memccpy.obj</name>
      </input_file>
      <input_file id="fl-153">
         <path>C:\ti\ccsv6\tools\compiler\ti-cgt-arm_5.2.5\lib\</path>
         <kind>archive</kind>
         <file>rtsv7M4_T_le_eabi.lib</file>
         <name>memchr.obj</name>
      </input_file>
      <input_file id="fl-154">
         <path>C:\ti\ccsv6\tools\compiler\ti-cgt-arm_5.2.5\lib\</path>
         <kind>archive</kind>
         <file>rtsv7M4_T_le_eabi.lib</file>
         <name>strchr.obj</name>
      </input_file>
      <input_file id="fl-155">
         <path>C:\ti\ccsv6\tools\compiler\ti-cgt-arm_5.2.5\lib\</path>
         <kind>archive</kind>
         <file>rtsv7M4_T_le_eabi.lib</file>
         <name>strcmp.obj</name>
      </input_file>
      <input_file id="fl-156">
         <path>C:\ti\ccsv6\tools\compiler\ti-cgt-arm_5.2.5\lib\</path>
         <kind>archive</kind>
         <file>rtsv7M4_T_le_eabi.lib</file>
         <name>strncpy.obj</name>
      </input_file>
      <input_file id="fl-157">
         <path>C:\ti\ccsv6\tools\compiler\ti-cgt-arm_5.2.5\lib\</path>
         <kind>archive</kind>
         <file>rtsv7M4_T_le_eabi.lib</file>
         <name>trgdrv.obj</name>
      </input_file>
      <input_file id="fl-158">
         <path>C:\ti\ccsv6\tools\compiler\ti-cgt-arm_5.2.5\lib\</path>
         <kind>archive</kind>
         <file>rtsv7M4_T_le_eabi.lib</file>
         <name>trgmsg.obj</name>
      </input_file>
      <input_file id="fl-159">
         <path>C:\ti\ccsv6\tools\compiler\ti-cgt-arm_5.2.5\lib\</path>
         <kind>archive</kind>
         <file>rtsv7M4_T_le_eabi.lib</file>
         <name>ull_div_t2.obj</name>
      </input_file>
      <input_file id="fl-15a">
         <path>C:\ti\ccsv6\tools\compiler\ti-cgt-arm_5.2.5\lib\</path>
         <kind>archive</kind>
         <file>rtsv7M4_T_le_eabi.lib</file>
         <name>xdclass.obj</name>
      </input_file>
      <input_file id="fl-15b">
         <path>C:\ti\ccsv6\tools\compiler\ti-cgt-arm_5.2.5\lib\</path>
         <kind>archive</kind>
         <file>rtsv7M4_T_le_eabi.lib</file>
         <name>xdscale.obj</name>
      </input_file>
      <input_file id="fl-15c">
         <path>C:\ti\ccsv6\tools\compiler\ti-cgt-arm_5.2.5\lib\</path>
         <kind>archive</kind>
         <file>rtsv7M4_T_le_eabi.lib</file>
         <name>xdunscal.obj</name>
      </input_file>
      <input_file id="fl-15d">
         <path>C:\ti\ccsv6\tools\compiler\ti-cgt-arm_5.2.5\lib\</path>
         <kind>archive</kind>
         <file>rtsv7M4_T_le_eabi.lib</file>
         <name>xferaise.obj</name>
      </input_file>
      <input_file id="fl-15e">
         <path>C:\ti\ccsv6\tools\compiler\ti-cgt-arm_5.2.5\lib\</path>
         <kind>archive</kind>
         <file>rtsv7M4_T_le_eabi.lib</file>
         <name>xvalues.obj</name>
      </input_file>
      <input_file id="fl-15f">
         <path>C:\ti\ccsv6\tools\compiler\ti-cgt-arm_5.2.5\lib\</path>
         <kind>archive</kind>
         <file>rtsv7M4_T_le_eabi.lib</file>
         <name>_io_perm.obj</name>
      </input_file>
      <input_file id="fl-160">
         <path>C:\ti\ccsv6\tools\compiler\ti-cgt-arm_5.2.5\lib\</path>
         <kind>archive</kind>
         <file>rtsv7M4_T_le_eabi.lib</file>
         <name>errno.obj</name>
      </input_file>
      <input_file id="fl-161">
         <path>C:\ti\ccsv6\tools\compiler\ti-cgt-arm_5.2.5\lib\</path>
         <kind>archive</kind>
         <file>rtsv7M4_T_le_eabi.lib</file>
         <name>feraiseexcept.obj</name>
      </input_file>
      <input_file id="fl-162">
         <path>C:\ti\ccsv6\tools\compiler\ti-cgt-arm_5.2.5\lib\</path>
         <kind>archive</kind>
         <file>rtsv7M4_T_le_eabi.lib</file>
         <name>fflush.obj</name>
      </input_file>
      <input_file id="fl-163">
         <path>C:\ti\ccsv6\tools\compiler\ti-cgt-arm_5.2.5\lib\</path>
         <kind>archive</kind>
         <file>rtsv7M4_T_le_eabi.lib</file>
         <name>fseek.obj</name>
      </input_file>
      <input_file id="fl-164">
         <path>C:\ti\ccsv6\tools\compiler\ti-cgt-arm_5.2.5\lib\</path>
         <kind>archive</kind>
         <file>rtsv7M4_T_le_eabi.lib</file>
         <name>raise.obj</name>
      </input_file>
      <input_file id="fl-165">
         <path>C:\ti\ccsv6\tools\compiler\ti-cgt-arm_5.2.5\lib\</path>
         <kind>archive</kind>
         <file>rtsv7M4_T_le_eabi.lib</file>
         <name>setvbuf.obj</name>
      </input_file>
      <input_file id="fl-166">
         <path>C:\ti\ccsv6\tools\compiler\ti-cgt-arm_5.2.5\lib\</path>
         <kind>archive</kind>
         <file>rtsv7M4_T_le_eabi.lib</file>
         <name>signal.obj</name>
      </input_file>
      <input_file id="fl-167">
         <path>C:\ti\ccsv6\tools\compiler\ti-cgt-arm_5.2.5\lib\</path>
         <kind>archive</kind>
         <file>rtsv7M4_T_le_eabi.lib</file>
         <name>strcpy.obj</name>
      </input_file>
      <input_file id="fl-168">
         <path>C:\ti\ccsv6\tools\compiler\ti-cgt-arm_5.2.5\lib\</path>
         <kind>archive</kind>
         <file>rtsv7M4_T_le_eabi.lib</file>
         <name>xdnorm.obj</name>
      </input_file>
      <input_file id="fl-169">
         <path>C:\ti\ccsv6\tools\compiler\ti-cgt-arm_5.2.5\lib\</path>
         <kind>archive</kind>
         <file>rtsv7M4_T_le_eabi.lib</file>
         <name>fopen.obj</name>
      </input_file>
      <input_file id="fl-16a">
         <path>C:\ti\ccsv6\tools\compiler\ti-cgt-arm_5.2.5\lib\</path>
         <kind>archive</kind>
         <file>rtsv7M4_T_le_eabi.lib</file>
         <name>fclose.obj</name>
      </input_file>
      <input_file id="fl-16b">
         <path>C:\ti\ccsv6\tools\compiler\ti-cgt-arm_5.2.5\lib\</path>
         <kind>archive</kind>
         <file>rtsv7M4_T_le_eabi.lib</file>
         <name>remove.obj</name>
      </input_file>
      <input_file id="fl-16c">
         <path>C:\ti\CC3200SDK_1.2.0\cc3200-sdk\example\uart_demo\ccs\..\..\..\driverlib\ccs\Release\</path>
         <kind>archive</kind>
         <file>driverlib.a</file>
         <name>gpio.obj</name>
      </input_file>
      <input_file id="fl-16d">
         <path>C:\ti\CC3200SDK_1.2.0\cc3200-sdk\example\uart_demo\ccs\..\..\..\driverlib\ccs\Release\</path>
         <kind>archive</kind>
         <file>driverlib.a</file>
         <name>interrupt.obj</name>
      </input_file>
      <input_file id="fl-16e">
         <path>C:\ti\CC3200SDK_1.2.0\cc3200-sdk\example\uart_demo\ccs\..\..\..\driverlib\ccs\Release\</path>
         <kind>archive</kind>
         <file>driverlib.a</file>
         <name>pin.obj</name>
      </input_file>
      <input_file id="fl-16f">
         <path>C:\ti\CC3200SDK_1.2.0\cc3200-sdk\example\uart_demo\ccs\..\..\..\driverlib\ccs\Release\</path>
         <kind>archive</kind>
         <file>driverlib.a</file>
         <name>prcm.obj</name>
      </input_file>
      <input_file id="fl-170">
         <path>C:\ti\CC3200SDK_1.2.0\cc3200-sdk\example\uart_demo\ccs\..\..\..\driverlib\ccs\Release\</path>
         <kind>archive</kind>
         <file>driverlib.a</file>
         <name>spi.obj</name>
      </input_file>
      <input_file id="fl-171">
         <path>C:\ti\CC3200SDK_1.2.0\cc3200-sdk\example\uart_demo\ccs\..\..\..\driverlib\ccs\Release\</path>
         <kind>archive</kind>
         <file>driverlib.a</file>
         <name>systick.obj</name>
      </input_file>
      <input_file id="fl-172">
         <path>C:\ti\CC3200SDK_1.2.0\cc3200-sdk\example\uart_demo\ccs\..\..\..\driverlib\ccs\Release\</path>
         <kind>archive</kind>
         <file>driverlib.a</file>
         <name>uart.obj</name>
      </input_file>
      <input_file id="fl-173">
         <path>C:\ti\CC3200SDK_1.2.0\cc3200-sdk\example\uart_demo\ccs\..\..\..\driverlib\ccs\Release\</path>
         <kind>archive</kind>
         <file>driverlib.a</file>
         <name>utils.obj</name>
      </input_file>
      <input_file id="fl-174">
         <path>C:\ti\CC3200SDK_1.2.0\cc3200-sdk\example\uart_demo\ccs\..\..\..\driverlib\ccs\Release\</path>
         <kind>archive</kind>
         <file>driverlib.a</file>
         <name>cpu.obj</name>
      </input_file>
      <input_file id="fl-175">
         <path>C:\ti\CC3200SDK_1.2.0\cc3200-sdk\example\uart_demo\ccs\..\..\..\driverlib\ccs\Release\</path>
         <kind>archive</kind>
         <file>driverlib.a</file>
         <name>flash.obj</name>
      </input_file>
   </input_file_list>
   <object_component_list>
      <object_component id="oc-f">
         <name>.intvecs</name>
         <load_address>0x20004000</load_address>
         <run_address>0x20004000</run_address>
         <size>0x400</size>
         <input_file_ref idref="fl-6"/>
      </object_component>
      <object_component id="oc-24e">
         <name>.text</name>
         <load_address>0x20004400</load_address>
         <run_address>0x20004400</run_address>
         <size>0x10a6</size>
         <input_file_ref idref="fl-13f"/>
      </object_component>
      <object_component id="oc-133">
         <name>.text</name>
         <load_address>0x200054a8</load_address>
         <run_address>0x200054a8</run_address>
         <size>0xa80</size>
         <input_file_ref idref="fl-2"/>
      </object_component>
      <object_component id="oc-9f">
         <name>.text</name>
         <load_address>0x20005f28</load_address>
         <run_address>0x20005f28</run_address>
         <size>0x964</size>
         <input_file_ref idref="fl-4"/>
      </object_component>
      <object_component id="oc-1a7">
         <name>.text</name>
         <load_address>0x2000688c</load_address>
         <run_address>0x2000688c</run_address>
         <size>0x476</size>
         <input_file_ref idref="fl-3"/>
      </object_component>
      <object_component id="oc-1f0">
         <name>.text</name>
         <load_address>0x20006d04</load_address>
         <run_address>0x20006d04</run_address>
         <size>0x3dc</size>
         <input_file_ref idref="fl-137"/>
      </object_component>
      <object_component id="oc-300">
         <name>.text</name>
         <load_address>0x200070e0</load_address>
         <run_address>0x200070e0</run_address>
         <size>0x30c</size>
         <input_file_ref idref="fl-150"/>
      </object_component>
      <object_component id="oc-43c">
         <name>.text</name>
         <load_address>0x200073ec</load_address>
         <run_address>0x200073ec</run_address>
         <size>0x2d4</size>
         <input_file_ref idref="fl-157"/>
      </object_component>
      <object_component id="oc-cc">
         <name>.text</name>
         <load_address>0x200076c0</load_address>
         <run_address>0x200076c0</run_address>
         <size>0x280</size>
         <input_file_ref idref="fl-8"/>
      </object_component>
      <object_component id="oc-310">
         <name>.text</name>
         <load_address>0x20007940</load_address>
         <run_address>0x20007940</run_address>
         <size>0x1f4</size>
         <input_file_ref idref="fl-159"/>
      </object_component>
      <object_component id="oc-425">
         <name>.text</name>
         <load_address>0x20007b34</load_address>
         <run_address>0x20007b34</run_address>
         <size>0x1c4</size>
         <input_file_ref idref="fl-169"/>
      </object_component>
      <object_component id="oc-339">
         <name>.text</name>
         <load_address>0x20007cf8</load_address>
         <run_address>0x20007cf8</run_address>
         <size>0x1b6</size>
         <input_file_ref idref="fl-146"/>
      </object_component>
      <object_component id="oc-e4">
         <name>.text:PRCMCC3200MCUInit</name>
         <load_address>0x20007eb0</load_address>
         <run_address>0x20007eb0</run_address>
         <size>0x178</size>
         <input_file_ref idref="fl-16f"/>
      </object_component>
      <object_component id="oc-31f">
         <name>.text</name>
         <load_address>0x20008028</load_address>
         <run_address>0x20008028</run_address>
         <size>0x136</size>
         <input_file_ref idref="fl-148"/>
      </object_component>
      <object_component id="oc-248">
         <name>.text</name>
         <load_address>0x20008160</load_address>
         <run_address>0x20008160</run_address>
         <size>0x134</size>
         <input_file_ref idref="fl-14c"/>
      </object_component>
      <object_component id="oc-3f8">
         <name>.text</name>
         <load_address>0x20008294</load_address>
         <run_address>0x20008294</run_address>
         <size>0x110</size>
         <input_file_ref idref="fl-15b"/>
      </object_component>
      <object_component id="oc-31a">
         <name>.text</name>
         <load_address>0x200083a4</load_address>
         <run_address>0x200083a4</run_address>
         <size>0xfc</size>
         <input_file_ref idref="fl-149"/>
      </object_component>
      <object_component id="oc-3bc">
         <name>.text</name>
         <load_address>0x200084a0</load_address>
         <run_address>0x200084a0</run_address>
         <size>0xdc</size>
         <input_file_ref idref="fl-165"/>
      </object_component>
      <object_component id="oc-2fa">
         <name>.text</name>
         <load_address>0x2000857c</load_address>
         <run_address>0x2000857c</run_address>
         <size>0xc8</size>
         <input_file_ref idref="fl-162"/>
      </object_component>
      <object_component id="oc-44f">
         <name>.text</name>
         <load_address>0x20008644</load_address>
         <run_address>0x20008644</run_address>
         <size>0xbe</size>
         <input_file_ref idref="fl-168"/>
      </object_component>
      <object_component id="oc-2f4">
         <name>.text</name>
         <load_address>0x20008702</load_address>
         <run_address>0x20008702</run_address>
         <size>0xac</size>
         <input_file_ref idref="fl-15f"/>
      </object_component>
      <object_component id="oc-de">
         <name>.text:IntEnable</name>
         <load_address>0x200087b0</load_address>
         <run_address>0x200087b0</run_address>
         <size>0xa8</size>
         <input_file_ref idref="fl-16d"/>
      </object_component>
      <object_component id="oc-1a1">
         <name>.text</name>
         <load_address>0x20008858</load_address>
         <run_address>0x20008858</run_address>
         <size>0xa8</size>
         <input_file_ref idref="fl-5"/>
      </object_component>
      <object_component id="oc-fc">
         <name>.text:SPIConfigSetExpClk</name>
         <load_address>0x20008900</load_address>
         <run_address>0x20008900</run_address>
         <size>0xa0</size>
         <input_file_ref idref="fl-170"/>
      </object_component>
      <object_component id="oc-36">
         <name>.text</name>
         <load_address>0x200089a0</load_address>
         <run_address>0x200089a0</run_address>
         <size>0x9c</size>
         <input_file_ref idref="fl-135"/>
      </object_component>
      <object_component id="oc-47a">
         <name>.text</name>
         <load_address>0x20008a3c</load_address>
         <run_address>0x20008a3c</run_address>
         <size>0x98</size>
         <input_file_ref idref="fl-16a"/>
      </object_component>
      <object_component id="oc-242">
         <name>.text</name>
         <load_address>0x20008ad4</load_address>
         <run_address>0x20008ad4</run_address>
         <size>0x98</size>
         <input_file_ref idref="fl-14b"/>
      </object_component>
      <object_component id="oc-f6">
         <name>.text:PRCMPeripheralClockGet</name>
         <load_address>0x20008b6c</load_address>
         <run_address>0x20008b6c</run_address>
         <size>0x94</size>
         <input_file_ref idref="fl-16f"/>
      </object_component>
      <object_component id="oc-38b">
         <name>.text:PinConfigSet</name>
         <load_address>0x20008c00</load_address>
         <run_address>0x20008c00</run_address>
         <size>0x88</size>
         <input_file_ref idref="fl-16e"/>
      </object_component>
      <object_component id="oc-1d2">
         <name>.text</name>
         <load_address>0x20008c88</load_address>
         <run_address>0x20008c88</run_address>
         <size>0x88</size>
         <input_file_ref idref="fl-13d"/>
      </object_component>
      <object_component id="oc-315">
         <name>.text:__aeabi_cdcmple</name>
         <load_address>0x20008d10</load_address>
         <run_address>0x20008d10</run_address>
         <size>0x86</size>
         <input_file_ref idref="fl-147"/>
      </object_component>
      <object_component id="oc-324">
         <name>.text:__aeabi_cdrcmple</name>
         <load_address>0x20008d96</load_address>
         <run_address>0x20008d96</run_address>
         <size>0x86</size>
         <input_file_ref idref="fl-147"/>
      </object_component>
      <object_component id="oc-16f">
         <name>.text:GPIOIntTypeSet</name>
         <load_address>0x20008e1c</load_address>
         <run_address>0x20008e1c</run_address>
         <size>0x82</size>
         <input_file_ref idref="fl-16c"/>
      </object_component>
      <object_component id="oc-4f">
         <name>.text</name>
         <load_address>0x20008e9e</load_address>
         <run_address>0x20008e9e</run_address>
         <size>0x7a</size>
         <input_file_ref idref="fl-138"/>
      </object_component>
      <object_component id="oc-139">
         <name>.text:UARTConfigSetExpClk</name>
         <load_address>0x20008f18</load_address>
         <run_address>0x20008f18</run_address>
         <size>0x76</size>
         <input_file_ref idref="fl-172"/>
      </object_component>
      <object_component id="oc-11b">
         <name>.text</name>
         <load_address>0x20008f90</load_address>
         <run_address>0x20008f90</run_address>
         <size>0x70</size>
         <input_file_ref idref="fl-13a"/>
      </object_component>
      <object_component id="oc-61">
         <name>.text</name>
         <load_address>0x20009000</load_address>
         <run_address>0x20009000</run_address>
         <size>0x6c</size>
         <input_file_ref idref="fl-142"/>
      </object_component>
      <object_component id="oc-42">
         <name>.text</name>
         <load_address>0x2000906c</load_address>
         <run_address>0x2000906c</run_address>
         <size>0x6a</size>
         <input_file_ref idref="fl-131"/>
      </object_component>
      <object_component id="oc-489">
         <name>.text</name>
         <load_address>0x200090d8</load_address>
         <run_address>0x200090d8</run_address>
         <size>0x68</size>
         <input_file_ref idref="fl-158"/>
      </object_component>
      <object_component id="oc-3f0">
         <name>.text</name>
         <load_address>0x20009140</load_address>
         <run_address>0x20009140</run_address>
         <size>0x66</size>
         <input_file_ref idref="fl-15c"/>
      </object_component>
      <object_component id="oc-3b6">
         <name>.text</name>
         <load_address>0x200091a8</load_address>
         <run_address>0x200091a8</run_address>
         <size>0x64</size>
         <input_file_ref idref="fl-163"/>
      </object_component>
      <object_component id="oc-22d">
         <name>.text:PRCMPeripheralReset</name>
         <load_address>0x2000920c</load_address>
         <run_address>0x2000920c</run_address>
         <size>0x58</size>
         <input_file_ref idref="fl-16f"/>
      </object_component>
      <object_component id="oc-32e">
         <name>.text</name>
         <load_address>0x20009264</load_address>
         <run_address>0x20009264</run_address>
         <size>0x56</size>
         <input_file_ref idref="fl-151"/>
      </object_component>
      <object_component id="oc-35c">
         <name>.text</name>
         <load_address>0x200092bc</load_address>
         <run_address>0x200092bc</run_address>
         <size>0x4c</size>
         <input_file_ref idref="fl-141"/>
      </object_component>
      <object_component id="oc-97">
         <name>.text</name>
         <load_address>0x20009308</load_address>
         <run_address>0x20009308</run_address>
         <size>0x4c</size>
         <input_file_ref idref="fl-143"/>
      </object_component>
      <object_component id="oc-27e">
         <name>.text:GPIOGetIntNumber</name>
         <load_address>0x20009354</load_address>
         <run_address>0x20009354</run_address>
         <size>0x48</size>
         <input_file_ref idref="fl-16c"/>
      </object_component>
      <object_component id="oc-329">
         <name>.text</name>
         <load_address>0x2000939c</load_address>
         <run_address>0x2000939c</run_address>
         <size>0x48</size>
         <input_file_ref idref="fl-14a"/>
      </object_component>
      <object_component id="oc-344">
         <name>.text</name>
         <load_address>0x200093e4</load_address>
         <run_address>0x200093e4</run_address>
         <size>0x46</size>
         <input_file_ref idref="fl-14f"/>
      </object_component>
      <object_component id="oc-26d">
         <name>.text:UARTIntNumberGet</name>
         <load_address>0x2000942c</load_address>
         <run_address>0x2000942c</run_address>
         <size>0x44</size>
         <input_file_ref idref="fl-172"/>
      </object_component>
      <object_component id="oc-6d">
         <name>.text</name>
         <load_address>0x20009470</load_address>
         <run_address>0x20009470</run_address>
         <size>0x44</size>
         <input_file_ref idref="fl-133"/>
      </object_component>
      <object_component id="oc-391">
         <name>.text:PinModeSet</name>
         <load_address>0x200094b4</load_address>
         <run_address>0x200094b4</run_address>
         <size>0x40</size>
         <input_file_ref idref="fl-16e"/>
      </object_component>
      <object_component id="oc-4cd">
         <name>.text</name>
         <load_address>0x200094f4</load_address>
         <run_address>0x200094f4</run_address>
         <size>0x40</size>
         <input_file_ref idref="fl-166"/>
      </object_component>
      <object_component id="oc-227">
         <name>.text:PRCMPeripheralClkEnable</name>
         <load_address>0x20009534</load_address>
         <run_address>0x20009534</run_address>
         <size>0x3c</size>
         <input_file_ref idref="fl-16f"/>
      </object_component>
      <object_component id="oc-24">
         <name>.text</name>
         <load_address>0x20009570</load_address>
         <run_address>0x20009570</run_address>
         <size>0x3c</size>
         <input_file_ref idref="fl-12f"/>
      </object_component>
      <object_component id="oc-298">
         <name>.text:GPIODirModeSet</name>
         <load_address>0x200095ac</load_address>
         <run_address>0x200095ac</run_address>
         <size>0x36</size>
         <input_file_ref idref="fl-16c"/>
      </object_component>
      <object_component id="oc-45e">
         <name>.text</name>
         <load_address>0x200095e4</load_address>
         <run_address>0x200095e4</run_address>
         <size>0x34</size>
         <input_file_ref idref="fl-161"/>
      </object_component>
      <object_component id="oc-292">
         <name>.text:PinTypeGPIO</name>
         <load_address>0x20009618</load_address>
         <run_address>0x20009618</run_address>
         <size>0x30</size>
         <input_file_ref idref="fl-16e"/>
      </object_component>
      <object_component id="oc-264">
         <name>.text:UARTDisable</name>
         <load_address>0x20009648</load_address>
         <run_address>0x20009648</run_address>
         <size>0x30</size>
         <input_file_ref idref="fl-172"/>
      </object_component>
      <object_component id="oc-3cf">
         <name>.text</name>
         <load_address>0x20009678</load_address>
         <run_address>0x20009678</run_address>
         <size>0x30</size>
         <input_file_ref idref="fl-156"/>
      </object_component>
      <object_component id="oc-3fe">
         <name>.text</name>
         <load_address>0x200096a8</load_address>
         <run_address>0x200096a8</run_address>
         <size>0x30</size>
         <input_file_ref idref="fl-15d"/>
      </object_component>
      <object_component id="oc-334">
         <name>.text</name>
         <load_address>0x200096d8</load_address>
         <run_address>0x200096d8</run_address>
         <size>0x2e</size>
         <input_file_ref idref="fl-14e"/>
      </object_component>
      <object_component id="oc-4ab">
         <name>.text</name>
         <load_address>0x20009706</load_address>
         <run_address>0x20009706</run_address>
         <size>0x2e</size>
         <input_file_ref idref="fl-164"/>
      </object_component>
      <object_component id="oc-215">
         <name>.text:PRCMSysResetCauseGet</name>
         <load_address>0x20009734</load_address>
         <run_address>0x20009734</run_address>
         <size>0x2c</size>
         <input_file_ref idref="fl-16f"/>
      </object_component>
      <object_component id="oc-350">
         <name>.text</name>
         <load_address>0x20009760</load_address>
         <run_address>0x20009760</run_address>
         <size>0x2a</size>
         <input_file_ref idref="fl-15a"/>
      </object_component>
      <object_component id="oc-233">
         <name>.text:PRCMPeripheralClkDisable</name>
         <load_address>0x2000978c</load_address>
         <run_address>0x2000978c</run_address>
         <size>0x28</size>
         <input_file_ref idref="fl-16f"/>
      </object_component>
      <object_component id="oc-13f">
         <name>.text:UARTEnable</name>
         <load_address>0x200097b4</load_address>
         <run_address>0x200097b4</run_address>
         <size>0x24</size>
         <input_file_ref idref="fl-172"/>
      </object_component>
      <object_component id="oc-1ea">
         <name>.text</name>
         <load_address>0x200097d8</load_address>
         <run_address>0x200097d8</run_address>
         <size>0x24</size>
         <input_file_ref idref="fl-136"/>
      </object_component>
      <object_component id="oc-ea">
         <name>.text:SPIReset</name>
         <load_address>0x200097fc</load_address>
         <run_address>0x200097fc</run_address>
         <size>0x22</size>
         <input_file_ref idref="fl-170"/>
      </object_component>
      <object_component id="oc-33e">
         <name>.text</name>
         <load_address>0x2000981e</load_address>
         <run_address>0x2000981e</run_address>
         <size>0x22</size>
         <input_file_ref idref="fl-14d"/>
      </object_component>
      <object_component id="oc-2ab">
         <name>.text:GPIOPinWrite</name>
         <load_address>0x20009840</load_address>
         <run_address>0x20009840</run_address>
         <size>0x20</size>
         <input_file_ref idref="fl-16c"/>
      </object_component>
      <object_component id="oc-273">
         <name>.text:IntRegister</name>
         <load_address>0x20009860</load_address>
         <run_address>0x20009860</run_address>
         <size>0x20</size>
         <input_file_ref idref="fl-16d"/>
      </object_component>
      <object_component id="oc-2bd">
         <name>.text:SPIDataGet</name>
         <load_address>0x20009880</load_address>
         <run_address>0x20009880</run_address>
         <size>0x20</size>
         <input_file_ref idref="fl-170"/>
      </object_component>
      <object_component id="oc-308">
         <name>.text</name>
         <load_address>0x200098a0</load_address>
         <run_address>0x200098a0</run_address>
         <size>0x20</size>
         <input_file_ref idref="fl-153"/>
      </object_component>
      <object_component id="oc-163">
         <name>.text:GPIOIntRegister</name>
         <load_address>0x200098c0</load_address>
         <run_address>0x200098c0</run_address>
         <size>0x1e</size>
         <input_file_ref idref="fl-16c"/>
      </object_component>
      <object_component id="oc-2b7">
         <name>.text:SPIDataPut</name>
         <load_address>0x200098de</load_address>
         <run_address>0x200098de</run_address>
         <size>0x1e</size>
         <input_file_ref idref="fl-170"/>
      </object_component>
      <object_component id="oc-10e">
         <name>.text:UARTCharPut</name>
         <load_address>0x200098fc</load_address>
         <run_address>0x200098fc</run_address>
         <size>0x1e</size>
         <input_file_ref idref="fl-172"/>
      </object_component>
      <object_component id="oc-14b">
         <name>.text:UARTIntRegister</name>
         <load_address>0x2000991a</load_address>
         <run_address>0x2000991a</run_address>
         <size>0x1e</size>
         <input_file_ref idref="fl-172"/>
      </object_component>
      <object_component id="oc-121">
         <name>.text:UARTIntStatus</name>
         <load_address>0x20009938</load_address>
         <run_address>0x20009938</run_address>
         <size>0x1e</size>
         <input_file_ref idref="fl-172"/>
      </object_component>
      <object_component id="oc-17b">
         <name>.text</name>
         <load_address>0x20009956</load_address>
         <run_address>0x20009956</run_address>
         <size>0x1e</size>
         <input_file_ref idref="fl-134"/>
      </object_component>
      <object_component id="oc-192">
         <name>.text:SysTickIntRegister</name>
         <load_address>0x20009974</load_address>
         <run_address>0x20009974</run_address>
         <size>0x1c</size>
         <input_file_ref idref="fl-171"/>
      </object_component>
      <object_component id="oc-1de">
         <name>.text:UARTCharGetNonBlocking</name>
         <load_address>0x20009990</load_address>
         <run_address>0x20009990</run_address>
         <size>0x1c</size>
         <input_file_ref idref="fl-172"/>
      </object_component>
      <object_component id="oc-356">
         <name>.text</name>
         <load_address>0x200099ac</load_address>
         <run_address>0x200099ac</run_address>
         <size>0x1c</size>
         <input_file_ref idref="fl-152"/>
      </object_component>
      <object_component id="oc-157">
         <name>.text:GPIOIntDisable</name>
         <load_address>0x200099c8</load_address>
         <run_address>0x200099c8</run_address>
         <size>0x1a</size>
         <input_file_ref idref="fl-16c"/>
      </object_component>
      <object_component id="oc-169">
         <name>.text:GPIOIntEnable</name>
         <load_address>0x200099e2</load_address>
         <run_address>0x200099e2</run_address>
         <size>0x1a</size>
         <input_file_ref idref="fl-16c"/>
      </object_component>
      <object_component id="oc-29e">
         <name>.text:PinTypeSPI</name>
         <load_address>0x200099fc</load_address>
         <run_address>0x200099fc</run_address>
         <size>0x1a</size>
         <input_file_ref idref="fl-16e"/>
      </object_component>
      <object_component id="oc-2a4">
         <name>.text:PinTypeUART</name>
         <load_address>0x20009a16</load_address>
         <run_address>0x20009a16</run_address>
         <size>0x1a</size>
         <input_file_ref idref="fl-16e"/>
      </object_component>
      <object_component id="oc-f0">
         <name>.text:SPIFIFOEnable</name>
         <load_address>0x20009a30</load_address>
         <run_address>0x20009a30</run_address>
         <size>0x1a</size>
         <input_file_ref idref="fl-170"/>
      </object_component>
      <object_component id="oc-175">
         <name>.text:GPIOPinRead</name>
         <load_address>0x20009a4a</load_address>
         <run_address>0x20009a4a</run_address>
         <size>0x18</size>
         <input_file_ref idref="fl-16c"/>
      </object_component>
      <object_component id="oc-2c3">
         <name>.text:SPICSDisable</name>
         <load_address>0x20009a62</load_address>
         <run_address>0x20009a62</run_address>
         <size>0x18</size>
         <input_file_ref idref="fl-170"/>
      </object_component>
      <object_component id="oc-2b1">
         <name>.text:SPICSEnable</name>
         <load_address>0x20009a7a</load_address>
         <run_address>0x20009a7a</run_address>
         <size>0x18</size>
         <input_file_ref idref="fl-170"/>
      </object_component>
      <object_component id="oc-102">
         <name>.text:SPIEnable</name>
         <load_address>0x20009a92</load_address>
         <run_address>0x20009a92</run_address>
         <size>0x18</size>
         <input_file_ref idref="fl-170"/>
      </object_component>
      <object_component id="oc-198">
         <name>.text:SysTickPeriodSet</name>
         <load_address>0x20009aac</load_address>
         <run_address>0x20009aac</run_address>
         <size>0x18</size>
         <input_file_ref idref="fl-171"/>
      </object_component>
      <object_component id="oc-1d8">
         <name>.text:UARTCharsAvail</name>
         <load_address>0x20009ac4</load_address>
         <run_address>0x20009ac4</run_address>
         <size>0x18</size>
         <input_file_ref idref="fl-172"/>
      </object_component>
      <object_component id="oc-108">
         <name>.text:UARTIntDisable</name>
         <load_address>0x20009adc</load_address>
         <run_address>0x20009adc</run_address>
         <size>0x18</size>
         <input_file_ref idref="fl-172"/>
      </object_component>
      <object_component id="oc-115">
         <name>.text:UARTIntEnable</name>
         <load_address>0x20009af4</load_address>
         <run_address>0x20009af4</run_address>
         <size>0x18</size>
         <input_file_ref idref="fl-172"/>
      </object_component>
      <object_component id="oc-67">
         <name>.text</name>
         <load_address>0x20009b0c</load_address>
         <run_address>0x20009b0c</run_address>
         <size>0x18</size>
         <input_file_ref idref="fl-140"/>
      </object_component>
      <object_component id="oc-3c9">
         <name>.text</name>
         <load_address>0x20009b24</load_address>
         <run_address>0x20009b24</run_address>
         <size>0x18</size>
         <input_file_ref idref="fl-155"/>
      </object_component>
      <object_component id="oc-21b">
         <name>.text:PRCMHIBRegRead</name>
         <load_address>0x20009b3c</load_address>
         <run_address>0x20009b3c</run_address>
         <size>0x16</size>
         <input_file_ref idref="fl-16f"/>
      </object_component>
      <object_component id="oc-221">
         <name>.text:PRCMHIBRegWrite</name>
         <load_address>0x20009b52</load_address>
         <run_address>0x20009b52</run_address>
         <size>0x16</size>
         <input_file_ref idref="fl-16f"/>
      </object_component>
      <object_component id="oc-12d">
         <name>.text:UARTCharGet</name>
         <load_address>0x20009b68</load_address>
         <run_address>0x20009b68</run_address>
         <size>0x16</size>
         <input_file_ref idref="fl-172"/>
      </object_component>
      <object_component id="oc-145">
         <name>.text:UARTFIFODisable</name>
         <load_address>0x20009b7e</load_address>
         <run_address>0x20009b7e</run_address>
         <size>0x16</size>
         <input_file_ref idref="fl-172"/>
      </object_component>
      <object_component id="oc-151">
         <name>.text:UARTFIFOEnable</name>
         <load_address>0x20009b94</load_address>
         <run_address>0x20009b94</run_address>
         <size>0x16</size>
         <input_file_ref idref="fl-172"/>
      </object_component>
      <object_component id="oc-34a">
         <name>.text</name>
         <load_address>0x20009baa</load_address>
         <run_address>0x20009baa</run_address>
         <size>0x16</size>
         <input_file_ref idref="fl-154"/>
      </object_component>
      <object_component id="oc-205">
         <name>.text:CPUcpsie</name>
         <load_address>0x20009bc0</load_address>
         <run_address>0x20009bc0</run_address>
         <size>0x14</size>
         <input_file_ref idref="fl-174"/>
      </object_component>
      <object_component id="oc-180">
         <name>.text:GPIOIntClear</name>
         <load_address>0x20009bd4</load_address>
         <run_address>0x20009bd4</run_address>
         <size>0x14</size>
         <input_file_ref idref="fl-16c"/>
      </object_component>
      <object_component id="oc-d2">
         <name>.text:IntVTableBaseSet</name>
         <load_address>0x20009be8</load_address>
         <run_address>0x20009be8</run_address>
         <size>0x14</size>
         <input_file_ref idref="fl-16d"/>
      </object_component>
      <object_component id="oc-1bd">
         <name>.text</name>
         <load_address>0x20009bfc</load_address>
         <run_address>0x20009bfc</run_address>
         <size>0x14</size>
         <input_file_ref idref="fl-13e"/>
      </object_component>
      <object_component id="oc-48f">
         <name>.text</name>
         <load_address>0x20009c10</load_address>
         <run_address>0x20009c10</run_address>
         <size>0x14</size>
         <input_file_ref idref="fl-167"/>
      </object_component>
      <object_component id="oc-1e4">
         <name>.text</name>
         <load_address>0x20009c24</load_address>
         <run_address>0x20009c24</run_address>
         <size>0x14</size>
         <input_file_ref idref="fl-13c"/>
      </object_component>
      <object_component id="oc-127">
         <name>.text:UARTIntClear</name>
         <load_address>0x20009c38</load_address>
         <run_address>0x20009c38</run_address>
         <size>0x12</size>
         <input_file_ref idref="fl-172"/>
      </object_component>
      <object_component id="oc-186">
         <name>.text:SysTickDisable</name>
         <load_address>0x20009c4c</load_address>
         <run_address>0x20009c4c</run_address>
         <size>0x10</size>
         <input_file_ref idref="fl-171"/>
      </object_component>
      <object_component id="oc-15d">
         <name>.text:SysTickEnable</name>
         <load_address>0x20009c5c</load_address>
         <run_address>0x20009c5c</run_address>
         <size>0x10</size>
         <input_file_ref idref="fl-171"/>
      </object_component>
      <object_component id="oc-18c">
         <name>.text:SysTickIntEnable</name>
         <load_address>0x20009c6c</load_address>
         <run_address>0x20009c6c</run_address>
         <size>0x10</size>
         <input_file_ref idref="fl-171"/>
      </object_component>
      <object_component id="oc-12">
         <name>.text:decompress:none</name>
         <load_address>0x20009c7c</load_address>
         <run_address>0x20009c7c</run_address>
         <size>0xe</size>
         <input_file_ref idref="fl-130"/>
      </object_component>
      <object_component id="oc-2d">
         <name>.text</name>
         <load_address>0x20009c8a</load_address>
         <run_address>0x20009c8a</run_address>
         <size>0xe</size>
         <input_file_ref idref="fl-6"/>
      </object_component>
      <object_component id="oc-1e">
         <name>.text:decompress:ZI</name>
         <load_address>0x20009c98</load_address>
         <run_address>0x20009c98</run_address>
         <size>0xc</size>
         <input_file_ref idref="fl-132"/>
      </object_component>
      <object_component id="oc-d8">
         <name>.text:IntMasterEnable</name>
         <load_address>0x20009ca4</load_address>
         <run_address>0x20009ca4</run_address>
         <size>0xa</size>
         <input_file_ref idref="fl-16d"/>
      </object_component>
      <object_component id="oc-114">
         <name>.text:UtilsDelay</name>
         <load_address>0x20009cae</load_address>
         <run_address>0x20009cae</run_address>
         <size>0x6</size>
         <input_file_ref idref="fl-173"/>
      </object_component>
      <object_component id="oc-18">
         <name>.text:decompress:rle24</name>
         <load_address>0x20009cb4</load_address>
         <run_address>0x20009cb4</run_address>
         <size>0x6</size>
         <input_file_ref idref="fl-131"/>
      </object_component>
      <object_component id="oc-5b">
         <name>.text</name>
         <load_address>0x20009cba</load_address>
         <run_address>0x20009cba</run_address>
         <size>0x4</size>
         <input_file_ref idref="fl-139"/>
      </object_component>
      <object_component id="oc-25c">
         <name>.const:.string:font</name>
         <load_address>0x20009cc0</load_address>
         <run_address>0x20009cc0</run_address>
         <size>0x4fb</size>
         <input_file_ref idref="fl-2"/>
      </object_component>
      <object_component id="oc-40c">
         <name>.const:.string:_ctypes_</name>
         <load_address>0x2000a1bb</load_address>
         <run_address>0x2000a1bb</run_address>
         <size>0x101</size>
         <input_file_ref idref="fl-144"/>
      </object_component>
      <object_component id="oc-41c">
         <name>.const:g_ulPinToPadMap</name>
         <load_address>0x2000a2bc</load_address>
         <run_address>0x2000a2bc</run_address>
         <size>0x100</size>
         <input_file_ref idref="fl-16e"/>
      </object_component>
      <object_component id="oc-2ed">
         <name>.const:PRCM_PeriphRegsList</name>
         <load_address>0x2000a3bc</load_address>
         <run_address>0x2000a3bc</run_address>
         <size>0xa8</size>
         <input_file_ref idref="fl-16f"/>
      </object_component>
      <object_component id="oc-211">
         <name>.const</name>
         <load_address>0x2000a464</load_address>
         <run_address>0x2000a464</run_address>
         <size>0x80</size>
         <input_file_ref idref="fl-16d"/>
      </object_component>
      <object_component id="oc-37f">
         <name>.const</name>
         <load_address>0x2000a4e4</load_address>
         <run_address>0x2000a4e4</run_address>
         <size>0x10</size>
         <input_file_ref idref="fl-172"/>
      </object_component>
      <object_component id="oc-51d">
         <name>.cinit..data.load</name>
         <load_address>0x2000a4f8</load_address>
         <run_address>0x2000a4f8</run_address>
         <size>0xbc</size>
      </object_component>
      <object_component id="oc-51b">
         <name>__TI_handler_table</name>
         <load_address>0x2000a5b4</load_address>
         <run_address>0x2000a5b4</run_address>
         <size>0xc</size>
      </object_component>
      <object_component id="oc-51e">
         <name>.cinit..bss.load</name>
         <load_address>0x2000a5c0</load_address>
         <run_address>0x2000a5c0</run_address>
         <size>0x8</size>
      </object_component>
      <object_component id="oc-51c">
         <name>__TI_cinit_table</name>
         <load_address>0x2000a5c8</load_address>
         <run_address>0x2000a5c8</run_address>
         <size>0x10</size>
      </object_component>
      <object_component id="oc-2a">
         <name>.sysmem</name>
         <uninitialized>true</uninitialized>
         <run_address>0x20017000</run_address>
         <size>0x8</size>
         <input_file_ref idref="fl-137"/>
      </object_component>
      <object_component id="oc-520">
         <name>.sysmem</name>
         <uninitialized>true</uninitialized>
         <run_address>0x20017000</run_address>
         <size>0x0</size>
      </object_component>
      <object_component id="oc-29">
         <name>.stack</name>
         <uninitialized>true</uninitialized>
         <run_address>0x2002ff00</run_address>
         <size>0x0</size>
         <input_file_ref idref="fl-12f"/>
      </object_component>
      <object_component id="oc-51f">
         <name>.stack</name>
         <uninitialized>true</uninitialized>
         <run_address>0x2002ff00</run_address>
         <size>0x0</size>
      </object_component>
      <object_component id="oc-4bb">
         <name>.bss:__TI_tmpnams</name>
         <uninitialized>true</uninitialized>
         <run_address>0x20017c68</run_address>
         <size>0xa0</size>
         <input_file_ref idref="fl-145"/>
      </object_component>
      <object_component id="oc-4c2">
         <name>.bss:__CIOBUF_</name>
         <uninitialized>true</uninitialized>
         <run_address>0x20017b48</run_address>
         <size>0x120</size>
         <input_file_ref idref="fl-158"/>
      </object_component>
      <object_component id="oc-1ae">
         <name>.common:bitsequence</name>
         <uninitialized>true</uninitialized>
         <run_address>0x20017d18</run_address>
         <size>0x8</size>
      </object_component>
      <object_component id="oc-1ad">
         <name>.common:index</name>
         <uninitialized>true</uninitialized>
         <run_address>0x20017d2c</run_address>
         <size>0x4</size>
      </object_component>
      <object_component id="oc-1af">
         <name>.common:MessageTx</name>
         <uninitialized>true</uninitialized>
         <run_address>0x20017d10</run_address>
         <size>0x8</size>
      </object_component>
      <object_component id="oc-19e">
         <name>.common:MessageRx</name>
         <uninitialized>true</uninitialized>
         <run_address>0x20017d08</run_address>
         <size>0x8</size>
      </object_component>
      <object_component id="oc-1f6">
         <name>.common:__Errorlog</name>
         <uninitialized>true</uninitialized>
         <run_address>0x20017d28</run_address>
         <size>0x4</size>
      </object_component>
      <object_component id="oc-495">
         <name>.common:parmbuf</name>
         <uninitialized>true</uninitialized>
         <run_address>0x20017d20</run_address>
         <size>0x8</size>
      </object_component>
      <object_component id="oc-25f">
         <name>.data</name>
         <load_address>0x20017af0</load_address>
         <run_address>0x20017af0</run_address>
         <size>0x15</size>
         <input_file_ref idref="fl-2"/>
      </object_component>
      <object_component id="oc-aa">
         <name>.data</name>
         <load_address>0x20017b2c</load_address>
         <run_address>0x20017b2c</run_address>
         <size>0x8</size>
         <input_file_ref idref="fl-133"/>
      </object_component>
      <object_component id="oc-2e0">
         <name>.data</name>
         <load_address>0x20017b18</load_address>
         <run_address>0x20017b18</run_address>
         <size>0xc</size>
         <input_file_ref idref="fl-137"/>
      </object_component>
      <object_component id="oc-73">
         <name>.data</name>
         <load_address>0x20017b44</load_address>
         <run_address>0x20017b44</run_address>
         <size>0x4</size>
         <input_file_ref idref="fl-13b"/>
      </object_component>
      <object_component id="oc-a7">
         <name>.data</name>
         <load_address>0x20017b24</load_address>
         <run_address>0x20017b24</run_address>
         <size>0x8</size>
         <input_file_ref idref="fl-13e"/>
      </object_component>
      <object_component id="oc-254">
         <name>.data:_ftable</name>
         <load_address>0x20017800</load_address>
         <run_address>0x20017800</run_address>
         <size>0xf0</size>
         <input_file_ref idref="fl-145"/>
      </object_component>
      <object_component id="oc-3c4">
         <name>.data</name>
         <load_address>0x20017b08</load_address>
         <run_address>0x20017b08</run_address>
         <size>0x10</size>
         <input_file_ref idref="fl-145"/>
      </object_component>
      <object_component id="oc-3d5">
         <name>.data</name>
         <load_address>0x200178f0</load_address>
         <run_address>0x200178f0</run_address>
         <size>0xd0</size>
         <input_file_ref idref="fl-150"/>
      </object_component>
      <object_component id="oc-459">
         <name>.data</name>
         <load_address>0x20017a70</load_address>
         <run_address>0x20017a70</run_address>
         <size>0x80</size>
         <input_file_ref idref="fl-15e"/>
      </object_component>
      <object_component id="oc-464">
         <name>.data</name>
         <load_address>0x20017b3c</load_address>
         <run_address>0x20017b3c</run_address>
         <size>0x4</size>
         <input_file_ref idref="fl-160"/>
      </object_component>
      <object_component id="oc-4b1">
         <name>.data</name>
         <load_address>0x20017b34</load_address>
         <run_address>0x20017b34</run_address>
         <size>0x8</size>
         <input_file_ref idref="fl-161"/>
      </object_component>
      <object_component id="oc-4e8">
         <name>.data:sigtable</name>
         <load_address>0x200179c0</load_address>
         <run_address>0x200179c0</run_address>
         <size>0xb0</size>
         <input_file_ref idref="fl-166"/>
      </object_component>
      <object_component id="oc-480">
         <name>.data</name>
         <load_address>0x20017b40</load_address>
         <run_address>0x20017b40</run_address>
         <size>0x4</size>
         <input_file_ref idref="fl-169"/>
      </object_component>
      <object_component id="oc-263">
         <name>.debug_info</name>
         <load_address>0x0</load_address>
         <run_address>0x0</run_address>
         <size>0x1c9</size>
         <input_file_ref idref="fl-2"/>
      </object_component>
      <object_component id="oc-25d">
         <name>.debug_info</name>
         <load_address>0x1c9</load_address>
         <run_address>0x1c9</run_address>
         <size>0xce</size>
         <input_file_ref idref="fl-2"/>
      </object_component>
      <object_component id="oc-260">
         <name>.debug_info</name>
         <load_address>0x297</load_address>
         <run_address>0x297</run_address>
         <size>0x17c</size>
         <input_file_ref idref="fl-2"/>
      </object_component>
      <object_component id="oc-134">
         <name>.debug_info</name>
         <load_address>0x413</load_address>
         <run_address>0x413</run_address>
         <size>0x14d8</size>
         <input_file_ref idref="fl-2"/>
      </object_component>
      <object_component id="oc-7e">
         <name>.debug_info</name>
         <load_address>0x18eb</load_address>
         <run_address>0x18eb</run_address>
         <size>0x84</size>
         <input_file_ref idref="fl-2"/>
      </object_component>
      <object_component id="oc-2ca">
         <name>.debug_info</name>
         <load_address>0x196f</load_address>
         <run_address>0x196f</run_address>
         <size>0x1b1</size>
         <input_file_ref idref="fl-3"/>
      </object_component>
      <object_component id="oc-1a8">
         <name>.debug_info</name>
         <load_address>0x1b20</load_address>
         <run_address>0x1b20</run_address>
         <size>0xe09</size>
         <input_file_ref idref="fl-3"/>
      </object_component>
      <object_component id="oc-3b1">
         <name>.debug_info</name>
         <load_address>0x2929</load_address>
         <run_address>0x2929</run_address>
         <size>0x62</size>
         <input_file_ref idref="fl-3"/>
      </object_component>
      <object_component id="oc-20c">
         <name>.debug_info</name>
         <load_address>0x298b</load_address>
         <run_address>0x298b</run_address>
         <size>0x2c</size>
         <input_file_ref idref="fl-3"/>
      </object_component>
      <object_component id="oc-8e">
         <name>.debug_info</name>
         <load_address>0x29b7</load_address>
         <run_address>0x29b7</run_address>
         <size>0x2c</size>
         <input_file_ref idref="fl-3"/>
      </object_component>
      <object_component id="oc-19f">
         <name>.debug_info</name>
         <load_address>0x29e3</load_address>
         <run_address>0x29e3</run_address>
         <size>0x8da</size>
         <input_file_ref idref="fl-4"/>
      </object_component>
      <object_component id="oc-a0">
         <name>.debug_info</name>
         <load_address>0x32bd</load_address>
         <run_address>0x32bd</run_address>
         <size>0xb62</size>
         <input_file_ref idref="fl-4"/>
      </object_component>
      <object_component id="oc-1b1">
         <name>.debug_info</name>
         <load_address>0x3e1f</load_address>
         <run_address>0x3e1f</run_address>
         <size>0x18b</size>
         <input_file_ref idref="fl-4"/>
      </object_component>
      <object_component id="oc-1a5">
         <name>.debug_info</name>
         <load_address>0x3faa</load_address>
         <run_address>0x3faa</run_address>
         <size>0x28d</size>
         <input_file_ref idref="fl-5"/>
      </object_component>
      <object_component id="oc-35">
         <name>.debug_info</name>
         <load_address>0x4237</load_address>
         <run_address>0x4237</run_address>
         <size>0x126</size>
         <input_file_ref idref="fl-6"/>
      </object_component>
      <object_component id="oc-10">
         <name>.debug_info</name>
         <load_address>0x435d</load_address>
         <run_address>0x435d</run_address>
         <size>0x10b</size>
         <input_file_ref idref="fl-6"/>
      </object_component>
      <object_component id="oc-2e">
         <name>.debug_info</name>
         <load_address>0x4468</load_address>
         <run_address>0x4468</run_address>
         <size>0x42c</size>
         <input_file_ref idref="fl-6"/>
      </object_component>
      <object_component id="oc-1f7">
         <name>.debug_info</name>
         <load_address>0x4894</load_address>
         <run_address>0x4894</run_address>
         <size>0x3a6</size>
         <input_file_ref idref="fl-8"/>
      </object_component>
      <object_component id="oc-cf">
         <name>.debug_info</name>
         <load_address>0x4c3a</load_address>
         <run_address>0x4c3a</run_address>
         <size>0x8df</size>
         <input_file_ref idref="fl-8"/>
      </object_component>
      <object_component id="oc-1ff">
         <name>.debug_info</name>
         <load_address>0x5519</load_address>
         <run_address>0x5519</run_address>
         <size>0x110</size>
         <input_file_ref idref="fl-8"/>
      </object_component>
      <object_component id="oc-1fa">
         <name>.debug_info</name>
         <load_address>0x5629</load_address>
         <run_address>0x5629</run_address>
         <size>0x4e</size>
         <input_file_ref idref="fl-8"/>
      </object_component>
      <object_component id="oc-26">
         <name>.debug_info</name>
         <load_address>0x5677</load_address>
         <run_address>0x5677</run_address>
         <size>0x11c</size>
         <input_file_ref idref="fl-12f"/>
      </object_component>
      <object_component id="oc-41">
         <name>.debug_info</name>
         <load_address>0x5793</load_address>
         <run_address>0x5793</run_address>
         <size>0x109</size>
         <input_file_ref idref="fl-130"/>
      </object_component>
      <object_component id="oc-13">
         <name>.debug_info</name>
         <load_address>0x589c</load_address>
         <run_address>0x589c</run_address>
         <size>0x1a8</size>
         <input_file_ref idref="fl-130"/>
      </object_component>
      <object_component id="oc-3c">
         <name>.debug_info</name>
         <load_address>0x5a44</load_address>
         <run_address>0x5a44</run_address>
         <size>0x46</size>
         <input_file_ref idref="fl-130"/>
      </object_component>
      <object_component id="oc-84">
         <name>.debug_info</name>
         <load_address>0x5a8a</load_address>
         <run_address>0x5a8a</run_address>
         <size>0x2c</size>
         <input_file_ref idref="fl-130"/>
      </object_component>
      <object_component id="oc-49">
         <name>.debug_info</name>
         <load_address>0x5ab6</load_address>
         <run_address>0x5ab6</run_address>
         <size>0xfd</size>
         <input_file_ref idref="fl-131"/>
      </object_component>
      <object_component id="oc-43">
         <name>.debug_info</name>
         <load_address>0x5bb3</load_address>
         <run_address>0x5bb3</run_address>
         <size>0x210</size>
         <input_file_ref idref="fl-131"/>
      </object_component>
      <object_component id="oc-1a">
         <name>.debug_info</name>
         <load_address>0x5dc3</load_address>
         <run_address>0x5dc3</run_address>
         <size>0x17a</size>
         <input_file_ref idref="fl-131"/>
      </object_component>
      <object_component id="oc-4a">
         <name>.debug_info</name>
         <load_address>0x5f3d</load_address>
         <run_address>0x5f3d</run_address>
         <size>0x39</size>
         <input_file_ref idref="fl-131"/>
      </object_component>
      <object_component id="oc-5a">
         <name>.debug_info</name>
         <load_address>0x5f76</load_address>
         <run_address>0x5f76</run_address>
         <size>0xf8</size>
         <input_file_ref idref="fl-132"/>
      </object_component>
      <object_component id="oc-1f">
         <name>.debug_info</name>
         <load_address>0x606e</load_address>
         <run_address>0x606e</run_address>
         <size>0x173</size>
         <input_file_ref idref="fl-132"/>
      </object_component>
      <object_component id="oc-55">
         <name>.debug_info</name>
         <load_address>0x61e1</load_address>
         <run_address>0x61e1</run_address>
         <size>0x46</size>
         <input_file_ref idref="fl-132"/>
      </object_component>
      <object_component id="oc-ae">
         <name>.debug_info</name>
         <load_address>0x6227</load_address>
         <run_address>0x6227</run_address>
         <size>0x15a</size>
         <input_file_ref idref="fl-133"/>
      </object_component>
      <object_component id="oc-ab">
         <name>.debug_info</name>
         <load_address>0x6381</load_address>
         <run_address>0x6381</run_address>
         <size>0xff</size>
         <input_file_ref idref="fl-133"/>
      </object_component>
      <object_component id="oc-71">
         <name>.debug_info</name>
         <load_address>0x6480</load_address>
         <run_address>0x6480</run_address>
         <size>0x1d6</size>
         <input_file_ref idref="fl-133"/>
      </object_component>
      <object_component id="oc-17e">
         <name>.debug_info</name>
         <load_address>0x6656</load_address>
         <run_address>0x6656</run_address>
         <size>0xe7</size>
         <input_file_ref idref="fl-134"/>
      </object_component>
      <object_component id="oc-39">
         <name>.debug_info</name>
         <load_address>0x673d</load_address>
         <run_address>0x673d</run_address>
         <size>0xde</size>
         <input_file_ref idref="fl-135"/>
      </object_component>
      <object_component id="oc-2df">
         <name>.debug_info</name>
         <load_address>0x681b</load_address>
         <run_address>0x681b</run_address>
         <size>0xf5</size>
         <input_file_ref idref="fl-136"/>
      </object_component>
      <object_component id="oc-1ed">
         <name>.debug_info</name>
         <load_address>0x6910</load_address>
         <run_address>0x6910</run_address>
         <size>0x174</size>
         <input_file_ref idref="fl-136"/>
      </object_component>
      <object_component id="oc-79">
         <name>.debug_info</name>
         <load_address>0x6a84</load_address>
         <run_address>0x6a84</run_address>
         <size>0x1eb</size>
         <input_file_ref idref="fl-137"/>
      </object_component>
      <object_component id="oc-2b">
         <name>.debug_info</name>
         <load_address>0x6c6f</load_address>
         <run_address>0x6c6f</run_address>
         <size>0xca</size>
         <input_file_ref idref="fl-137"/>
      </object_component>
      <object_component id="oc-2e1">
         <name>.debug_info</name>
         <load_address>0x6d39</load_address>
         <run_address>0x6d39</run_address>
         <size>0x115</size>
         <input_file_ref idref="fl-137"/>
      </object_component>
      <object_component id="oc-1f1">
         <name>.debug_info</name>
         <load_address>0x6e4e</load_address>
         <run_address>0x6e4e</run_address>
         <size>0x854</size>
         <input_file_ref idref="fl-137"/>
      </object_component>
      <object_component id="oc-b4">
         <name>.debug_info</name>
         <load_address>0x76a2</load_address>
         <run_address>0x76a2</run_address>
         <size>0x2c</size>
         <input_file_ref idref="fl-137"/>
      </object_component>
      <object_component id="oc-b9">
         <name>.debug_info</name>
         <load_address>0x76ce</load_address>
         <run_address>0x76ce</run_address>
         <size>0x62</size>
         <input_file_ref idref="fl-137"/>
      </object_component>
      <object_component id="oc-50">
         <name>.debug_info</name>
         <load_address>0x7730</load_address>
         <run_address>0x7730</run_address>
         <size>0x10c</size>
         <input_file_ref idref="fl-138"/>
      </object_component>
      <object_component id="oc-5c">
         <name>.debug_info</name>
         <load_address>0x783c</load_address>
         <run_address>0x783c</run_address>
         <size>0x111</size>
         <input_file_ref idref="fl-139"/>
      </object_component>
      <object_component id="oc-258">
         <name>.debug_info</name>
         <load_address>0x794d</load_address>
         <run_address>0x794d</run_address>
         <size>0x1f5</size>
         <input_file_ref idref="fl-13a"/>
      </object_component>
      <object_component id="oc-11e">
         <name>.debug_info</name>
         <load_address>0x7b42</load_address>
         <run_address>0x7b42</run_address>
         <size>0x24d</size>
         <input_file_ref idref="fl-13a"/>
      </object_component>
      <object_component id="oc-373">
         <name>.debug_info</name>
         <load_address>0x7d8f</load_address>
         <run_address>0x7d8f</run_address>
         <size>0xae</size>
         <input_file_ref idref="fl-13a"/>
      </object_component>
      <object_component id="oc-74">
         <name>.debug_info</name>
         <load_address>0x7e3d</load_address>
         <run_address>0x7e3d</run_address>
         <size>0xd2</size>
         <input_file_ref idref="fl-13b"/>
      </object_component>
      <object_component id="oc-2dd">
         <name>.debug_info</name>
         <load_address>0x7f0f</load_address>
         <run_address>0x7f0f</run_address>
         <size>0xb3</size>
         <input_file_ref idref="fl-13c"/>
      </object_component>
      <object_component id="oc-1e7">
         <name>.debug_info</name>
         <load_address>0x7fc2</load_address>
         <run_address>0x7fc2</run_address>
         <size>0x193</size>
         <input_file_ref idref="fl-13c"/>
      </object_component>
      <object_component id="oc-2cf">
         <name>.debug_info</name>
         <load_address>0x8155</load_address>
         <run_address>0x8155</run_address>
         <size>0x191</size>
         <input_file_ref idref="fl-13d"/>
      </object_component>
      <object_component id="oc-1d5">
         <name>.debug_info</name>
         <load_address>0x82e6</load_address>
         <run_address>0x82e6</run_address>
         <size>0x325</size>
         <input_file_ref idref="fl-13d"/>
      </object_component>
      <object_component id="oc-2d0">
         <name>.debug_info</name>
         <load_address>0x860b</load_address>
         <run_address>0x860b</run_address>
         <size>0x2c</size>
         <input_file_ref idref="fl-13d"/>
      </object_component>
      <object_component id="oc-2d5">
         <name>.debug_info</name>
         <load_address>0x8637</load_address>
         <run_address>0x8637</run_address>
         <size>0x69</size>
         <input_file_ref idref="fl-13d"/>
      </object_component>
      <object_component id="oc-1c5">
         <name>.debug_info</name>
         <load_address>0x86a0</load_address>
         <run_address>0x86a0</run_address>
         <size>0xed</size>
         <input_file_ref idref="fl-13e"/>
      </object_component>
      <object_component id="oc-a8">
         <name>.debug_info</name>
         <load_address>0x878d</load_address>
         <run_address>0x878d</run_address>
         <size>0xdc</size>
         <input_file_ref idref="fl-13e"/>
      </object_component>
      <object_component id="oc-1be">
         <name>.debug_info</name>
         <load_address>0x8869</load_address>
         <run_address>0x8869</run_address>
         <size>0x1e8</size>
         <input_file_ref idref="fl-13e"/>
      </object_component>
      <object_component id="oc-363">
         <name>.debug_info</name>
         <load_address>0x8a51</load_address>
         <run_address>0x8a51</run_address>
         <size>0x320</size>
         <input_file_ref idref="fl-13f"/>
      </object_component>
      <object_component id="oc-24f">
         <name>.debug_info</name>
         <load_address>0x8d71</load_address>
         <run_address>0x8d71</run_address>
         <size>0x17d0</size>
         <input_file_ref idref="fl-13f"/>
      </object_component>
      <object_component id="oc-364">
         <name>.debug_info</name>
         <load_address>0xa541</load_address>
         <run_address>0xa541</run_address>
         <size>0x86</size>
         <input_file_ref idref="fl-13f"/>
      </object_component>
      <object_component id="oc-413">
         <name>.debug_info</name>
         <load_address>0xa5c7</load_address>
         <run_address>0xa5c7</run_address>
         <size>0x46</size>
         <input_file_ref idref="fl-13f"/>
      </object_component>
      <object_component id="oc-369">
         <name>.debug_info</name>
         <load_address>0xa60d</load_address>
         <run_address>0xa60d</run_address>
         <size>0x39</size>
         <input_file_ref idref="fl-13f"/>
      </object_component>
      <object_component id="oc-a6">
         <name>.debug_info</name>
         <load_address>0xa646</load_address>
         <run_address>0xa646</run_address>
         <size>0x12f</size>
         <input_file_ref idref="fl-140"/>
      </object_component>
      <object_component id="oc-68">
         <name>.debug_info</name>
         <load_address>0xa775</load_address>
         <run_address>0xa775</run_address>
         <size>0x130</size>
         <input_file_ref idref="fl-140"/>
      </object_component>
      <object_component id="oc-1b8">
         <name>.debug_info</name>
         <load_address>0xa8a5</load_address>
         <run_address>0xa8a5</run_address>
         <size>0x5e</size>
         <input_file_ref idref="fl-140"/>
      </object_component>
      <object_component id="oc-410">
         <name>.debug_info</name>
         <load_address>0xa903</load_address>
         <run_address>0xa903</run_address>
         <size>0xdd</size>
         <input_file_ref idref="fl-141"/>
      </object_component>
      <object_component id="oc-360">
         <name>.debug_info</name>
         <load_address>0xa9e0</load_address>
         <run_address>0xa9e0</run_address>
         <size>0x13a</size>
         <input_file_ref idref="fl-141"/>
      </object_component>
      <object_component id="oc-9e">
         <name>.debug_info</name>
         <load_address>0xab1a</load_address>
         <run_address>0xab1a</run_address>
         <size>0x286</size>
         <input_file_ref idref="fl-142"/>
      </object_component>
      <object_component id="oc-65">
         <name>.debug_info</name>
         <load_address>0xada0</load_address>
         <run_address>0xada0</run_address>
         <size>0x140</size>
         <input_file_ref idref="fl-142"/>
      </object_component>
      <object_component id="oc-c2">
         <name>.debug_info</name>
         <load_address>0xaee0</load_address>
         <run_address>0xaee0</run_address>
         <size>0x39</size>
         <input_file_ref idref="fl-142"/>
      </object_component>
      <object_component id="oc-c7">
         <name>.debug_info</name>
         <load_address>0xaf19</load_address>
         <run_address>0xaf19</run_address>
         <size>0xcd</size>
         <input_file_ref idref="fl-142"/>
      </object_component>
      <object_component id="oc-bf">
         <name>.debug_info</name>
         <load_address>0xafe6</load_address>
         <run_address>0xafe6</run_address>
         <size>0x1a9</size>
         <input_file_ref idref="fl-143"/>
      </object_component>
      <object_component id="oc-99">
         <name>.debug_info</name>
         <load_address>0xb18f</load_address>
         <run_address>0xb18f</run_address>
         <size>0x14c</size>
         <input_file_ref idref="fl-143"/>
      </object_component>
      <object_component id="oc-1cd">
         <name>.debug_info</name>
         <load_address>0xb2db</load_address>
         <run_address>0xb2db</run_address>
         <size>0x2c</size>
         <input_file_ref idref="fl-143"/>
      </object_component>
      <object_component id="oc-472">
         <name>.debug_info</name>
         <load_address>0xb307</load_address>
         <run_address>0xb307</run_address>
         <size>0xb7</size>
         <input_file_ref idref="fl-144"/>
      </object_component>
      <object_component id="oc-40d">
         <name>.debug_info</name>
         <load_address>0xb3be</load_address>
         <run_address>0xb3be</run_address>
         <size>0xc3</size>
         <input_file_ref idref="fl-144"/>
      </object_component>
      <object_component id="oc-370">
         <name>.debug_info</name>
         <load_address>0xb481</load_address>
         <run_address>0xb481</run_address>
         <size>0xd9</size>
         <input_file_ref idref="fl-145"/>
      </object_component>
      <object_component id="oc-255">
         <name>.debug_info</name>
         <load_address>0xb55a</load_address>
         <run_address>0xb55a</run_address>
         <size>0xc0</size>
         <input_file_ref idref="fl-145"/>
      </object_component>
      <object_component id="oc-4bc">
         <name>.debug_info</name>
         <load_address>0xb61a</load_address>
         <run_address>0xb61a</run_address>
         <size>0xca</size>
         <input_file_ref idref="fl-145"/>
      </object_component>
      <object_component id="oc-3c5">
         <name>.debug_info</name>
         <load_address>0xb6e4</load_address>
         <run_address>0xb6e4</run_address>
         <size>0x14d</size>
         <input_file_ref idref="fl-145"/>
      </object_component>
      <object_component id="oc-33a">
         <name>.debug_info</name>
         <load_address>0xb831</load_address>
         <run_address>0xb831</run_address>
         <size>0x111</size>
[...]
      </symbol>
      <symbol id="sm-64a">
         <name>putchar</name>
         <value>0x20008b59</value>
         <object_component_ref idref="oc-242"/>
      </symbol>
      <symbol id="sm-66c">
         <name>puts</name>
         <value>0x2000826d</value>
         <object_component_ref idref="oc-248"/>
      </symbol>
      <symbol id="sm-66d">
         <name>fputs</name>
         <value>0x20008161</value>
         <object_component_ref idref="oc-248"/>
      </symbol>
      <symbol id="sm-67a">
         <name>frexp</name>
         <value>0x2000981f</value>
         <object_component_ref idref="oc-33e"/>
      </symbol>
      <symbol id="sm-686">
         <name>__aeabi_i2d</name>
         <value>0x200096d9</value>
         <object_component_ref idref="oc-334"/>
      </symbol>
      <symbol id="sm-697">
         <name>ldexp</name>
         <value>0x200093e5</value>
         <object_component_ref idref="oc-344"/>
      </symbol>
      <symbol id="sm-6e9">
         <name>open</name>
         <value>0x2000721f</value>
         <object_component_ref idref="oc-300"/>
      </symbol>
      <symbol id="sm-6ea">
         <name>add_device</name>
         <value>0x20007341</value>
         <object_component_ref idref="oc-300"/>
      </symbol>
      <symbol id="sm-6eb">
         <name>remove_device</name>
         <value>0x200071d3</value>
         <object_component_ref idref="oc-300"/>
      </symbol>
      <symbol id="sm-6ec">
         <name>lseek</name>
         <value>0x200072cd</value>
         <object_component_ref idref="oc-300"/>
      </symbol>
      <symbol id="sm-6ed">
         <name>read</name>
         <value>0x200071fb</value>
         <object_component_ref idref="oc-300"/>
      </symbol>
      <symbol id="sm-6ee">
         <name>rename</name>
         <value>0x20007195</value>
         <object_component_ref idref="oc-300"/>
      </symbol>
      <symbol id="sm-6ef">
         <name>write</name>
         <value>0x200070e1</value>
         <object_component_ref idref="oc-300"/>
      </symbol>
      <symbol id="sm-6f0">
         <name>close</name>
         <value>0x200072f1</value>
         <object_component_ref idref="oc-300"/>
      </symbol>
      <symbol id="sm-6f1">
         <name>unlink</name>
         <value>0x20007171</value>
         <object_component_ref idref="oc-300"/>
      </symbol>
      <symbol id="sm-700">
         <name>ltoa</name>
         <value>0x20009265</value>
         <object_component_ref idref="oc-32e"/>
      </symbol>
      <symbol id="sm-710">
         <name>memccpy</name>
         <value>0x200099ad</value>
         <object_component_ref idref="oc-356"/>
      </symbol>
      <symbol id="sm-720">
         <name>memchr</name>
         <value>0x200098a1</value>
         <object_component_ref idref="oc-308"/>
      </symbol>
      <symbol id="sm-730">
         <name>strchr</name>
         <value>0x20009bab</value>
         <object_component_ref idref="oc-34a"/>
      </symbol>
      <symbol id="sm-73f">
         <name>strcmp</name>
         <value>0x20009b25</value>
         <object_component_ref idref="oc-3c9"/>
      </symbol>
      <symbol id="sm-74f">
         <name>strncpy</name>
         <value>0x20009679</value>
         <object_component_ref idref="oc-3cf"/>
      </symbol>
      <symbol id="sm-770">
         <name>HOSTgetenv</name>
         <value>0x20007603</value>
         <object_component_ref idref="oc-43c"/>
      </symbol>
      <symbol id="sm-771">
         <name>HOSTrename</name>
         <value>0x200074ab</value>
         <object_component_ref idref="oc-43c"/>
      </symbol>
      <symbol id="sm-772">
         <name>HOSTclose</name>
         <value>0x20007641</value>
         <object_component_ref idref="oc-43c"/>
      </symbol>
      <symbol id="sm-773">
         <name>HOSTunlink</name>
         <value>0x20007439</value>
         <object_component_ref idref="oc-43c"/>
      </symbol>
      <symbol id="sm-774">
         <name>HOSTlseek</name>
         <value>0x200075a7</value>
         <object_component_ref idref="oc-43c"/>
      </symbol>
      <symbol id="sm-775">
         <name>HOSTopen</name>
         <value>0x20007555</value>
         <object_component_ref idref="oc-43c"/>
      </symbol>
      <symbol id="sm-776">
         <name>HOSTclock</name>
         <value>0x20007679</value>
         <object_component_ref idref="oc-43c"/>
      </symbol>
      <symbol id="sm-777">
         <name>HOSTwrite</name>
         <value>0x200073ed</value>
         <object_component_ref idref="oc-43c"/>
      </symbol>
      <symbol id="sm-778">
         <name>HOSTread</name>
         <value>0x20007509</value>
         <object_component_ref idref="oc-43c"/>
      </symbol>
      <symbol id="sm-779">
         <name>HOSTtime</name>
         <value>0x20007471</value>
         <object_component_ref idref="oc-43c"/>
      </symbol>
      <symbol id="sm-794">
         <name>__TI_readmsg</name>
         <value>0x2000910b</value>
         <object_component_ref idref="oc-489"/>
      </symbol>
      <symbol id="sm-795">
         <name>C$$IO$$</name>
         <value>0x20009107</value>
         <object_component_ref idref="oc-489"/>
      </symbol>
      <symbol id="sm-796">
         <name>__CIOBUF_</name>
         <value>0x20017b48</value>
         <object_component_ref idref="oc-4c2"/>
      </symbol>
      <symbol id="sm-797">
         <name>__TI_writemsg</name>
         <value>0x200090d9</value>
         <object_component_ref idref="oc-489"/>
      </symbol>
      <symbol id="sm-7c1">
         <name>__aeabi_uldivmod</name>
         <value>0x20007941</value>
         <object_component_ref idref="oc-310"/>
      </symbol>
      <symbol id="sm-7cf">
         <name>_Dclass</name>
         <value>0x20009761</value>
         <object_component_ref idref="oc-350"/>
      </symbol>
      <symbol id="sm-7f0">
         <name>_Dscale</name>
         <value>0x20008295</value>
         <object_component_ref idref="oc-3f8"/>
      </symbol>
      <symbol id="sm-804">
         <name>_Dunscale</name>
         <value>0x20009141</value>
         <object_component_ref idref="oc-3f0"/>
      </symbol>
      <symbol id="sm-813">
         <name>_Feraise</name>
         <value>0x200096a9</value>
         <object_component_ref idref="oc-3fe"/>
      </symbol>
      <symbol id="sm-823">
         <name>_Rteps</name>
         <value>0x20017ad0</value>
         <object_component_ref idref="oc-459"/>
      </symbol>
      <symbol id="sm-824">
         <name>_Zero</name>
         <value>0x20017ae8</value>
         <object_component_ref idref="oc-459"/>
      </symbol>
      <symbol id="sm-825">
         <name>_Hugeval</name>
         <value>0x20017a90</value>
         <object_component_ref idref="oc-459"/>
      </symbol>
      <symbol id="sm-826">
         <name>_Snan</name>
         <value>0x20017ac0</value>
         <object_component_ref idref="oc-459"/>
      </symbol>
      <symbol id="sm-827">
         <name>_Nan</name>
         <value>0x20017ab0</value>
         <object_component_ref idref="oc-459"/>
      </symbol>
      <symbol id="sm-828">
         <name>_Inf</name>
         <value>0x20017aa0</value>
         <object_component_ref idref="oc-459"/>
      </symbol>
      <symbol id="sm-829">
         <name>_Xbig</name>
         <value>0x20017ae0</value>
         <object_component_ref idref="oc-459"/>
      </symbol>
      <symbol id="sm-82a">
         <name>_Eps</name>
         <value>0x20017a80</value>
         <object_component_ref idref="oc-459"/>
      </symbol>
      <symbol id="sm-82b">
         <name>_Denorm</name>
         <value>0x20017a70</value>
         <object_component_ref idref="oc-459"/>
      </symbol>
      <symbol id="sm-849">
         <name>__TI_wrt_ok</name>
         <value>0x20008703</value>
         <object_component_ref idref="oc-2f4"/>
      </symbol>
      <symbol id="sm-84a">
         <name>__TI_rd_ok</name>
         <value>0x20008765</value>
         <object_component_ref idref="oc-2f4"/>
      </symbol>
      <symbol id="sm-852">
         <name>_Errno</name>
         <value>0x20017b3c</value>
         <object_component_ref idref="oc-464"/>
      </symbol>
      <symbol id="sm-870">
         <name>feraiseexcept</name>
         <value>0x200095e5</value>
         <object_component_ref idref="oc-45e"/>
      </symbol>
      <symbol id="sm-871">
         <name>_Tls_setup__Fenv</name>
         <value>0x20017b38</value>
         <object_component_ref idref="oc-4b1"/>
      </symbol>
      <symbol id="sm-872">
         <name>_Fenv</name>
         <value>0x20017b34</value>
         <object_component_ref idref="oc-4b1"/>
      </symbol>
      <symbol id="sm-88c">
         <name>__TI_doflush</name>
         <value>0x2000857d</value>
         <object_component_ref idref="oc-2fa"/>
      </symbol>
      <symbol id="sm-88d">
         <name>fflush</name>
         <value>0x200085c9</value>
         <object_component_ref idref="oc-2fa"/>
      </symbol>
      <symbol id="sm-89f">
         <name>fseek</name>
         <value>0x200091a9</value>
         <object_component_ref idref="oc-3b6"/>
      </symbol>
      <symbol id="sm-8b3">
         <name>raise</name>
         <value>0x20009707</value>
         <object_component_ref idref="oc-4ab"/>
      </symbol>
      <symbol id="sm-8cf">
         <name>setvbuf</name>
         <value>0x200084a1</value>
         <object_component_ref idref="oc-3bc"/>
      </symbol>
      <symbol id="sm-8e9">
         <name>signal</name>
         <value>0x200094f5</value>
         <object_component_ref idref="oc-4cd"/>
      </symbol>
      <symbol id="sm-8f7">
         <name>strcpy</name>
         <value>0x20009c11</value>
         <object_component_ref idref="oc-48f"/>
      </symbol>
      <symbol id="sm-90c">
         <name>_Dnorm</name>
         <value>0x20008645</value>
         <object_component_ref idref="oc-44f"/>
      </symbol>
      <symbol id="sm-93e">
         <name>__TI_cleanup</name>
         <value>0x20007bfd</value>
         <object_component_ref idref="oc-425"/>
      </symbol>
      <symbol id="sm-93f">
         <name>freopen</name>
         <value>0x20007c29</value>
         <object_component_ref idref="oc-425"/>
      </symbol>
      <symbol id="sm-940">
         <name>fopen</name>
         <value>0x20007c53</value>
         <object_component_ref idref="oc-425"/>
      </symbol>
      <symbol id="sm-956">
         <name>__TI_closefile</name>
         <value>0x20008a3d</value>
         <object_component_ref idref="oc-47a"/>
      </symbol>
      <symbol id="sm-957">
         <name>fclose</name>
         <value>0x20008aa3</value>
         <object_component_ref idref="oc-47a"/>
      </symbol>
      <symbol id="sm-9b6">
         <name>GPIOIntRegister</name>
         <value>0x200098c1</value>
         <object_component_ref idref="oc-163"/>
      </symbol>
      <symbol id="sm-9b7">
         <name>GPIOIntDisable</name>
         <value>0x200099c9</value>
         <object_component_ref idref="oc-157"/>
      </symbol>
      <symbol id="sm-9b8">
         <name>GPIOIntEnable</name>
         <value>0x200099e3</value>
         <object_component_ref idref="oc-169"/>
      </symbol>
      <symbol id="sm-9b9">
         <name>GPIOIntTypeSet</name>
         <value>0x20008e1d</value>
         <object_component_ref idref="oc-16f"/>
      </symbol>
      <symbol id="sm-9ba">
         <name>GPIOIntClear</name>
         <value>0x20009bd5</value>
         <object_component_ref idref="oc-180"/>
      </symbol>
      <symbol id="sm-9bb">
         <name>GPIOPinRead</name>
         <value>0x20009a4b</value>
         <object_component_ref idref="oc-175"/>
      </symbol>
      <symbol id="sm-9bc">
         <name>GPIODirModeSet</name>
         <value>0x200095ad</value>
         <object_component_ref idref="oc-298"/>
      </symbol>
      <symbol id="sm-9bd">
         <name>GPIOPinWrite</name>
         <value>0x20009841</value>
         <object_component_ref idref="oc-2ab"/>
      </symbol>
      <symbol id="sm-9fe">
         <name>IntVTableBaseSet</name>
         <value>0x20009be9</value>
         <object_component_ref idref="oc-d2"/>
      </symbol>
      <symbol id="sm-9ff">
         <name>IntEnable</name>
         <value>0x200087b1</value>
         <object_component_ref idref="oc-de"/>
      </symbol>
      <symbol id="sm-a00">
         <name>IntRegister</name>
         <value>0x20009861</value>
         <object_component_ref idref="oc-273"/>
      </symbol>
      <symbol id="sm-a01">
         <name>IntMasterEnable</name>
         <value>0x20009ca5</value>
         <object_component_ref idref="oc-d8"/>
      </symbol>
      <symbol id="sm-a40">
         <name>PinTypeUART</name>
         <value>0x20009a17</value>
         <object_component_ref idref="oc-2a4"/>
      </symbol>
      <symbol id="sm-a41">
         <name>PinTypeGPIO</name>
         <value>0x20009619</value>
         <object_component_ref idref="oc-292"/>
      </symbol>
      <symbol id="sm-a42">
         <name>PinConfigSet</name>
         <value>0x20008c01</value>
         <object_component_ref idref="oc-38b"/>
      </symbol>
      <symbol id="sm-a43">
         <name>PinTypeSPI</name>
         <value>0x200099fd</value>
         <object_component_ref idref="oc-29e"/>
      </symbol>
      <symbol id="sm-a44">
         <name>PinModeSet</name>
         <value>0x200094b5</value>
         <object_component_ref idref="oc-391"/>
      </symbol>
      <symbol id="sm-aca">
         <name>PRCMPeripheralReset</name>
         <value>0x2000920d</value>
         <object_component_ref idref="oc-22d"/>
      </symbol>
      <symbol id="sm-acb">
         <name>PRCMPeripheralClkEnable</name>
         <value>0x20009535</value>
         <object_component_ref idref="oc-227"/>
      </symbol>
      <symbol id="sm-acc">
         <name>PRCMPeripheralClockGet</name>
         <value>0x20008b6d</value>
         <object_component_ref idref="oc-f6"/>
      </symbol>
      <symbol id="sm-acd">
         <name>PRCMCC3200MCUInit</name>
         <value>0x20007eb1</value>
         <object_component_ref idref="oc-e4"/>
      </symbol>
      <symbol id="sm-ace">
         <name>PRCMHIBRegWrite</name>
         <value>0x20009b53</value>
         <object_component_ref idref="oc-221"/>
      </symbol>
      <symbol id="sm-acf">
         <name>PRCMSysResetCauseGet</name>
         <value>0x20009735</value>
         <object_component_ref idref="oc-215"/>
      </symbol>
      <symbol id="sm-ad0">
         <name>PRCMPeripheralClkDisable</name>
         <value>0x2000978d</value>
         <object_component_ref idref="oc-233"/>
      </symbol>
      <symbol id="sm-ad1">
         <name>PRCMHIBRegRead</name>
         <value>0x20009b3d</value>
         <object_component_ref idref="oc-21b"/>
      </symbol>
      <symbol id="sm-b1e">
         <name>SPICSEnable</name>
         <value>0x20009a7b</value>
         <object_component_ref idref="oc-2b1"/>
      </symbol>
      <symbol id="sm-b1f">
         <name>SPIFIFOEnable</name>
         <value>0x20009a31</value>
         <object_component_ref idref="oc-f0"/>
      </symbol>
      <symbol id="sm-b20">
         <name>SPIDataPut</name>
         <value>0x200098df</value>
         <object_component_ref idref="oc-2b7"/>
      </symbol>
      <symbol id="sm-b21">
         <name>SPIEnable</name>
         <value>0x20009a93</value>
         <object_component_ref idref="oc-102"/>
      </symbol>
      <symbol id="sm-b22">
         <name>SPIDataGet</name>
         <value>0x20009881</value>
         <object_component_ref idref="oc-2bd"/>
      </symbol>
      <symbol id="sm-b23">
         <name>SPIConfigSetExpClk</name>
         <value>0x20008901</value>
         <object_component_ref idref="oc-fc"/>
      </symbol>
      <symbol id="sm-b24">
         <name>SPIReset</name>
         <value>0x200097fd</value>
         <object_component_ref idref="oc-ea"/>
      </symbol>
      <symbol id="sm-b25">
         <name>SPICSDisable</name>
         <value>0x20009a63</value>
         <object_component_ref idref="oc-2c3"/>
      </symbol>
      <symbol id="sm-b5c">
         <name>SysTickEnable</name>
         <value>0x20009c5d</value>
         <object_component_ref idref="oc-15d"/>
      </symbol>
      <symbol id="sm-b5d">
         <name>SysTickIntRegister</name>
         <value>0x20009975</value>
         <object_component_ref idref="oc-192"/>
      </symbol>
      <symbol id="sm-b5e">
         <name>SysTickIntEnable</name>
         <value>0x20009c6d</value>
         <object_component_ref idref="oc-18c"/>
      </symbol>
      <symbol id="sm-b5f">
         <name>SysTickPeriodSet</name>
         <value>0x20009aad</value>
         <object_component_ref idref="oc-198"/>
      </symbol>
      <symbol id="sm-b60">
         <name>SysTickDisable</name>
         <value>0x20009c4d</value>
         <object_component_ref idref="oc-186"/>
      </symbol>
      <symbol id="sm-bf9">
         <name>UARTFIFODisable</name>
         <value>0x20009b7f</value>
         <object_component_ref idref="oc-145"/>
      </symbol>
      <symbol id="sm-bfa">
         <name>UARTConfigSetExpClk</name>
         <value>0x20008f19</value>
         <object_component_ref idref="oc-139"/>
      </symbol>
      <symbol id="sm-bfb">
         <name>UARTDisable</name>
         <value>0x20009649</value>
         <object_component_ref idref="oc-264"/>
      </symbol>
      <symbol id="sm-bfc">
         <name>UARTIntEnable</name>
         <value>0x20009af5</value>
         <object_component_ref idref="oc-115"/>
      </symbol>
      <symbol id="sm-bfd">
         <name>UARTCharsAvail</name>
         <value>0x20009ac5</value>
         <object_component_ref idref="oc-1d8"/>
      </symbol>
      <symbol id="sm-bfe">
         <name>UARTCharGetNonBlocking</name>
         <value>0x20009991</value>
         <object_component_ref idref="oc-1de"/>
      </symbol>
      <symbol id="sm-bff">
         <name>UARTIntDisable</name>
         <value>0x20009add</value>
         <object_component_ref idref="oc-108"/>
      </symbol>
      <symbol id="sm-c00">
         <name>UARTCharPut</name>
         <value>0x200098fd</value>
         <object_component_ref idref="oc-10e"/>
      </symbol>
      <symbol id="sm-c01">
         <name>UARTEnable</name>
         <value>0x200097b5</value>
         <object_component_ref idref="oc-13f"/>
      </symbol>
      <symbol id="sm-c02">
         <name>UARTFIFOEnable</name>
         <value>0x20009b95</value>
         <object_component_ref idref="oc-151"/>
      </symbol>
      <symbol id="sm-c03">
         <name>UARTIntClear</name>
         <value>0x20009c39</value>
         <object_component_ref idref="oc-127"/>
      </symbol>
      <symbol id="sm-c04">
         <name>UARTIntStatus</name>
         <value>0x20009939</value>
         <object_component_ref idref="oc-121"/>
      </symbol>
      <symbol id="sm-c05">
         <name>UARTCharGet</name>
         <value>0x20009b69</value>
         <object_component_ref idref="oc-12d"/>
      </symbol>
      <symbol id="sm-c06">
         <name>UARTIntRegister</name>
         <value>0x2000991b</value>
         <object_component_ref idref="oc-14b"/>
      </symbol>
      <symbol id="sm-c0a">
         <name>UtilsDelay</name>
         <value>0x20009caf</value>
         <object_component_ref idref="oc-114"/>
      </symbol>
      <symbol id="sm-c14">
         <name>CPUcpsie</name>
         <value>0x20009bc1</value>
         <object_component_ref idref="oc-205"/>
      </symbol>
      <symbol id="sm-c16">
         <name>__TI_static_base__</name>
         <value>0x2000a4f8</value>
      </symbol>
      <symbol id="sm-c19">
         <name>SHT$$INIT_ARRAY$$Limit</name>
         <value>0x0</value>
      </symbol>
      <symbol id="sm-c1a">
         <name>SHT$$INIT_ARRAY$$Base</name>
         <value>0x0</value>
      </symbol>
      <symbol id="sm-c1b">
         <name>remove</name>
         <value>0x20007171</value>
      </symbol>
   </symbol_table>
   <title>Link successful</title>
</link_info>
