******************************************************************************
                  TI ARM Linker PC v5.2.5                      
******************************************************************************
>> Linked Fri Apr 29 23:38:54 2016

OUTPUT FILE NAME:   <uart_demo.out>
ENTRY POINT SYMBOL: "_c_int00"  address: 20009571


MEMORY CONFIGURATION

         name            origin    length      used     unused   attr    fill
----------------------  --------  ---------  --------  --------  ----  --------
  SRAM_CODE             20004000   00013000  000065d2  0000ca2e  RW X
  SRAM_DATA             20017000   00019000  00000e30  000181d0  RW X


SEGMENT ALLOCATION MAP

run origin  load origin   length   init length attrs members
----------  ----------- ---------- ----------- ----- -------
20004000    20004000    000065d8   000065d8    r-x
  20004000    20004000    00000400   00000400    r-- .intvecs
  20004400    20004400    000058be   000058be    r-x .text
  20009cc0    20009cc0    00000834   00000834    r-- .const
  2000a4f8    2000a4f8    000000e0   000000e0    r-- .cinit
20017000    20017000    00000d30   00000000    rw-
  20017000    20017000    00000800   00000000    rw- .sysmem
  20017800    20017800    00000348   00000000    rw- .data
  20017b48    20017b48    000001e8   00000000    rw- .bss
2002ff00    2002ff00    00000100   00000000    rw-
  2002ff00    2002ff00    00000100   00000000    rw- .stack


SECTION ALLOCATION MAP

 output                                  attributes/
section   page    origin      length       input sections
--------  ----  ----------  ----------   ----------------
.intvecs   0    20004000    00000400     
                  20004000    00000400     startup_ccs.obj (.intvecs)

.init_array 
*          0    20004000    00000000     UNINITIALIZED

.text      0    20004400    000058be     
                  20004400    000010a6     rtsv7M4_T_le_eabi.lib : _printfi.obj (.text)
                  200054a6    00000002     --HOLE-- [fill = 0]
                  200054a8    00000a80     Adafruit_GFX.obj (.text)
                  20005f28    00000964     main.obj (.text)
                  2000688c    00000476     Adafruit_OLED.obj (.text)
                  20006d02    00000002     --HOLE-- [fill = 0]
                  20006d04    000003dc     rtsv7M4_T_le_eabi.lib : memory.obj (.text)
                  200070e0    0000030c                           : lowlev.obj (.text)
                  200073ec    000002d4                           : trgdrv.obj (.text)
                  200076c0    00000280     uart_if.obj (.text)
                  20007940    000001f4     rtsv7M4_T_le_eabi.lib : ull_div_t2.obj (.text)
                  20007b34    000001c4                           : fopen.obj (.text)
                  20007cf8    000001b6                           : fd_add_t2.obj (.text)
                  20007eae    00000002     --HOLE-- [fill = 0]
                  20007eb0    00000178     driverlib.a : prcm.obj (.text:PRCMCC3200MCUInit)
                  20008028    00000136     rtsv7M4_T_le_eabi.lib : fd_div_t2.obj (.text)
                  2000815e    00000002     --HOLE-- [fill = 0]
                  20008160    00000134                           : fputs.obj (.text)
                  20008294    00000110                           : xdscale.obj (.text)
                  200083a4    000000fc                           : fd_mul_t2.obj (.text)
                  200084a0    000000dc                           : setvbuf.obj (.text)
                  2000857c    000000c8                           : fflush.obj (.text)
                  20008644    000000be                           : xdnorm.obj (.text)
                  20008702    000000ac                           : _io_perm.obj (.text)
                  200087ae    00000002     --HOLE-- [fill = 0]
                  200087b0    000000a8     driverlib.a : interrupt.obj (.text:IntEnable)
                  20008858    000000a8     pinmux.obj (.text)
                  20008900    000000a0     driverlib.a : spi.obj (.text:SPIConfigSetExpClk)
                  200089a0    0000009c     rtsv7M4_T_le_eabi.lib : memcpy_t2.obj (.text)
                  20008a3c    00000098                           : fclose.obj (.text)
                  20008ad4    00000098                           : fputc.obj (.text)
                  20008b6c    00000094     driverlib.a : prcm.obj (.text:PRCMPeripheralClockGet)
                  20008c00    00000088                 : pin.obj (.text:PinConfigSet)
                  20008c88    00000088     rtsv7M4_T_le_eabi.lib : vsnprintf.obj (.text)
                  20008d10    00000086                           : fd_cmp_t2.obj (.text:__aeabi_cdcmple)
                  20008d96    00000086                           : fd_cmp_t2.obj (.text:__aeabi_cdrcmple)
                  20008e1c    00000082     driverlib.a : gpio.obj (.text:GPIOIntTypeSet)
                  20008e9e    0000007a     rtsv7M4_T_le_eabi.lib : memset_t2.obj (.text)
                  20008f18    00000076     driverlib.a : uart.obj (.text:UARTConfigSetExpClk)
                  20008f8e    00000002     --HOLE-- [fill = 0]
                  20008f90    00000070     rtsv7M4_T_le_eabi.lib : printf.obj (.text)
                  20009000    0000006c                           : autoinit.obj (.text)
                  2000906c    0000006a                           : copy_decompress_rle.obj (.text)
                  200090d6    00000002     --HOLE-- [fill = 0]
                  200090d8    00000068                           : trgmsg.obj (.text)
                  20009140    00000066                           : xdunscal.obj (.text)
                  200091a6    00000002     --HOLE-- [fill = 0]
                  200091a8    00000064                           : fseek.obj (.text)
                  2000920c    00000058     driverlib.a : prcm.obj (.text:PRCMPeripheralReset)
                  20009264    00000056     rtsv7M4_T_le_eabi.lib : ltoa.obj (.text)
                  200092ba    00000002     --HOLE-- [fill = 0]
                  200092bc    0000004c                           : atoi.obj (.text)
                  20009308    0000004c                           : cpy_tbl.obj (.text)
                  20009354    00000048     driverlib.a : gpio.obj (.text:GPIOGetIntNumber)
                  2000939c    00000048     rtsv7M4_T_le_eabi.lib : fd_toi_t2.obj (.text)
                  200093e4    00000046                           : ldexp.obj (.text)
                  2000942a    00000002     --HOLE-- [fill = 0]
                  2000942c    00000044     driverlib.a : uart.obj (.text:UARTIntNumberGet)
                  20009470    00000044     rtsv7M4_T_le_eabi.lib : exit.obj (.text)
                  200094b4    00000040     driverlib.a : pin.obj (.text:PinModeSet)
                  200094f4    00000040     rtsv7M4_T_le_eabi.lib : signal.obj (.text)
                  20009534    0000003c     driverlib.a : prcm.obj (.text:PRCMPeripheralClkEnable)
                  20009570    0000003c     rtsv7M4_T_le_eabi.lib : boot.obj (.text)
                  200095ac    00000036     driverlib.a : gpio.obj (.text:GPIODirModeSet)
                  200095e2    00000002     --HOLE-- [fill = 0]
                  200095e4    00000034     rtsv7M4_T_le_eabi.lib : feraiseexcept.obj (.text)
                  20009618    00000030     driverlib.a : pin.obj (.text:PinTypeGPIO)
                  20009648    00000030                 : uart.obj (.text:UARTDisable)
                  20009678    00000030     rtsv7M4_T_le_eabi.lib : strncpy.obj (.text)
                  200096a8    00000030                           : xferaise.obj (.text)
                  200096d8    0000002e                           : i_tofd_t2.obj (.text)
                  20009706    0000002e                           : raise.obj (.text)
                  20009734    0000002c     driverlib.a : prcm.obj (.text:PRCMSysResetCauseGet)
                  20009760    0000002a     rtsv7M4_T_le_eabi.lib : xdclass.obj (.text)
                  2000978a    00000002     --HOLE-- [fill = 0]
                  2000978c    00000028     driverlib.a : prcm.obj (.text:PRCMPeripheralClkDisable)
                  200097b4    00000024                 : uart.obj (.text:UARTEnable)
                  200097d8    00000024     rtsv7M4_T_le_eabi.lib : memmov.obj (.text)
                  200097fc    00000022     driverlib.a : spi.obj (.text:SPIReset)
                  2000981e    00000022     rtsv7M4_T_le_eabi.lib : frexp.obj (.text)
                  20009840    00000020     driverlib.a : gpio.obj (.text:GPIOPinWrite)
                  20009860    00000020                 : interrupt.obj (.text:IntRegister)
                  20009880    00000020                 : spi.obj (.text:SPIDataGet)
                  200098a0    00000020     rtsv7M4_T_le_eabi.lib : memchr.obj (.text)
                  200098c0    0000001e     driverlib.a : gpio.obj (.text:GPIOIntRegister)
                  200098de    0000001e                 : spi.obj (.text:SPIDataPut)
                  200098fc    0000001e                 : uart.obj (.text:UARTCharPut)
                  2000991a    0000001e                 : uart.obj (.text:UARTIntRegister)
                  20009938    0000001e                 : uart.obj (.text:UARTIntStatus)
                  20009956    0000001e     rtsv7M4_T_le_eabi.lib : ll_lsl_t2.obj (.text)
                  20009974    0000001c     driverlib.a : systick.obj (.text:SysTickIntRegister)
                  20009990    0000001c                 : uart.obj (.text:UARTCharGetNonBlocking)
                  200099ac    0000001c     rtsv7M4_T_le_eabi.lib : memccpy.obj (.text)
                  200099c8    0000001a     driverlib.a : gpio.obj (.text:GPIOIntDisable)
                  200099e2    0000001a                 : gpio.obj (.text:GPIOIntEnable)
                  200099fc    0000001a                 : pin.obj (.text:PinTypeSPI)
                  20009a16    0000001a                 : pin.obj (.text:PinTypeUART)
                  20009a30    0000001a                 : spi.obj (.text:SPIFIFOEnable)
                  20009a4a    00000018                 : gpio.obj (.text:GPIOPinRead)
                  20009a62    00000018                 : spi.obj (.text:SPICSDisable)
                  20009a7a    00000018                 : spi.obj (.text:SPICSEnable)
                  20009a92    00000018                 : spi.obj (.text:SPIEnable)
                  20009aaa    00000002     --HOLE-- [fill = 0]
                  20009aac    00000018                 : systick.obj (.text:SysTickPeriodSet)
                  20009ac4    00000018                 : uart.obj (.text:UARTCharsAvail)
                  20009adc    00000018                 : uart.obj (.text:UARTIntDisable)
                  20009af4    00000018                 : uart.obj (.text:UARTIntEnable)
                  20009b0c    00000018     rtsv7M4_T_le_eabi.lib : args_main.obj (.text)
                  20009b24    00000018                           : strcmp.obj (.text)
                  20009b3c    00000016     driverlib.a : prcm.obj (.text:PRCMHIBRegRead)
                  20009b52    00000016                 : prcm.obj (.text:PRCMHIBRegWrite)
                  20009b68    00000016                 : uart.obj (.text:UARTCharGet)
                  20009b7e    00000016                 : uart.obj (.text:UARTFIFODisable)
                  20009b94    00000016                 : uart.obj (.text:UARTFIFOEnable)
                  20009baa    00000016     rtsv7M4_T_le_eabi.lib : strchr.obj (.text)
                  20009bc0    00000014     driverlib.a : cpu.obj (.text:CPUcpsie)
                  20009bd4    00000014                 : gpio.obj (.text:GPIOIntClear)
                  20009be8    00000014                 : interrupt.obj (.text:IntVTableBaseSet)
                  20009bfc    00000014     rtsv7M4_T_le_eabi.lib : _lock.obj (.text)
                  20009c10    00000014                           : strcpy.obj (.text)
                  20009c24    00000014                           : strlen.obj (.text)
                  20009c38    00000012     driverlib.a : uart.obj (.text:UARTIntClear)
                  20009c4a    00000002     --HOLE-- [fill = 0]
                  20009c4c    00000010                 : systick.obj (.text:SysTickDisable)
                  20009c5c    00000010                 : systick.obj (.text:SysTickEnable)
                  20009c6c    00000010                 : systick.obj (.text:SysTickIntEnable)
                  20009c7c    0000000e     rtsv7M4_T_le_eabi.lib : copy_decompress_none.obj (.text:decompress:none)
                  20009c8a    0000000e     startup_ccs.obj (.text)
                  20009c98    0000000c     rtsv7M4_T_le_eabi.lib : copy_zero_init.obj (.text:decompress:ZI)
                  20009ca4    0000000a     driverlib.a : interrupt.obj (.text:IntMasterEnable)
                  20009cae    00000006                 : utils.obj (.text:UtilsDelay)
                  20009cb4    00000006     rtsv7M4_T_le_eabi.lib : copy_decompress_rle.obj (.text:decompress:rle24)
                  20009cba    00000004                           : pre_init.obj (.text)

.const     0    20009cc0    00000834     
                  20009cc0    000004fb     Adafruit_GFX.obj (.const:.string:font)
                  2000a1bb    00000101     rtsv7M4_T_le_eabi.lib : ctype.obj (.const:.string:_ctypes_)
                  2000a2bc    00000100     driverlib.a : pin.obj (.const:g_ulPinToPadMap)
                  2000a3bc    000000a8                 : prcm.obj (.const:PRCM_PeriphRegsList)
                  2000a464    00000080                 : interrupt.obj (.const)
                  2000a4e4    00000010                 : uart.obj (.const)

.cinit     0    2000a4f8    000000e0     
                  2000a4f8    000000bc     (.cinit..data.load) [load image, compression = rle]
                  2000a5b4    0000000c     (__TI_handler_table)
                  2000a5c0    00000008     (.cinit..bss.load) [load image, compression = zero_init]
                  2000a5c8    00000010     (__TI_cinit_table)

.sysmem    0    20017000    00000800     UNINITIALIZED
                  20017000    00000008     rtsv7M4_T_le_eabi.lib : memory.obj (.sysmem)
                  20017008    000007f8     --HOLE--

.data      0    20017800    00000348     UNINITIALIZED
                  20017800    000000f0     rtsv7M4_T_le_eabi.lib : defs.obj (.data:_ftable)
                  200178f0    000000d0                           : lowlev.obj (.data)
                  200179c0    000000b0                           : signal.obj (.data:sigtable)
                  20017a70    00000080                           : xvalues.obj (.data)
                  20017af0    00000015     Adafruit_GFX.obj (.data)
                  20017b05    00000003     --HOLE--
                  20017b08    00000010     rtsv7M4_T_le_eabi.lib : defs.obj (.data)
                  20017b18    0000000c                           : memory.obj (.data)
                  20017b24    00000008                           : _lock.obj (.data)
                  20017b2c    00000008                           : exit.obj (.data)
                  20017b34    00000008                           : feraiseexcept.obj (.data)
                  20017b3c    00000004                           : errno.obj (.data)
                  20017b40    00000004                           : fopen.obj (.data)
                  20017b44    00000004                           : stkdepth_vars.obj (.data)

.TI.persistent 
*          0    20017800    00000000     UNINITIALIZED

.bss       0    20017b48    000001e8     UNINITIALIZED
                  20017b48    00000120     rtsv7M4_T_le_eabi.lib : trgmsg.obj (.bss:__CIOBUF_)
                  20017c68    000000a0                           : defs.obj (.bss:__TI_tmpnams)
                  20017d08    00000008     (.common:MessageRx)
                  20017d10    00000008     (.common:MessageTx)
                  20017d18    00000008     (.common:bitsequence)
                  20017d20    00000008     (.common:parmbuf)
                  20017d28    00000004     (.common:__Errorlog)
                  20017d2c    00000004     (.common:index)

.TI.noinit 
*          0    20017b48    00000000     UNINITIALIZED

.stack     0    2002ff00    00000100     UNINITIALIZED
                  2002ff00    00000100     --HOLE--


LINKER GENERATED COPY TABLES

__TI_cinit_table @ 2000a5c8 records: 2, size/record: 8, table size: 16
	.data: load addr=2000a4f8, load size=000000bc bytes, run addr=20017800, run size=00000348 bytes, compression=rle
	.bss: load addr=2000a5c0, load size=00000008 bytes, run addr=20017b48, run size=000001e8 bytes, compression=zero_init


LINKER GENERATED HANDLER TABLE

__TI_handler_table @ 2000a5b4 records: 3, size/record: 4, table size: 12
	index: 0, handler: __TI_decompress_rle24
	index: 1, handler: __TI_decompress_none
	index: 2, handler: __TI_zero_init


GLOBAL SYMBOLS: SORTED ALPHABETICALLY BY Name 

address   name                    
-------   ----                    
200068ed  Adafruit_Init           
20009471  C$$EXIT                 
20009107  C$$IO$$                 
20009bc1  CPUcpsie                
20007701  ClearTerm               
20006a63  Color565                
2000770b  Error                   
200095ad  GPIODirModeSet          
20009bd5  GPIOIntClear            
200099c9  GPIOIntDisable          
200099e3  GPIOIntEnable           
20006095  GPIOIntHandler          
200060a5  GPIOIntInit             
200098c1  GPIOIntRegister         
20008e1d  GPIOIntTypeSet          
20009a4b  GPIOPinRead             
20009841  GPIOPinWrite            
20007743  GetCmd                  
20007679  HOSTclock               
20007641  HOSTclose               
20007603  HOSTgetenv              
200075a7  HOSTlseek               
20007555  HOSTopen                
20007509  HOSTread                
200074ab  HOSTrename              
20007471  HOSTtime                
20007439  HOSTunlink              
200073ed  HOSTwrite               
200076c1  InitTerm                
200087b1  IntEnable               
20009ca5  IntMasterEnable         
20009861  IntRegister             
20009be9  IntVTableBaseSet        
200076df  Message                 
20017d08  MessageRx               
20017d10  MessageTx               
20005e53  Outstr                  
20007eb1  PRCMCC3200MCUInit       
20009b3d  PRCMHIBRegRead          
20009b53  PRCMHIBRegWrite         
2000978d  PRCMPeripheralClkDisable
20009535  PRCMPeripheralClkEnable 
20008b6d  PRCMPeripheralClockGet  
2000920d  PRCMPeripheralReset     
20009735  PRCMSysResetCauseGet    
20008c01  PinConfigSet            
200094b5  PinModeSet              
20008859  PinMuxConfig            
20009619  PinTypeGPIO             
200099fd  PinTypeSPI              
20009a17  PinTypeUART             
20007881  Report                  
20009c8b  ResetISR                
UNDEFED   SHT$$INIT_ARRAY$$Base   
UNDEFED   SHT$$INIT_ARRAY$$Limit  
20009a63  SPICSDisable            
20009a7b  SPICSEnable             
20008901  SPIConfigSetExpClk      
20009881  SPIDataGet              
200098df  SPIDataPut              
20009a93  SPIEnable               
20009a31  SPIFIFOEnable           
20005f65  SPIInit                 
200097fd  SPIReset                
20009c4d  SysTickDisable          
20009c5d  SysTickEnable           
20009c6d  SysTickIntEnable        
20009975  SysTickIntRegister      
20009aad  SysTickPeriodSet        
200060c9  SystickIntHandler       
20006121  SystickIntInit          
200077e9  TrimSpace               
20006053  UART1IntInit            
20009b69  UARTCharGet             
20009991  UARTCharGetNonBlocking  
200098fd  UARTCharPut             
20009ac5  UARTCharsAvail          
20008f19  UARTConfigSetExpClk     
20009649  UARTDisable             
200097b5  UARTEnable              
20009b7f  UARTFIFODisable         
20009b95  UARTFIFOEnable          
20009c39  UARTIntClear            
20009add  UARTIntDisable          
20009af5  UARTIntEnable           
2000991b  UARTIntRegister         
20009939  UARTIntStatus           
20009caf  UtilsDelay              
20009761  _Dclass                 
20017a70  _Denorm                 
20008645  _Dnorm                  
20008295  _Dscale                 
20009141  _Dunscale               
20017a80  _Eps                    
20017b3c  _Errno                  
20017b34  _Fenv                   
200096a9  _Feraise                
20017a90  _Hugeval                
20017aa0  _Inf                    
20017ab0  _Nan                    
20017ad0  _Rteps                  
20017ac0  _Snan                   
20017b38  _Tls_setup__Fenv        
20017ae0  _Xbig                   
20017ae8  _Zero                   
20017b48  __CIOBUF_               
20030000  __STACK_END             
00000100  __STACK_SIZE            
00000800  __SYSMEM_SIZE           
2000a5c8  __TI_CINIT_Base         
2000a5d8  __TI_CINIT_Limit        
2000a5b4  __TI_Handler_Table_Base 
2000a5c0  __TI_Handler_Table_Limit
20009001  __TI_auto_init          
20007bfd  __TI_cleanup            
20017b2c  __TI_cleanup_ptr        
20008a3d  __TI_closefile          
20009c7d  __TI_decompress_none    
20009cb5  __TI_decompress_rle24   
2000857d  __TI_doflush            
20017b30  __TI_dtors_ptr          
20017b08  __TI_ft_end             
200051a1  __TI_printfi            
20008765  __TI_rd_ok              
2000910b  __TI_readmsg            
2000a4f8  __TI_static_base__      
20017c68  __TI_tmpnams            
200090d9  __TI_writemsg           
20008703  __TI_wrt_ok             
20009c99  __TI_zero_init          
20008d11  __aeabi_cdcmpeq         
20008d11  __aeabi_cdcmple         
20008d97  __aeabi_cdrcmple        
2000939d  __aeabi_d2iz            
20007d03  __aeabi_dadd            
20008029  __aeabi_ddiv            
200083a5  __aeabi_dmul            
20007cf9  __aeabi_dsub            
200096d9  __aeabi_i2d             
20009957  __aeabi_llsl            
20008e9f  __aeabi_memclr          
20008e9f  __aeabi_memclr4         
20008e9f  __aeabi_memclr8         
200089a1  __aeabi_memcpy          
200089a1  __aeabi_memcpy4         
200089a1  __aeabi_memcpy8         
20008ea1  __aeabi_memset          
20008ea1  __aeabi_memset4         
20008ea1  __aeabi_memset8         
20017b14  __aeabi_stderr          
20017b0c  __aeabi_stdin           
20017b10  __aeabi_stdout          
20007941  __aeabi_uldivmod        
ffffffff  __binit__               
ffffffff  __c_args__              
2002ff00  __stack                 
20009b0d  _args_main              
20009571  _c_int00                
2000a1bb  _ctypes_                
20017800  _ftable                 
20017b24  _lock                   
20009c0b  _nop                    
20009c03  _register_lock          
20009bfd  _register_unlock        
20017000  _sys_memory             
20009cbb  _system_pre_init        
20017b28  _unlock                 
20009475  abort                   
20007341  add_device              
200092bd  atoi                    
ffffffff  binit                   
20017d18  bitsequence             
200070ad  calloc                  
200072f1  close                   
20009309  copy_in                 
20017af0  cursor_x                
20017af4  cursor_y                
20005d07  drawChar                
200054a9  drawCircle              
200055dd  drawCircleHelper        
20006c0d  drawFastHLine           
20006b71  drawFastVLine           
20005823  drawLine                
20006ca9  drawPixel               
2000590f  drawRect                
2000595d  drawRoundRect           
20005ac5  drawTriangle            
2000947d  exit                    
20008aa3  fclose                  
200095e5  feraiseexcept           
200085c9  fflush                  
200056fb  fillCircle              
20005735  fillCircleHelper        
20006abb  fillRect                
20005a4b  fillRoundRect           
20006aa5  fillScreen              
20005b07  fillTriangle            
20007c53  fopen                   
20008ad5  fputc                   
20008161  fputs                   
20006dfb  free                    
20007c29  freopen                 
2000981f  frexp                   
200091a9  fseek                   
20004000  g_pfnVectors            
20006a1f  goTo                    
20005f07  height                  
20017d2c  index                   
20006ce7  invert                  
200093e5  ldexp                   
200072cd  lseek                   
20009265  ltoa                    
20006255  main                    
20017b44  main_func_sp            
20006d93  malloc                  
20006fc9  memalign                
200099ad  memccpy                 
200098a1  memchr                  
200089a1  memcpy                  
200097d9  memmove                 
20008ea7  memset                  
20006d05  minit                   
2000721f  open                    
20008f99  printf                  
20008ad5  putc                    
20008b59  putchar                 
2000826d  puts                    
20009707  raise                   
200071fb  read                    
20006ebd  realloc                 
20005fd5  receiveMessage          
20007171  remove                  
200071d3  remove_device           
20007195  rename                  
20005f97  sendMessage             
20005e9f  setCursor               
20005ed7  setTextColor            
20005eb7  setTextSize             
20005eef  setTextWrap             
200084a1  setvbuf                 
200094f5  signal                  
20009bab  strchr                  
20009b25  strcmp                  
20009c11  strcpy                  
20009c25  strlen                  
20009679  strncpy                 
20017b00  textbgcolor             
20017afc  textcolor               
20017af8  textsize                
20007171  unlink                  
20008c89  vsnprintf               
20005f03  width                   
20017b04  wrap                    
200070e1  write                   
2000688d  writeCommand            
200068bd  writeData               


GLOBAL SYMBOLS: SORTED BY Symbol Address 

address   name                    
-------   ----                    
00000100  __STACK_SIZE            
00000800  __SYSMEM_SIZE           
20004000  g_pfnVectors            
200051a1  __TI_printfi            
200054a9  drawCircle              
200055dd  drawCircleHelper        
200056fb  fillCircle              
20005735  fillCircleHelper        
20005823  drawLine                
2000590f  drawRect                
2000595d  drawRoundRect           
20005a4b  fillRoundRect           
20005ac5  drawTriangle            
20005b07  fillTriangle            
20005d07  drawChar                
20005e53  Outstr                  
20005e9f  setCursor               
20005eb7  setTextSize             
20005ed7  setTextColor            
20005eef  setTextWrap             
20005f03  width                   
20005f07  height                  
20005f65  SPIInit                 
20005f97  sendMessage             
20005fd5  receiveMessage          
20006053  UART1IntInit            
20006095  GPIOIntHandler          
200060a5  GPIOIntInit             
200060c9  SystickIntHandler       
20006121  SystickIntInit          
20006255  main                    
2000688d  writeCommand            
200068bd  writeData               
200068ed  Adafruit_Init           
20006a1f  goTo                    
20006a63  Color565                
20006aa5  fillScreen              
20006abb  fillRect                
20006b71  drawFastVLine           
20006c0d  drawFastHLine           
20006ca9  drawPixel               
20006ce7  invert                  
20006d05  minit                   
20006d93  malloc                  
20006dfb  free                    
20006ebd  realloc                 
20006fc9  memalign                
200070ad  calloc                  
200070e1  write                   
20007171  remove                  
20007171  unlink                  
20007195  rename                  
200071d3  remove_device           
200071fb  read                    
2000721f  open                    
200072cd  lseek                   
200072f1  close                   
20007341  add_device              
200073ed  HOSTwrite               
20007439  HOSTunlink              
20007471  HOSTtime                
200074ab  HOSTrename              
20007509  HOSTread                
20007555  HOSTopen                
200075a7  HOSTlseek               
20007603  HOSTgetenv              
20007641  HOSTclose               
20007679  HOSTclock               
200076c1  InitTerm                
200076df  Message                 
20007701  ClearTerm               
2000770b  Error                   
20007743  GetCmd                  
200077e9  TrimSpace               
20007881  Report                  
20007941  __aeabi_uldivmod        
20007bfd  __TI_cleanup            
20007c29  freopen                 
20007c53  fopen                   
20007cf9  __aeabi_dsub            
20007d03  __aeabi_dadd            
20007eb1  PRCMCC3200MCUInit       
20008029  __aeabi_ddiv            
20008161  fputs                   
2000826d  puts                    
20008295  _Dscale                 
200083a5  __aeabi_dmul            
200084a1  setvbuf                 
2000857d  __TI_doflush            
200085c9  fflush                  
20008645  _Dnorm                  
20008703  __TI_wrt_ok             
20008765  __TI_rd_ok              
200087b1  IntEnable               
20008859  PinMuxConfig            
20008901  SPIConfigSetExpClk      
200089a1  __aeabi_memcpy          
200089a1  __aeabi_memcpy4         
200089a1  __aeabi_memcpy8         
200089a1  memcpy                  
20008a3d  __TI_closefile          
20008aa3  fclose                  
20008ad5  fputc                   
20008ad5  putc                    
20008b59  putchar                 
20008b6d  PRCMPeripheralClockGet  
20008c01  PinConfigSet            
20008c89  vsnprintf               
20008d11  __aeabi_cdcmpeq         
20008d11  __aeabi_cdcmple         
20008d97  __aeabi_cdrcmple        
20008e1d  GPIOIntTypeSet          
20008e9f  __aeabi_memclr          
20008e9f  __aeabi_memclr4         
20008e9f  __aeabi_memclr8         
20008ea1  __aeabi_memset          
20008ea1  __aeabi_memset4         
20008ea1  __aeabi_memset8         
20008ea7  memset                  
20008f19  UARTConfigSetExpClk     
20008f99  printf                  
20009001  __TI_auto_init          
200090d9  __TI_writemsg           
20009107  C$$IO$$                 
2000910b  __TI_readmsg            
20009141  _Dunscale               
200091a9  fseek                   
2000920d  PRCMPeripheralReset     
20009265  ltoa                    
200092bd  atoi                    
20009309  copy_in                 
2000939d  __aeabi_d2iz            
200093e5  ldexp                   
20009471  C$$EXIT                 
20009475  abort                   
2000947d  exit                    
200094b5  PinModeSet              
200094f5  signal                  
20009535  PRCMPeripheralClkEnable 
20009571  _c_int00                
200095ad  GPIODirModeSet          
200095e5  feraiseexcept           
20009619  PinTypeGPIO             
20009649  UARTDisable             
20009679  strncpy                 
200096a9  _Feraise                
200096d9  __aeabi_i2d             
20009707  raise                   
20009735  PRCMSysResetCauseGet    
20009761  _Dclass                 
2000978d  PRCMPeripheralClkDisable
200097b5  UARTEnable              
200097d9  memmove                 
200097fd  SPIReset                
2000981f  frexp                   
20009841  GPIOPinWrite            
20009861  IntRegister             
20009881  SPIDataGet              
200098a1  memchr                  
200098c1  GPIOIntRegister         
200098df  SPIDataPut              
200098fd  UARTCharPut             
2000991b  UARTIntRegister         
20009939  UARTIntStatus           
20009957  __aeabi_llsl            
20009975  SysTickIntRegister      
20009991  UARTCharGetNonBlocking  
200099ad  memccpy                 
200099c9  GPIOIntDisable          
200099e3  GPIOIntEnable           
200099fd  PinTypeSPI              
20009a17  PinTypeUART             
20009a31  SPIFIFOEnable           
20009a4b  GPIOPinRead             
20009a63  SPICSDisable            
20009a7b  SPICSEnable             
20009a93  SPIEnable               
20009aad  SysTickPeriodSet        
20009ac5  UARTCharsAvail          
20009add  UARTIntDisable          
20009af5  UARTIntEnable           
20009b0d  _args_main              
20009b25  strcmp                  
20009b3d  PRCMHIBRegRead          
20009b53  PRCMHIBRegWrite         
20009b69  UARTCharGet             
20009b7f  UARTFIFODisable         
20009b95  UARTFIFOEnable          
20009bab  strchr                  
20009bc1  CPUcpsie                
20009bd5  GPIOIntClear            
20009be9  IntVTableBaseSet        
20009bfd  _register_unlock        
20009c03  _register_lock          
20009c0b  _nop                    
20009c11  strcpy                  
20009c25  strlen                  
20009c39  UARTIntClear            
20009c4d  SysTickDisable          
20009c5d  SysTickEnable           
20009c6d  SysTickIntEnable        
20009c7d  __TI_decompress_none    
20009c8b  ResetISR                
20009c99  __TI_zero_init          
20009ca5  IntMasterEnable         
20009caf  UtilsDelay              
20009cb5  __TI_decompress_rle24   
20009cbb  _system_pre_init        
2000a1bb  _ctypes_                
2000a4f8  __TI_static_base__      
2000a5b4  __TI_Handler_Table_Base 
2000a5c0  __TI_Handler_Table_Limit
2000a5c8  __TI_CINIT_Base         
2000a5d8  __TI_CINIT_Limit        
20017000  _sys_memory             
20017800  _ftable                 
20017a70  _Denorm                 
20017a80  _Eps                    
20017a90  _Hugeval                
20017aa0  _Inf                    
20017ab0  _Nan                    
20017ac0  _Snan                   
20017ad0  _Rteps                  
20017ae0  _Xbig                   
20017ae8  _Zero                   
20017af0  cursor_x                
20017af4  cursor_y                
20017af8  textsize                
20017afc  textcolor               
20017b00  textbgcolor             
20017b04  wrap                    
20017b08  __TI_ft_end             
20017b0c  __aeabi_stdin           
20017b10  __aeabi_stdout          
20017b14  __aeabi_stderr          
20017b24  _lock                   
20017b28  _unlock                 
20017b2c  __TI_cleanup_ptr        
20017b30  __TI_dtors_ptr          
20017b34  _Fenv                   
20017b38  _Tls_setup__Fenv        
20017b3c  _Errno                  
20017b44  main_func_sp            
20017b48  __CIOBUF_               
20017c68  __TI_tmpnams            
20017d08  MessageRx               
20017d10  MessageTx               
20017d18  bitsequence             
20017d2c  index                   
2002ff00  __stack                 
20030000  __STACK_END             
ffffffff  __binit__               
ffffffff  __c_args__              
ffffffff  binit                   
UNDEFED   SHT$$INIT_ARRAY$$Base   
UNDEFED   SHT$$INIT_ARRAY$$Limit  

[256 symbols]
